<!doctype html public "-//w3c//dtd html 4.0 transitional//en">
<html><head>
<title>Static Call Graph - [.\output\Project.axf]</title></head>
<body><HR>
<H1>Static Call Graph for image .\output\Project.axf</H1><HR>
<BR><P>#&#060CALLGRAPH&#062# ARM Linker, 5060750: Last Updated: Fri Apr 09 04:33:24 2021
<BR><P>
<H3>Maximum Stack Usage =        584 bytes + Unknown(Cycles, Untraceable Function Pointers)</H3><H3>
Call chain for Maximum Stack Depth:</H3>
main &rArr; uart2_deal &rArr; esp32_config &rArr; canshu_write_to_Jsonstr &rArr; cJSON_Print &rArr; print &rArr; print_value &rArr; print_number &rArr; __0sscanf &rArr; __vfscanf_char &rArr; __vfscanf &rArr; _scanf_real
<P>
<H3>
Mutually Recursive functions
</H3> <LI><a href="#[1f]">ADC0_1_IRQHandler</a>&nbsp;&nbsp;&nbsp;&rArr;&nbsp;&nbsp;&nbsp;<a href="#[1f]">ADC0_1_IRQHandler</a><BR>
 <LI><a href="#[10c]">print_object</a>&nbsp;&nbsp;&nbsp;&rArr;&nbsp;&nbsp;&nbsp;<a href="#[108]">print_value</a><BR>
 <LI><a href="#[10a]">print_array</a>&nbsp;&nbsp;&nbsp;&rArr;&nbsp;&nbsp;&nbsp;<a href="#[108]">print_value</a><BR>
 <LI><a href="#[c8]">cJSON_Delete</a>&nbsp;&nbsp;&nbsp;&rArr;&nbsp;&nbsp;&nbsp;<a href="#[c8]">cJSON_Delete</a><BR>
 <LI><a href="#[104]">parse_object</a>&nbsp;&nbsp;&nbsp;&rArr;&nbsp;&nbsp;&nbsp;<a href="#[d0]">parse_value</a><BR>
 <LI><a href="#[101]">parse_array</a>&nbsp;&nbsp;&nbsp;&rArr;&nbsp;&nbsp;&nbsp;<a href="#[d0]">parse_value</a><BR>
</UL>
<P>
<H3>
Function Pointers
</H3><UL>
 <LI><a href="#[1f]">ADC0_1_IRQHandler</a> from startup_gd32f30x_cl.o(.text) referenced from startup_gd32f30x_cl.o(RESET)
 <LI><a href="#[7]">BusFault_Handler</a> from gd32f30x_it.o(i.BusFault_Handler) referenced from startup_gd32f30x_cl.o(RESET)
 <LI><a href="#[23]">CAN0_EWMC_IRQHandler</a> from startup_gd32f30x_cl.o(.text) referenced from startup_gd32f30x_cl.o(RESET)
 <LI><a href="#[21]">CAN0_RX0_IRQHandler</a> from startup_gd32f30x_cl.o(.text) referenced from startup_gd32f30x_cl.o(RESET)
 <LI><a href="#[22]">CAN0_RX1_IRQHandler</a> from startup_gd32f30x_cl.o(.text) referenced from startup_gd32f30x_cl.o(RESET)
 <LI><a href="#[20]">CAN0_TX_IRQHandler</a> from startup_gd32f30x_cl.o(.text) referenced from startup_gd32f30x_cl.o(RESET)
 <LI><a href="#[4d]">CAN1_EWMC_IRQHandler</a> from startup_gd32f30x_cl.o(.text) referenced from startup_gd32f30x_cl.o(RESET)
 <LI><a href="#[4b]">CAN1_RX0_IRQHandler</a> from startup_gd32f30x_cl.o(.text) referenced from startup_gd32f30x_cl.o(RESET)
 <LI><a href="#[4c]">CAN1_RX1_IRQHandler</a> from startup_gd32f30x_cl.o(.text) referenced from startup_gd32f30x_cl.o(RESET)
 <LI><a href="#[4a]">CAN1_TX_IRQHandler</a> from startup_gd32f30x_cl.o(.text) referenced from startup_gd32f30x_cl.o(RESET)
 <LI><a href="#[18]">DMA0_Channel0_IRQHandler</a> from startup_gd32f30x_cl.o(.text) referenced from startup_gd32f30x_cl.o(RESET)
 <LI><a href="#[19]">DMA0_Channel1_IRQHandler</a> from startup_gd32f30x_cl.o(.text) referenced from startup_gd32f30x_cl.o(RESET)
 <LI><a href="#[1a]">DMA0_Channel2_IRQHandler</a> from startup_gd32f30x_cl.o(.text) referenced from startup_gd32f30x_cl.o(RESET)
 <LI><a href="#[1b]">DMA0_Channel3_IRQHandler</a> from startup_gd32f30x_cl.o(.text) referenced from startup_gd32f30x_cl.o(RESET)
 <LI><a href="#[1c]">DMA0_Channel4_IRQHandler</a> from startup_gd32f30x_cl.o(.text) referenced from startup_gd32f30x_cl.o(RESET)
 <LI><a href="#[1d]">DMA0_Channel5_IRQHandler</a> from startup_gd32f30x_cl.o(.text) referenced from startup_gd32f30x_cl.o(RESET)
 <LI><a href="#[1e]">DMA0_Channel6_IRQHandler</a> from startup_gd32f30x_cl.o(.text) referenced from startup_gd32f30x_cl.o(RESET)
 <LI><a href="#[43]">DMA1_Channel0_IRQHandler</a> from startup_gd32f30x_cl.o(.text) referenced from startup_gd32f30x_cl.o(RESET)
 <LI><a href="#[44]">DMA1_Channel1_IRQHandler</a> from startup_gd32f30x_cl.o(.text) referenced from startup_gd32f30x_cl.o(RESET)
 <LI><a href="#[45]">DMA1_Channel2_IRQHandler</a> from startup_gd32f30x_cl.o(.text) referenced from startup_gd32f30x_cl.o(RESET)
 <LI><a href="#[46]">DMA1_Channel3_IRQHandler</a> from startup_gd32f30x_cl.o(.text) referenced from startup_gd32f30x_cl.o(RESET)
 <LI><a href="#[47]">DMA1_Channel4_IRQHandler</a> from startup_gd32f30x_cl.o(.text) referenced from startup_gd32f30x_cl.o(RESET)
 <LI><a href="#[a]">DebugMon_Handler</a> from gd32f30x_it.o(i.DebugMon_Handler) referenced from startup_gd32f30x_cl.o(RESET)
 <LI><a href="#[48]">ENET_IRQHandler</a> from startup_gd32f30x_cl.o(.text) referenced from startup_gd32f30x_cl.o(RESET)
 <LI><a href="#[49]">ENET_WKUP_IRQHandler</a> from startup_gd32f30x_cl.o(.text) referenced from startup_gd32f30x_cl.o(RESET)
 <LI><a href="#[3c]">EXMC_IRQHandler</a> from startup_gd32f30x_cl.o(.text) referenced from startup_gd32f30x_cl.o(RESET)
 <LI><a href="#[13]">EXTI0_IRQHandler</a> from startup_gd32f30x_cl.o(.text) referenced from startup_gd32f30x_cl.o(RESET)
 <LI><a href="#[35]">EXTI10_15_IRQHandler</a> from startup_gd32f30x_cl.o(.text) referenced from startup_gd32f30x_cl.o(RESET)
 <LI><a href="#[14]">EXTI1_IRQHandler</a> from startup_gd32f30x_cl.o(.text) referenced from startup_gd32f30x_cl.o(RESET)
 <LI><a href="#[15]">EXTI2_IRQHandler</a> from startup_gd32f30x_cl.o(.text) referenced from startup_gd32f30x_cl.o(RESET)
 <LI><a href="#[16]">EXTI3_IRQHandler</a> from startup_gd32f30x_cl.o(.text) referenced from startup_gd32f30x_cl.o(RESET)
 <LI><a href="#[17]">EXTI4_IRQHandler</a> from startup_gd32f30x_cl.o(.text) referenced from startup_gd32f30x_cl.o(RESET)
 <LI><a href="#[24]">EXTI5_9_IRQHandler</a> from startup_gd32f30x_cl.o(.text) referenced from startup_gd32f30x_cl.o(RESET)
 <LI><a href="#[11]">FMC_IRQHandler</a> from startup_gd32f30x_cl.o(.text) referenced from startup_gd32f30x_cl.o(RESET)
 <LI><a href="#[5]">HardFault_Handler</a> from gd32f30x_it.o(i.HardFault_Handler) referenced from startup_gd32f30x_cl.o(RESET)
 <LI><a href="#[2d]">I2C0_ER_IRQHandler</a> from startup_gd32f30x_cl.o(.text) referenced from startup_gd32f30x_cl.o(RESET)
 <LI><a href="#[2c]">I2C0_EV_IRQHandler</a> from startup_gd32f30x_cl.o(.text) referenced from startup_gd32f30x_cl.o(RESET)
 <LI><a href="#[2f]">I2C1_ER_IRQHandler</a> from startup_gd32f30x_cl.o(.text) referenced from startup_gd32f30x_cl.o(RESET)
 <LI><a href="#[2e]">I2C1_EV_IRQHandler</a> from startup_gd32f30x_cl.o(.text) referenced from startup_gd32f30x_cl.o(RESET)
 <LI><a href="#[e]">LVD_IRQHandler</a> from startup_gd32f30x_cl.o(.text) referenced from startup_gd32f30x_cl.o(RESET)
 <LI><a href="#[6]">MemManage_Handler</a> from gd32f30x_it.o(i.MemManage_Handler) referenced from startup_gd32f30x_cl.o(RESET)
 <LI><a href="#[4]">NMI_Handler</a> from gd32f30x_it.o(i.NMI_Handler) referenced from startup_gd32f30x_cl.o(RESET)
 <LI><a href="#[b]">PendSV_Handler</a> from gd32f30x_it.o(i.PendSV_Handler) referenced from startup_gd32f30x_cl.o(RESET)
 <LI><a href="#[12]">RCU_CTC_IRQHandler</a> from startup_gd32f30x_cl.o(.text) referenced from startup_gd32f30x_cl.o(RESET)
 <LI><a href="#[36]">RTC_Alarm_IRQHandler</a> from startup_gd32f30x_cl.o(.text) referenced from startup_gd32f30x_cl.o(RESET)
 <LI><a href="#[10]">RTC_IRQHandler</a> from startup_gd32f30x_cl.o(.text) referenced from startup_gd32f30x_cl.o(RESET)
 <LI><a href="#[3]">Reset_Handler</a> from startup_gd32f30x_cl.o(.text) referenced from startup_gd32f30x_cl.o(RESET)
 <LI><a href="#[30]">SPI0_IRQHandler</a> from startup_gd32f30x_cl.o(.text) referenced from startup_gd32f30x_cl.o(RESET)
 <LI><a href="#[31]">SPI1_IRQHandler</a> from startup_gd32f30x_cl.o(.text) referenced from startup_gd32f30x_cl.o(RESET)
 <LI><a href="#[3e]">SPI2_IRQHandler</a> from startup_gd32f30x_cl.o(.text) referenced from startup_gd32f30x_cl.o(RESET)
 <LI><a href="#[9]">SVC_Handler</a> from gd32f30x_it.o(i.SVC_Handler) referenced from startup_gd32f30x_cl.o(RESET)
 <LI><a href="#[c]">SysTick_Handler</a> from gd32f30x_it.o(i.SysTick_Handler) referenced from startup_gd32f30x_cl.o(RESET)
 <LI><a href="#[50]">SystemInit</a> from system_gd32f30x.o(i.SystemInit) referenced from startup_gd32f30x_cl.o(.text)
 <LI><a href="#[f]">TAMPER_IRQHandler</a> from startup_gd32f30x_cl.o(.text) referenced from startup_gd32f30x_cl.o(RESET)
 <LI><a href="#[25]">TIMER0_BRK_TIMER8_IRQHandler</a> from startup_gd32f30x_cl.o(.text) referenced from startup_gd32f30x_cl.o(RESET)
 <LI><a href="#[28]">TIMER0_Channel_IRQHandler</a> from startup_gd32f30x_cl.o(.text) referenced from startup_gd32f30x_cl.o(RESET)
 <LI><a href="#[27]">TIMER0_TRG_CMT_TIMER10_IRQHandler</a> from startup_gd32f30x_cl.o(.text) referenced from startup_gd32f30x_cl.o(RESET)
 <LI><a href="#[26]">TIMER0_UP_TIMER9_IRQHandler</a> from gd32f30x_it.o(i.TIMER0_UP_TIMER9_IRQHandler) referenced from startup_gd32f30x_cl.o(RESET)
 <LI><a href="#[29]">TIMER1_IRQHandler</a> from startup_gd32f30x_cl.o(.text) referenced from startup_gd32f30x_cl.o(RESET)
 <LI><a href="#[2a]">TIMER2_IRQHandler</a> from startup_gd32f30x_cl.o(.text) referenced from startup_gd32f30x_cl.o(RESET)
 <LI><a href="#[2b]">TIMER3_IRQHandler</a> from startup_gd32f30x_cl.o(.text) referenced from startup_gd32f30x_cl.o(RESET)
 <LI><a href="#[3d]">TIMER4_IRQHandler</a> from startup_gd32f30x_cl.o(.text) referenced from startup_gd32f30x_cl.o(RESET)
 <LI><a href="#[41]">TIMER5_IRQHandler</a> from startup_gd32f30x_cl.o(.text) referenced from startup_gd32f30x_cl.o(RESET)
 <LI><a href="#[42]">TIMER6_IRQHandler</a> from startup_gd32f30x_cl.o(.text) referenced from startup_gd32f30x_cl.o(RESET)
 <LI><a href="#[38]">TIMER7_BRK_TIMER11_IRQHandler</a> from startup_gd32f30x_cl.o(.text) referenced from startup_gd32f30x_cl.o(RESET)
 <LI><a href="#[3b]">TIMER7_Channel_IRQHandler</a> from startup_gd32f30x_cl.o(.text) referenced from startup_gd32f30x_cl.o(RESET)
 <LI><a href="#[3a]">TIMER7_TRG_CMT_TIMER13_IRQHandler</a> from startup_gd32f30x_cl.o(.text) referenced from startup_gd32f30x_cl.o(RESET)
 <LI><a href="#[39]">TIMER7_UP_TIMER12_IRQHandler</a> from startup_gd32f30x_cl.o(.text) referenced from startup_gd32f30x_cl.o(RESET)
 <LI><a href="#[3f]">UART3_IRQHandler</a> from gd32f30x_it.o(i.UART3_IRQHandler) referenced from startup_gd32f30x_cl.o(RESET)
 <LI><a href="#[40]">UART4_IRQHandler</a> from startup_gd32f30x_cl.o(.text) referenced from startup_gd32f30x_cl.o(RESET)
 <LI><a href="#[32]">USART0_IRQHandler</a> from startup_gd32f30x_cl.o(.text) referenced from startup_gd32f30x_cl.o(RESET)
 <LI><a href="#[33]">USART1_IRQHandler</a> from gd32f30x_it.o(i.USART1_IRQHandler) referenced from startup_gd32f30x_cl.o(RESET)
 <LI><a href="#[34]">USART2_IRQHandler</a> from gd32f30x_it.o(i.USART2_IRQHandler) referenced from startup_gd32f30x_cl.o(RESET)
 <LI><a href="#[4e]">USBFS_IRQHandler</a> from startup_gd32f30x_cl.o(.text) referenced from startup_gd32f30x_cl.o(RESET)
 <LI><a href="#[37]">USBFS_WKUP_IRQHandler</a> from startup_gd32f30x_cl.o(.text) referenced from startup_gd32f30x_cl.o(RESET)
 <LI><a href="#[8]">UsageFault_Handler</a> from gd32f30x_it.o(i.UsageFault_Handler) referenced from startup_gd32f30x_cl.o(RESET)
 <LI><a href="#[d]">WWDGT_IRQHandler</a> from startup_gd32f30x_cl.o(.text) referenced from startup_gd32f30x_cl.o(RESET)
 <LI><a href="#[51]">__main</a> from entry.o(.ARM.Collect$$$$00000000) referenced from startup_gd32f30x_cl.o(.text)
 <LI><a href="#[53]">_sbackspace</a> from _sgetc.o(.text) referenced 2 times from __0sscanf.o(.text)
 <LI><a href="#[54]">_scanf_char_input</a> from scanf_char.o(.text) referenced from scanf_char.o(.text)
 <LI><a href="#[52]">_sgetc</a> from _sgetc.o(.text) referenced 2 times from __0sscanf.o(.text)
 <LI><a href="#[57]">_sputc</a> from printfa.o(i._sputc) referenced from printfa.o(i.__0sprintf)
 <LI><a href="#[56]">fputc</a> from me3630.o(i.fputc) referenced from printfa.o(i.__0printf)
 <LI><a href="#[1]">free</a> from mallocr.o(i.__free$realloc) referenced 2 times from cjson.o(.data)
 <LI><a href="#[1]">free</a> from mallocr.o(i.__free$realloc) referenced from cjson.o(i.cJSON_InitHooks)
 <LI><a href="#[55]">isspace</a> from isspace_c.o(.text) referenced 2 times from scanf_char.o(.text)
 <LI><a href="#[4f]">main</a> from main.o(i.main) referenced from entry9a.o(.ARM.Collect$$$$0000000B)
 <LI><a href="#[0]">malloc</a> from mallocr.o(i.__malloc$realloc) referenced 2 times from cjson.o(.data)
 <LI><a href="#[0]">malloc</a> from mallocr.o(i.__malloc$realloc) referenced from cjson.o(i.cJSON_InitHooks)
 <LI><a href="#[2]">realloc</a> from mallocr.o(i.realloc) referenced 2 times from cjson.o(.data)
 <LI><a href="#[2]">realloc</a> from mallocr.o(i.realloc) referenced from cjson.o(i.cJSON_InitHooks)
</UL>
<P>
<H3>
Global Symbols
</H3>
<P><STRONG><a name="[51]"></a>__main</STRONG> (Thumb, 0 bytes, Stack size unknown bytes, entry.o(.ARM.Collect$$$$00000000))
<BR>[Address Reference Count : 1]<UL><LI> startup_gd32f30x_cl.o(.text)
</UL>
<P><STRONG><a name="[11b]"></a>_main_stk</STRONG> (Thumb, 0 bytes, Stack size unknown bytes, entry2.o(.ARM.Collect$$$$00000001))

<P><STRONG><a name="[58]"></a>_main_scatterload</STRONG> (Thumb, 0 bytes, Stack size unknown bytes, entry5.o(.ARM.Collect$$$$00000004))
<BR><BR>[Calls]<UL><LI><a href="#[59]">&gt;&gt;</a>&nbsp;&nbsp;&nbsp;__scatterload
</UL>

<P><STRONG><a name="[77]"></a>__main_after_scatterload</STRONG> (Thumb, 0 bytes, Stack size unknown bytes, entry5.o(.ARM.Collect$$$$00000004))
<BR><BR>[Called By]<UL><LI><a href="#[59]">&gt;&gt;</a>&nbsp;&nbsp;&nbsp;__scatterload
</UL>

<P><STRONG><a name="[11c]"></a>_main_clock</STRONG> (Thumb, 0 bytes, Stack size unknown bytes, entry7b.o(.ARM.Collect$$$$00000008))

<P><STRONG><a name="[11d]"></a>_main_cpp_init</STRONG> (Thumb, 0 bytes, Stack size unknown bytes, entry8b.o(.ARM.Collect$$$$0000000A))

<P><STRONG><a name="[11e]"></a>_main_init</STRONG> (Thumb, 0 bytes, Stack size unknown bytes, entry9a.o(.ARM.Collect$$$$0000000B))

<P><STRONG><a name="[11f]"></a>__rt_final_cpp</STRONG> (Thumb, 0 bytes, Stack size unknown bytes, entry10a.o(.ARM.Collect$$$$0000000D))

<P><STRONG><a name="[120]"></a>__rt_final_exit</STRONG> (Thumb, 0 bytes, Stack size unknown bytes, entry11a.o(.ARM.Collect$$$$0000000F))

<P><STRONG><a name="[3]"></a>Reset_Handler</STRONG> (Thumb, 8 bytes, Stack size 0 bytes, startup_gd32f30x_cl.o(.text))
<BR>[Address Reference Count : 1]<UL><LI> startup_gd32f30x_cl.o(RESET)
</UL>
<P><STRONG><a name="[1f]"></a>ADC0_1_IRQHandler</STRONG> (Thumb, 0 bytes, Stack size 0 bytes, startup_gd32f30x_cl.o(.text))
<BR><BR>[Calls]<UL><LI><a href="#[1f]">&gt;&gt;</a>&nbsp;&nbsp;&nbsp;ADC0_1_IRQHandler
</UL>
<BR>[Called By]<UL><LI><a href="#[1f]">&gt;&gt;</a>&nbsp;&nbsp;&nbsp;ADC0_1_IRQHandler
</UL>
<BR>[Address Reference Count : 1]<UL><LI> startup_gd32f30x_cl.o(RESET)
</UL>
<P><STRONG><a name="[23]"></a>CAN0_EWMC_IRQHandler</STRONG> (Thumb, 0 bytes, Stack size 0 bytes, startup_gd32f30x_cl.o(.text))
<BR>[Address Reference Count : 1]<UL><LI> startup_gd32f30x_cl.o(RESET)
</UL>
<P><STRONG><a name="[21]"></a>CAN0_RX0_IRQHandler</STRONG> (Thumb, 0 bytes, Stack size 0 bytes, startup_gd32f30x_cl.o(.text))
<BR>[Address Reference Count : 1]<UL><LI> startup_gd32f30x_cl.o(RESET)
</UL>
<P><STRONG><a name="[22]"></a>CAN0_RX1_IRQHandler</STRONG> (Thumb, 0 bytes, Stack size 0 bytes, startup_gd32f30x_cl.o(.text))
<BR>[Address Reference Count : 1]<UL><LI> startup_gd32f30x_cl.o(RESET)
</UL>
<P><STRONG><a name="[20]"></a>CAN0_TX_IRQHandler</STRONG> (Thumb, 0 bytes, Stack size 0 bytes, startup_gd32f30x_cl.o(.text))
<BR>[Address Reference Count : 1]<UL><LI> startup_gd32f30x_cl.o(RESET)
</UL>
<P><STRONG><a name="[4d]"></a>CAN1_EWMC_IRQHandler</STRONG> (Thumb, 0 bytes, Stack size 0 bytes, startup_gd32f30x_cl.o(.text))
<BR>[Address Reference Count : 1]<UL><LI> startup_gd32f30x_cl.o(RESET)
</UL>
<P><STRONG><a name="[4b]"></a>CAN1_RX0_IRQHandler</STRONG> (Thumb, 0 bytes, Stack size 0 bytes, startup_gd32f30x_cl.o(.text))
<BR>[Address Reference Count : 1]<UL><LI> startup_gd32f30x_cl.o(RESET)
</UL>
<P><STRONG><a name="[4c]"></a>CAN1_RX1_IRQHandler</STRONG> (Thumb, 0 bytes, Stack size 0 bytes, startup_gd32f30x_cl.o(.text))
<BR>[Address Reference Count : 1]<UL><LI> startup_gd32f30x_cl.o(RESET)
</UL>
<P><STRONG><a name="[4a]"></a>CAN1_TX_IRQHandler</STRONG> (Thumb, 0 bytes, Stack size 0 bytes, startup_gd32f30x_cl.o(.text))
<BR>[Address Reference Count : 1]<UL><LI> startup_gd32f30x_cl.o(RESET)
</UL>
<P><STRONG><a name="[18]"></a>DMA0_Channel0_IRQHandler</STRONG> (Thumb, 0 bytes, Stack size 0 bytes, startup_gd32f30x_cl.o(.text))
<BR>[Address Reference Count : 1]<UL><LI> startup_gd32f30x_cl.o(RESET)
</UL>
<P><STRONG><a name="[19]"></a>DMA0_Channel1_IRQHandler</STRONG> (Thumb, 0 bytes, Stack size 0 bytes, startup_gd32f30x_cl.o(.text))
<BR>[Address Reference Count : 1]<UL><LI> startup_gd32f30x_cl.o(RESET)
</UL>
<P><STRONG><a name="[1a]"></a>DMA0_Channel2_IRQHandler</STRONG> (Thumb, 0 bytes, Stack size 0 bytes, startup_gd32f30x_cl.o(.text))
<BR>[Address Reference Count : 1]<UL><LI> startup_gd32f30x_cl.o(RESET)
</UL>
<P><STRONG><a name="[1b]"></a>DMA0_Channel3_IRQHandler</STRONG> (Thumb, 0 bytes, Stack size 0 bytes, startup_gd32f30x_cl.o(.text))
<BR>[Address Reference Count : 1]<UL><LI> startup_gd32f30x_cl.o(RESET)
</UL>
<P><STRONG><a name="[1c]"></a>DMA0_Channel4_IRQHandler</STRONG> (Thumb, 0 bytes, Stack size 0 bytes, startup_gd32f30x_cl.o(.text))
<BR>[Address Reference Count : 1]<UL><LI> startup_gd32f30x_cl.o(RESET)
</UL>
<P><STRONG><a name="[1d]"></a>DMA0_Channel5_IRQHandler</STRONG> (Thumb, 0 bytes, Stack size 0 bytes, startup_gd32f30x_cl.o(.text))
<BR>[Address Reference Count : 1]<UL><LI> startup_gd32f30x_cl.o(RESET)
</UL>
<P><STRONG><a name="[1e]"></a>DMA0_Channel6_IRQHandler</STRONG> (Thumb, 0 bytes, Stack size 0 bytes, startup_gd32f30x_cl.o(.text))
<BR>[Address Reference Count : 1]<UL><LI> startup_gd32f30x_cl.o(RESET)
</UL>
<P><STRONG><a name="[43]"></a>DMA1_Channel0_IRQHandler</STRONG> (Thumb, 0 bytes, Stack size 0 bytes, startup_gd32f30x_cl.o(.text))
<BR>[Address Reference Count : 1]<UL><LI> startup_gd32f30x_cl.o(RESET)
</UL>
<P><STRONG><a name="[44]"></a>DMA1_Channel1_IRQHandler</STRONG> (Thumb, 0 bytes, Stack size 0 bytes, startup_gd32f30x_cl.o(.text))
<BR>[Address Reference Count : 1]<UL><LI> startup_gd32f30x_cl.o(RESET)
</UL>
<P><STRONG><a name="[45]"></a>DMA1_Channel2_IRQHandler</STRONG> (Thumb, 0 bytes, Stack size 0 bytes, startup_gd32f30x_cl.o(.text))
<BR>[Address Reference Count : 1]<UL><LI> startup_gd32f30x_cl.o(RESET)
</UL>
<P><STRONG><a name="[46]"></a>DMA1_Channel3_IRQHandler</STRONG> (Thumb, 0 bytes, Stack size 0 bytes, startup_gd32f30x_cl.o(.text))
<BR>[Address Reference Count : 1]<UL><LI> startup_gd32f30x_cl.o(RESET)
</UL>
<P><STRONG><a name="[47]"></a>DMA1_Channel4_IRQHandler</STRONG> (Thumb, 0 bytes, Stack size 0 bytes, startup_gd32f30x_cl.o(.text))
<BR>[Address Reference Count : 1]<UL><LI> startup_gd32f30x_cl.o(RESET)
</UL>
<P><STRONG><a name="[48]"></a>ENET_IRQHandler</STRONG> (Thumb, 0 bytes, Stack size 0 bytes, startup_gd32f30x_cl.o(.text))
<BR>[Address Reference Count : 1]<UL><LI> startup_gd32f30x_cl.o(RESET)
</UL>
<P><STRONG><a name="[49]"></a>ENET_WKUP_IRQHandler</STRONG> (Thumb, 0 bytes, Stack size 0 bytes, startup_gd32f30x_cl.o(.text))
<BR>[Address Reference Count : 1]<UL><LI> startup_gd32f30x_cl.o(RESET)
</UL>
<P><STRONG><a name="[3c]"></a>EXMC_IRQHandler</STRONG> (Thumb, 0 bytes, Stack size 0 bytes, startup_gd32f30x_cl.o(.text))
<BR>[Address Reference Count : 1]<UL><LI> startup_gd32f30x_cl.o(RESET)
</UL>
<P><STRONG><a name="[13]"></a>EXTI0_IRQHandler</STRONG> (Thumb, 0 bytes, Stack size 0 bytes, startup_gd32f30x_cl.o(.text))
<BR>[Address Reference Count : 1]<UL><LI> startup_gd32f30x_cl.o(RESET)
</UL>
<P><STRONG><a name="[35]"></a>EXTI10_15_IRQHandler</STRONG> (Thumb, 0 bytes, Stack size 0 bytes, startup_gd32f30x_cl.o(.text))
<BR>[Address Reference Count : 1]<UL><LI> startup_gd32f30x_cl.o(RESET)
</UL>
<P><STRONG><a name="[14]"></a>EXTI1_IRQHandler</STRONG> (Thumb, 0 bytes, Stack size 0 bytes, startup_gd32f30x_cl.o(.text))
<BR>[Address Reference Count : 1]<UL><LI> startup_gd32f30x_cl.o(RESET)
</UL>
<P><STRONG><a name="[15]"></a>EXTI2_IRQHandler</STRONG> (Thumb, 0 bytes, Stack size 0 bytes, startup_gd32f30x_cl.o(.text))
<BR>[Address Reference Count : 1]<UL><LI> startup_gd32f30x_cl.o(RESET)
</UL>
<P><STRONG><a name="[16]"></a>EXTI3_IRQHandler</STRONG> (Thumb, 0 bytes, Stack size 0 bytes, startup_gd32f30x_cl.o(.text))
<BR>[Address Reference Count : 1]<UL><LI> startup_gd32f30x_cl.o(RESET)
</UL>
<P><STRONG><a name="[17]"></a>EXTI4_IRQHandler</STRONG> (Thumb, 0 bytes, Stack size 0 bytes, startup_gd32f30x_cl.o(.text))
<BR>[Address Reference Count : 1]<UL><LI> startup_gd32f30x_cl.o(RESET)
</UL>
<P><STRONG><a name="[24]"></a>EXTI5_9_IRQHandler</STRONG> (Thumb, 0 bytes, Stack size 0 bytes, startup_gd32f30x_cl.o(.text))
<BR>[Address Reference Count : 1]<UL><LI> startup_gd32f30x_cl.o(RESET)
</UL>
<P><STRONG><a name="[11]"></a>FMC_IRQHandler</STRONG> (Thumb, 0 bytes, Stack size 0 bytes, startup_gd32f30x_cl.o(.text))
<BR>[Address Reference Count : 1]<UL><LI> startup_gd32f30x_cl.o(RESET)
</UL>
<P><STRONG><a name="[2d]"></a>I2C0_ER_IRQHandler</STRONG> (Thumb, 0 bytes, Stack size 0 bytes, startup_gd32f30x_cl.o(.text))
<BR>[Address Reference Count : 1]<UL><LI> startup_gd32f30x_cl.o(RESET)
</UL>
<P><STRONG><a name="[2c]"></a>I2C0_EV_IRQHandler</STRONG> (Thumb, 0 bytes, Stack size 0 bytes, startup_gd32f30x_cl.o(.text))
<BR>[Address Reference Count : 1]<UL><LI> startup_gd32f30x_cl.o(RESET)
</UL>
<P><STRONG><a name="[2f]"></a>I2C1_ER_IRQHandler</STRONG> (Thumb, 0 bytes, Stack size 0 bytes, startup_gd32f30x_cl.o(.text))
<BR>[Address Reference Count : 1]<UL><LI> startup_gd32f30x_cl.o(RESET)
</UL>
<P><STRONG><a name="[2e]"></a>I2C1_EV_IRQHandler</STRONG> (Thumb, 0 bytes, Stack size 0 bytes, startup_gd32f30x_cl.o(.text))
<BR>[Address Reference Count : 1]<UL><LI> startup_gd32f30x_cl.o(RESET)
</UL>
<P><STRONG><a name="[e]"></a>LVD_IRQHandler</STRONG> (Thumb, 0 bytes, Stack size 0 bytes, startup_gd32f30x_cl.o(.text))
<BR>[Address Reference Count : 1]<UL><LI> startup_gd32f30x_cl.o(RESET)
</UL>
<P><STRONG><a name="[12]"></a>RCU_CTC_IRQHandler</STRONG> (Thumb, 0 bytes, Stack size 0 bytes, startup_gd32f30x_cl.o(.text))
<BR>[Address Reference Count : 1]<UL><LI> startup_gd32f30x_cl.o(RESET)
</UL>
<P><STRONG><a name="[36]"></a>RTC_Alarm_IRQHandler</STRONG> (Thumb, 0 bytes, Stack size 0 bytes, startup_gd32f30x_cl.o(.text))
<BR>[Address Reference Count : 1]<UL><LI> startup_gd32f30x_cl.o(RESET)
</UL>
<P><STRONG><a name="[10]"></a>RTC_IRQHandler</STRONG> (Thumb, 0 bytes, Stack size 0 bytes, startup_gd32f30x_cl.o(.text))
<BR>[Address Reference Count : 1]<UL><LI> startup_gd32f30x_cl.o(RESET)
</UL>
<P><STRONG><a name="[30]"></a>SPI0_IRQHandler</STRONG> (Thumb, 0 bytes, Stack size 0 bytes, startup_gd32f30x_cl.o(.text))
<BR>[Address Reference Count : 1]<UL><LI> startup_gd32f30x_cl.o(RESET)
</UL>
<P><STRONG><a name="[31]"></a>SPI1_IRQHandler</STRONG> (Thumb, 0 bytes, Stack size 0 bytes, startup_gd32f30x_cl.o(.text))
<BR>[Address Reference Count : 1]<UL><LI> startup_gd32f30x_cl.o(RESET)
</UL>
<P><STRONG><a name="[3e]"></a>SPI2_IRQHandler</STRONG> (Thumb, 0 bytes, Stack size 0 bytes, startup_gd32f30x_cl.o(.text))
<BR>[Address Reference Count : 1]<UL><LI> startup_gd32f30x_cl.o(RESET)
</UL>
<P><STRONG><a name="[f]"></a>TAMPER_IRQHandler</STRONG> (Thumb, 0 bytes, Stack size 0 bytes, startup_gd32f30x_cl.o(.text))
<BR>[Address Reference Count : 1]<UL><LI> startup_gd32f30x_cl.o(RESET)
</UL>
<P><STRONG><a name="[25]"></a>TIMER0_BRK_TIMER8_IRQHandler</STRONG> (Thumb, 0 bytes, Stack size 0 bytes, startup_gd32f30x_cl.o(.text))
<BR>[Address Reference Count : 1]<UL><LI> startup_gd32f30x_cl.o(RESET)
</UL>
<P><STRONG><a name="[28]"></a>TIMER0_Channel_IRQHandler</STRONG> (Thumb, 0 bytes, Stack size 0 bytes, startup_gd32f30x_cl.o(.text))
<BR>[Address Reference Count : 1]<UL><LI> startup_gd32f30x_cl.o(RESET)
</UL>
<P><STRONG><a name="[27]"></a>TIMER0_TRG_CMT_TIMER10_IRQHandler</STRONG> (Thumb, 0 bytes, Stack size 0 bytes, startup_gd32f30x_cl.o(.text))
<BR>[Address Reference Count : 1]<UL><LI> startup_gd32f30x_cl.o(RESET)
</UL>
<P><STRONG><a name="[29]"></a>TIMER1_IRQHandler</STRONG> (Thumb, 0 bytes, Stack size 0 bytes, startup_gd32f30x_cl.o(.text))
<BR>[Address Reference Count : 1]<UL><LI> startup_gd32f30x_cl.o(RESET)
</UL>
<P><STRONG><a name="[2a]"></a>TIMER2_IRQHandler</STRONG> (Thumb, 0 bytes, Stack size 0 bytes, startup_gd32f30x_cl.o(.text))
<BR>[Address Reference Count : 1]<UL><LI> startup_gd32f30x_cl.o(RESET)
</UL>
<P><STRONG><a name="[2b]"></a>TIMER3_IRQHandler</STRONG> (Thumb, 0 bytes, Stack size 0 bytes, startup_gd32f30x_cl.o(.text))
<BR>[Address Reference Count : 1]<UL><LI> startup_gd32f30x_cl.o(RESET)
</UL>
<P><STRONG><a name="[3d]"></a>TIMER4_IRQHandler</STRONG> (Thumb, 0 bytes, Stack size 0 bytes, startup_gd32f30x_cl.o(.text))
<BR>[Address Reference Count : 1]<UL><LI> startup_gd32f30x_cl.o(RESET)
</UL>
<P><STRONG><a name="[41]"></a>TIMER5_IRQHandler</STRONG> (Thumb, 0 bytes, Stack size 0 bytes, startup_gd32f30x_cl.o(.text))
<BR>[Address Reference Count : 1]<UL><LI> startup_gd32f30x_cl.o(RESET)
</UL>
<P><STRONG><a name="[42]"></a>TIMER6_IRQHandler</STRONG> (Thumb, 0 bytes, Stack size 0 bytes, startup_gd32f30x_cl.o(.text))
<BR>[Address Reference Count : 1]<UL><LI> startup_gd32f30x_cl.o(RESET)
</UL>
<P><STRONG><a name="[38]"></a>TIMER7_BRK_TIMER11_IRQHandler</STRONG> (Thumb, 0 bytes, Stack size 0 bytes, startup_gd32f30x_cl.o(.text))
<BR>[Address Reference Count : 1]<UL><LI> startup_gd32f30x_cl.o(RESET)
</UL>
<P><STRONG><a name="[3b]"></a>TIMER7_Channel_IRQHandler</STRONG> (Thumb, 0 bytes, Stack size 0 bytes, startup_gd32f30x_cl.o(.text))
<BR>[Address Reference Count : 1]<UL><LI> startup_gd32f30x_cl.o(RESET)
</UL>
<P><STRONG><a name="[3a]"></a>TIMER7_TRG_CMT_TIMER13_IRQHandler</STRONG> (Thumb, 0 bytes, Stack size 0 bytes, startup_gd32f30x_cl.o(.text))
<BR>[Address Reference Count : 1]<UL><LI> startup_gd32f30x_cl.o(RESET)
</UL>
<P><STRONG><a name="[39]"></a>TIMER7_UP_TIMER12_IRQHandler</STRONG> (Thumb, 0 bytes, Stack size 0 bytes, startup_gd32f30x_cl.o(.text))
<BR>[Address Reference Count : 1]<UL><LI> startup_gd32f30x_cl.o(RESET)
</UL>
<P><STRONG><a name="[40]"></a>UART4_IRQHandler</STRONG> (Thumb, 0 bytes, Stack size 0 bytes, startup_gd32f30x_cl.o(.text))
<BR>[Address Reference Count : 1]<UL><LI> startup_gd32f30x_cl.o(RESET)
</UL>
<P><STRONG><a name="[32]"></a>USART0_IRQHandler</STRONG> (Thumb, 0 bytes, Stack size 0 bytes, startup_gd32f30x_cl.o(.text))
<BR>[Address Reference Count : 1]<UL><LI> startup_gd32f30x_cl.o(RESET)
</UL>
<P><STRONG><a name="[4e]"></a>USBFS_IRQHandler</STRONG> (Thumb, 0 bytes, Stack size 0 bytes, startup_gd32f30x_cl.o(.text))
<BR>[Address Reference Count : 1]<UL><LI> startup_gd32f30x_cl.o(RESET)
</UL>
<P><STRONG><a name="[37]"></a>USBFS_WKUP_IRQHandler</STRONG> (Thumb, 0 bytes, Stack size 0 bytes, startup_gd32f30x_cl.o(.text))
<BR>[Address Reference Count : 1]<UL><LI> startup_gd32f30x_cl.o(RESET)
</UL>
<P><STRONG><a name="[d]"></a>WWDGT_IRQHandler</STRONG> (Thumb, 0 bytes, Stack size 0 bytes, startup_gd32f30x_cl.o(.text))
<BR>[Address Reference Count : 1]<UL><LI> startup_gd32f30x_cl.o(RESET)
</UL>
<P><STRONG><a name="[5a]"></a>__aeabi_uldivmod</STRONG> (Thumb, 98 bytes, Stack size 40 bytes, uldiv.o(.text), UNUSED)
<BR><BR>[Calls]<UL><LI><a href="#[5b]">&gt;&gt;</a>&nbsp;&nbsp;&nbsp;__aeabi_llsr
<LI><a href="#[5c]">&gt;&gt;</a>&nbsp;&nbsp;&nbsp;__aeabi_llsl
</UL>
<BR>[Called By]<UL><LI><a href="#[b4]">&gt;&gt;</a>&nbsp;&nbsp;&nbsp;_printf_core
<LI><a href="#[b8]">&gt;&gt;</a>&nbsp;&nbsp;&nbsp;_fp_digits
</UL>

<P><STRONG><a name="[d9]"></a>tolower</STRONG> (Thumb, 12 bytes, Stack size 0 bytes, tolower.o(.text))
<BR><BR>[Called By]<UL><LI><a href="#[d8]">&gt;&gt;</a>&nbsp;&nbsp;&nbsp;case_insensitive_strcmp
</UL>

<P><STRONG><a name="[d4]"></a>__aeabi_memcpy</STRONG> (Thumb, 36 bytes, Stack size 0 bytes, memcpya.o(.text))
<BR><BR>[Called By]<UL><LI><a href="#[fe]">&gt;&gt;</a>&nbsp;&nbsp;&nbsp;uart3_deal
<LI><a href="#[d7]">&gt;&gt;</a>&nbsp;&nbsp;&nbsp;canshu_write_to_Jsonstr
<LI><a href="#[108]">&gt;&gt;</a>&nbsp;&nbsp;&nbsp;print_value
<LI><a href="#[10d]">&gt;&gt;</a>&nbsp;&nbsp;&nbsp;print_string_ptr
<LI><a href="#[d3]">&gt;&gt;</a>&nbsp;&nbsp;&nbsp;print
<LI><a href="#[df]">&gt;&gt;</a>&nbsp;&nbsp;&nbsp;ensure
<LI><a href="#[c1]">&gt;&gt;</a>&nbsp;&nbsp;&nbsp;cJSON_strdup
<LI><a href="#[b7]">&gt;&gt;</a>&nbsp;&nbsp;&nbsp;internal_alloc
</UL>

<P><STRONG><a name="[121]"></a>__aeabi_memcpy4</STRONG> (Thumb, 0 bytes, Stack size 0 bytes, memcpya.o(.text), UNUSED)

<P><STRONG><a name="[122]"></a>__aeabi_memcpy8</STRONG> (Thumb, 0 bytes, Stack size 0 bytes, memcpya.o(.text), UNUSED)

<P><STRONG><a name="[5e]"></a>__aeabi_memset</STRONG> (Thumb, 14 bytes, Stack size 0 bytes, memseta.o(.text))
<BR><BR>[Called By]<UL><LI><a href="#[5f]">&gt;&gt;</a>&nbsp;&nbsp;&nbsp;_memset$wrapper
<LI><a href="#[5d]">&gt;&gt;</a>&nbsp;&nbsp;&nbsp;__aeabi_memclr
</UL>

<P><STRONG><a name="[123]"></a>__aeabi_memset4</STRONG> (Thumb, 0 bytes, Stack size 0 bytes, memseta.o(.text), UNUSED)

<P><STRONG><a name="[124]"></a>__aeabi_memset8</STRONG> (Thumb, 0 bytes, Stack size 0 bytes, memseta.o(.text), UNUSED)

<P><STRONG><a name="[5d]"></a>__aeabi_memclr</STRONG> (Thumb, 4 bytes, Stack size 0 bytes, memseta.o(.text))
<BR><BR>[Calls]<UL><LI><a href="#[5e]">&gt;&gt;</a>&nbsp;&nbsp;&nbsp;__aeabi_memset
</UL>
<BR>[Called By]<UL><LI><a href="#[fe]">&gt;&gt;</a>&nbsp;&nbsp;&nbsp;uart3_deal
<LI><a href="#[fd]">&gt;&gt;</a>&nbsp;&nbsp;&nbsp;uart2_deal
<LI><a href="#[e0]">&gt;&gt;</a>&nbsp;&nbsp;&nbsp;esp32_config
</UL>

<P><STRONG><a name="[87]"></a>__aeabi_memclr4</STRONG> (Thumb, 0 bytes, Stack size 0 bytes, memseta.o(.text))
<BR><BR>[Called By]<UL><LI><a href="#[fe]">&gt;&gt;</a>&nbsp;&nbsp;&nbsp;uart3_deal
<LI><a href="#[fd]">&gt;&gt;</a>&nbsp;&nbsp;&nbsp;uart2_deal
<LI><a href="#[84]">&gt;&gt;</a>&nbsp;&nbsp;&nbsp;ME_Solve
<LI><a href="#[86]">&gt;&gt;</a>&nbsp;&nbsp;&nbsp;ME_data_Clear_Cache
<LI><a href="#[cd]">&gt;&gt;</a>&nbsp;&nbsp;&nbsp;cJSON_ParseWithLengthOpts
<LI><a href="#[10b]">&gt;&gt;</a>&nbsp;&nbsp;&nbsp;print_number
<LI><a href="#[d3]">&gt;&gt;</a>&nbsp;&nbsp;&nbsp;print
<LI><a href="#[c4]">&gt;&gt;</a>&nbsp;&nbsp;&nbsp;cJSON_New_Item
</UL>

<P><STRONG><a name="[125]"></a>__aeabi_memclr8</STRONG> (Thumb, 0 bytes, Stack size 0 bytes, memseta.o(.text), UNUSED)

<P><STRONG><a name="[5f]"></a>_memset$wrapper</STRONG> (Thumb, 18 bytes, Stack size 8 bytes, memseta.o(.text), UNUSED)
<BR><BR>[Calls]<UL><LI><a href="#[5e]">&gt;&gt;</a>&nbsp;&nbsp;&nbsp;__aeabi_memset
</UL>

<P><STRONG><a name="[85]"></a>strstr</STRONG> (Thumb, 36 bytes, Stack size 12 bytes, strstr.o(.text))
<BR><BR>[Stack]<UL><LI>Max Depth = 12<LI>Call Chain = strstr
</UL>
<BR>[Called By]<UL><LI><a href="#[84]">&gt;&gt;</a>&nbsp;&nbsp;&nbsp;ME_Solve
</UL>

<P><STRONG><a name="[d1]"></a>strlen</STRONG> (Thumb, 14 bytes, Stack size 0 bytes, strlen.o(.text))
<BR><BR>[Called By]<UL><LI><a href="#[f4]">&gt;&gt;</a>&nbsp;&nbsp;&nbsp;write_to_flash
<LI><a href="#[fe]">&gt;&gt;</a>&nbsp;&nbsp;&nbsp;uart3_deal
<LI><a href="#[fd]">&gt;&gt;</a>&nbsp;&nbsp;&nbsp;uart2_deal
<LI><a href="#[d7]">&gt;&gt;</a>&nbsp;&nbsp;&nbsp;canshu_write_to_Jsonstr
<LI><a href="#[8c]">&gt;&gt;</a>&nbsp;&nbsp;&nbsp;str2str_TX
<LI><a href="#[cc]">&gt;&gt;</a>&nbsp;&nbsp;&nbsp;cJSON_ParseWithOpts
<LI><a href="#[109]">&gt;&gt;</a>&nbsp;&nbsp;&nbsp;update_offset
<LI><a href="#[108]">&gt;&gt;</a>&nbsp;&nbsp;&nbsp;print_value
<LI><a href="#[c1]">&gt;&gt;</a>&nbsp;&nbsp;&nbsp;cJSON_strdup
</UL>

<P><STRONG><a name="[f5]"></a>strcmp</STRONG> (Thumb, 28 bytes, Stack size 8 bytes, strcmp.o(.text))
<BR><BR>[Stack]<UL><LI>Max Depth = 8<LI>Call Chain = strcmp
</UL>
<BR>[Called By]<UL><LI><a href="#[ca]">&gt;&gt;</a>&nbsp;&nbsp;&nbsp;get_object_item
</UL>

<P><STRONG><a name="[88]"></a>strcpy</STRONG> (Thumb, 18 bytes, Stack size 0 bytes, strcpy.o(.text))
<BR><BR>[Called By]<UL><LI><a href="#[fd]">&gt;&gt;</a>&nbsp;&nbsp;&nbsp;uart2_deal
<LI><a href="#[84]">&gt;&gt;</a>&nbsp;&nbsp;&nbsp;ME_Solve
<LI><a href="#[108]">&gt;&gt;</a>&nbsp;&nbsp;&nbsp;print_value
<LI><a href="#[10d]">&gt;&gt;</a>&nbsp;&nbsp;&nbsp;print_string_ptr
</UL>

<P><STRONG><a name="[107]"></a>strncmp</STRONG> (Thumb, 30 bytes, Stack size 12 bytes, strncmp.o(.text))
<BR><BR>[Stack]<UL><LI>Max Depth = 12<LI>Call Chain = strncmp
</UL>
<BR>[Called By]<UL><LI><a href="#[ce]">&gt;&gt;</a>&nbsp;&nbsp;&nbsp;skip_utf8_bom
<LI><a href="#[d0]">&gt;&gt;</a>&nbsp;&nbsp;&nbsp;parse_value
</UL>

<P><STRONG><a name="[60]"></a>__0sscanf</STRONG> (Thumb, 48 bytes, Stack size 72 bytes, __0sscanf.o(.text))
<BR><BR>[Stack]<UL><LI>Max Depth = 264<LI>Call Chain = __0sscanf &rArr; __vfscanf_char &rArr; __vfscanf &rArr; _scanf_real
</UL>
<BR>[Calls]<UL><LI><a href="#[61]">&gt;&gt;</a>&nbsp;&nbsp;&nbsp;__vfscanf_char
</UL>
<BR>[Called By]<UL><LI><a href="#[10b]">&gt;&gt;</a>&nbsp;&nbsp;&nbsp;print_number
</UL>

<P><STRONG><a name="[73]"></a>_scanf_real</STRONG> (Thumb, 0 bytes, Stack size 104 bytes, scanf_fp.o(.text))
<BR><BR>[Stack]<UL><LI>Max Depth = 104<LI>Call Chain = _scanf_real
</UL>
<BR>[Called By]<UL><LI><a href="#[71]">&gt;&gt;</a>&nbsp;&nbsp;&nbsp;__vfscanf
<LI><a href="#[72]">&gt;&gt;</a>&nbsp;&nbsp;&nbsp;_local_sscanf
</UL>

<P><STRONG><a name="[66]"></a>_scanf_really_real</STRONG> (Thumb, 556 bytes, Stack size 104 bytes, scanf_fp.o(.text), UNUSED)
<BR><BR>[Calls]<UL><LI><a href="#[68]">&gt;&gt;</a>&nbsp;&nbsp;&nbsp;__aeabi_d2f
<LI><a href="#[67]">&gt;&gt;</a>&nbsp;&nbsp;&nbsp;_is_digit
<LI><a href="#[62]">&gt;&gt;</a>&nbsp;&nbsp;&nbsp;_fp_value
</UL>

<P><STRONG><a name="[69]"></a>__aeabi_dadd</STRONG> (Thumb, 322 bytes, Stack size 48 bytes, dadd.o(.text))
<BR><BR>[Stack]<UL><LI>Max Depth = 88<LI>Call Chain = __aeabi_dadd &rArr; _double_epilogue &rArr; _double_round
</UL>
<BR>[Calls]<UL><LI><a href="#[6a]">&gt;&gt;</a>&nbsp;&nbsp;&nbsp;__aeabi_lasr
<LI><a href="#[5c]">&gt;&gt;</a>&nbsp;&nbsp;&nbsp;__aeabi_llsl
<LI><a href="#[6c]">&gt;&gt;</a>&nbsp;&nbsp;&nbsp;_double_round
<LI><a href="#[6b]">&gt;&gt;</a>&nbsp;&nbsp;&nbsp;_double_epilogue
</UL>
<BR>[Called By]<UL><LI><a href="#[6d]">&gt;&gt;</a>&nbsp;&nbsp;&nbsp;__aeabi_dsub
<LI><a href="#[6e]">&gt;&gt;</a>&nbsp;&nbsp;&nbsp;__aeabi_drsub
<LI><a href="#[b8]">&gt;&gt;</a>&nbsp;&nbsp;&nbsp;_fp_digits
</UL>

<P><STRONG><a name="[6d]"></a>__aeabi_dsub</STRONG> (Thumb, 6 bytes, Stack size 0 bytes, dadd.o(.text))
<BR><BR>[Stack]<UL><LI>Max Depth = 88<LI>Call Chain = __aeabi_dsub &rArr; __aeabi_dadd &rArr; _double_epilogue &rArr; _double_round
</UL>
<BR>[Calls]<UL><LI><a href="#[69]">&gt;&gt;</a>&nbsp;&nbsp;&nbsp;__aeabi_dadd
</UL>
<BR>[Called By]<UL><LI><a href="#[da]">&gt;&gt;</a>&nbsp;&nbsp;&nbsp;compare_double
</UL>

<P><STRONG><a name="[6e]"></a>__aeabi_drsub</STRONG> (Thumb, 6 bytes, Stack size 0 bytes, dadd.o(.text), UNUSED)
<BR><BR>[Calls]<UL><LI><a href="#[69]">&gt;&gt;</a>&nbsp;&nbsp;&nbsp;__aeabi_dadd
</UL>

<P><STRONG><a name="[64]"></a>__aeabi_dmul</STRONG> (Thumb, 228 bytes, Stack size 48 bytes, dmul.o(.text))
<BR><BR>[Stack]<UL><LI>Max Depth = 88<LI>Call Chain = __aeabi_dmul &rArr; _double_epilogue &rArr; _double_round
</UL>
<BR>[Calls]<UL><LI><a href="#[6b]">&gt;&gt;</a>&nbsp;&nbsp;&nbsp;_double_epilogue
</UL>
<BR>[Called By]<UL><LI><a href="#[da]">&gt;&gt;</a>&nbsp;&nbsp;&nbsp;compare_double
<LI><a href="#[62]">&gt;&gt;</a>&nbsp;&nbsp;&nbsp;_fp_value
<LI><a href="#[b8]">&gt;&gt;</a>&nbsp;&nbsp;&nbsp;_fp_digits
</UL>

<P><STRONG><a name="[6f]"></a>__aeabi_ui2d</STRONG> (Thumb, 26 bytes, Stack size 16 bytes, dfltui.o(.text))
<BR><BR>[Stack]<UL><LI>Max Depth = 56<LI>Call Chain = __aeabi_ui2d &rArr; _double_epilogue &rArr; _double_round
</UL>
<BR>[Calls]<UL><LI><a href="#[6b]">&gt;&gt;</a>&nbsp;&nbsp;&nbsp;_double_epilogue
</UL>
<BR>[Called By]<UL><LI><a href="#[d7]">&gt;&gt;</a>&nbsp;&nbsp;&nbsp;canshu_write_to_Jsonstr
</UL>

<P><STRONG><a name="[70]"></a>__aeabi_d2iz</STRONG> (Thumb, 62 bytes, Stack size 16 bytes, dfixi.o(.text))
<BR><BR>[Stack]<UL><LI>Max Depth = 16<LI>Call Chain = __aeabi_d2iz
</UL>
<BR>[Calls]<UL><LI><a href="#[5b]">&gt;&gt;</a>&nbsp;&nbsp;&nbsp;__aeabi_llsr
</UL>
<BR>[Called By]<UL><LI><a href="#[c3]">&gt;&gt;</a>&nbsp;&nbsp;&nbsp;cJSON_CreateNumber
<LI><a href="#[102]">&gt;&gt;</a>&nbsp;&nbsp;&nbsp;parse_number
</UL>

<P><STRONG><a name="[126]"></a>__aeabi_cdcmpeq</STRONG> (Thumb, 0 bytes, Stack size 0 bytes, cdcmple.o(.text), UNUSED)

<P><STRONG><a name="[c5]"></a>__aeabi_cdcmple</STRONG> (Thumb, 48 bytes, Stack size 0 bytes, cdcmple.o(.text))
<BR><BR>[Called By]<UL><LI><a href="#[c3]">&gt;&gt;</a>&nbsp;&nbsp;&nbsp;cJSON_CreateNumber
<LI><a href="#[102]">&gt;&gt;</a>&nbsp;&nbsp;&nbsp;parse_number
<LI><a href="#[da]">&gt;&gt;</a>&nbsp;&nbsp;&nbsp;compare_double
</UL>

<P><STRONG><a name="[b9]"></a>__aeabi_cdrcmple</STRONG> (Thumb, 48 bytes, Stack size 0 bytes, cdrcmple.o(.text))
<BR><BR>[Called By]<UL><LI><a href="#[c3]">&gt;&gt;</a>&nbsp;&nbsp;&nbsp;cJSON_CreateNumber
<LI><a href="#[102]">&gt;&gt;</a>&nbsp;&nbsp;&nbsp;parse_number
<LI><a href="#[da]">&gt;&gt;</a>&nbsp;&nbsp;&nbsp;compare_double
<LI><a href="#[b8]">&gt;&gt;</a>&nbsp;&nbsp;&nbsp;_fp_digits
</UL>

<P><STRONG><a name="[127]"></a>__aeabi_uidiv</STRONG> (Thumb, 0 bytes, Stack size 12 bytes, uidiv.o(.text), UNUSED)

<P><STRONG><a name="[bc]"></a>__aeabi_uidivmod</STRONG> (Thumb, 44 bytes, Stack size 12 bytes, uidiv.o(.text), UNUSED)
<BR><BR>[Called By]<UL><LI><a href="#[b4]">&gt;&gt;</a>&nbsp;&nbsp;&nbsp;_printf_core
</UL>

<P><STRONG><a name="[5c]"></a>__aeabi_llsl</STRONG> (Thumb, 30 bytes, Stack size 0 bytes, llshl.o(.text))
<BR><BR>[Called By]<UL><LI><a href="#[5a]">&gt;&gt;</a>&nbsp;&nbsp;&nbsp;__aeabi_uldivmod
<LI><a href="#[6b]">&gt;&gt;</a>&nbsp;&nbsp;&nbsp;_double_epilogue
<LI><a href="#[69]">&gt;&gt;</a>&nbsp;&nbsp;&nbsp;__aeabi_dadd
<LI><a href="#[75]">&gt;&gt;</a>&nbsp;&nbsp;&nbsp;__aeabi_d2ulz
</UL>

<P><STRONG><a name="[128]"></a>_ll_shift_l</STRONG> (Thumb, 0 bytes, Stack size 0 bytes, llshl.o(.text), UNUSED)

<P><STRONG><a name="[5b]"></a>__aeabi_llsr</STRONG> (Thumb, 32 bytes, Stack size 0 bytes, llushr.o(.text))
<BR><BR>[Called By]<UL><LI><a href="#[5a]">&gt;&gt;</a>&nbsp;&nbsp;&nbsp;__aeabi_uldivmod
<LI><a href="#[70]">&gt;&gt;</a>&nbsp;&nbsp;&nbsp;__aeabi_d2iz
<LI><a href="#[6b]">&gt;&gt;</a>&nbsp;&nbsp;&nbsp;_double_epilogue
<LI><a href="#[75]">&gt;&gt;</a>&nbsp;&nbsp;&nbsp;__aeabi_d2ulz
</UL>

<P><STRONG><a name="[129]"></a>_ll_ushift_r</STRONG> (Thumb, 0 bytes, Stack size 0 bytes, llushr.o(.text), UNUSED)

<P><STRONG><a name="[6a]"></a>__aeabi_lasr</STRONG> (Thumb, 36 bytes, Stack size 0 bytes, llsshr.o(.text))
<BR><BR>[Called By]<UL><LI><a href="#[69]">&gt;&gt;</a>&nbsp;&nbsp;&nbsp;__aeabi_dadd
</UL>

<P><STRONG><a name="[12a]"></a>_ll_sshift_r</STRONG> (Thumb, 0 bytes, Stack size 0 bytes, llsshr.o(.text), UNUSED)

<P><STRONG><a name="[61]"></a>__vfscanf_char</STRONG> (Thumb, 20 bytes, Stack size 0 bytes, scanf_char.o(.text))
<BR><BR>[Stack]<UL><LI>Max Depth = 192<LI>Call Chain = __vfscanf_char &rArr; __vfscanf &rArr; _scanf_real
</UL>
<BR>[Calls]<UL><LI><a href="#[71]">&gt;&gt;</a>&nbsp;&nbsp;&nbsp;__vfscanf
</UL>
<BR>[Called By]<UL><LI><a href="#[60]">&gt;&gt;</a>&nbsp;&nbsp;&nbsp;__0sscanf
</UL>

<P><STRONG><a name="[52]"></a>_sgetc</STRONG> (Thumb, 30 bytes, Stack size 0 bytes, _sgetc.o(.text))
<BR>[Address Reference Count : 2]<UL><LI> __0sscanf.o(.text)
<LI> strtod.o(.text)
</UL>
<P><STRONG><a name="[53]"></a>_sbackspace</STRONG> (Thumb, 34 bytes, Stack size 0 bytes, _sgetc.o(.text))
<BR>[Address Reference Count : 2]<UL><LI> __0sscanf.o(.text)
<LI> strtod.o(.text)
</UL>
<P><STRONG><a name="[74]"></a>__strtod_int</STRONG> (Thumb, 90 bytes, Stack size 40 bytes, strtod.o(.text))
<BR><BR>[Stack]<UL><LI>Max Depth = 200<LI>Call Chain = __strtod_int &rArr; _local_sscanf &rArr; _scanf_real
</UL>
<BR>[Calls]<UL><LI><a href="#[72]">&gt;&gt;</a>&nbsp;&nbsp;&nbsp;_local_sscanf
</UL>
<BR>[Called By]<UL><LI><a href="#[b6]">&gt;&gt;</a>&nbsp;&nbsp;&nbsp;__hardfp_strtod
</UL>

<P><STRONG><a name="[12b]"></a>__I$use$fp</STRONG> (Thumb, 0 bytes, Stack size 8 bytes, iusefp.o(.text), UNUSED)

<P><STRONG><a name="[6c]"></a>_double_round</STRONG> (Thumb, 30 bytes, Stack size 8 bytes, depilogue.o(.text))
<BR><BR>[Stack]<UL><LI>Max Depth = 8<LI>Call Chain = _double_round
</UL>
<BR>[Called By]<UL><LI><a href="#[6b]">&gt;&gt;</a>&nbsp;&nbsp;&nbsp;_double_epilogue
<LI><a href="#[65]">&gt;&gt;</a>&nbsp;&nbsp;&nbsp;__aeabi_ddiv
<LI><a href="#[69]">&gt;&gt;</a>&nbsp;&nbsp;&nbsp;__aeabi_dadd
</UL>

<P><STRONG><a name="[6b]"></a>_double_epilogue</STRONG> (Thumb, 156 bytes, Stack size 32 bytes, depilogue.o(.text))
<BR><BR>[Stack]<UL><LI>Max Depth = 40<LI>Call Chain = _double_epilogue &rArr; _double_round
</UL>
<BR>[Calls]<UL><LI><a href="#[5b]">&gt;&gt;</a>&nbsp;&nbsp;&nbsp;__aeabi_llsr
<LI><a href="#[5c]">&gt;&gt;</a>&nbsp;&nbsp;&nbsp;__aeabi_llsl
<LI><a href="#[6c]">&gt;&gt;</a>&nbsp;&nbsp;&nbsp;_double_round
</UL>
<BR>[Called By]<UL><LI><a href="#[6f]">&gt;&gt;</a>&nbsp;&nbsp;&nbsp;__aeabi_ui2d
<LI><a href="#[64]">&gt;&gt;</a>&nbsp;&nbsp;&nbsp;__aeabi_dmul
<LI><a href="#[63]">&gt;&gt;</a>&nbsp;&nbsp;&nbsp;__aeabi_ul2d
<LI><a href="#[69]">&gt;&gt;</a>&nbsp;&nbsp;&nbsp;__aeabi_dadd
</UL>

<P><STRONG><a name="[65]"></a>__aeabi_ddiv</STRONG> (Thumb, 222 bytes, Stack size 32 bytes, ddiv.o(.text), UNUSED)
<BR><BR>[Calls]<UL><LI><a href="#[6c]">&gt;&gt;</a>&nbsp;&nbsp;&nbsp;_double_round
</UL>
<BR>[Called By]<UL><LI><a href="#[62]">&gt;&gt;</a>&nbsp;&nbsp;&nbsp;_fp_value
<LI><a href="#[b8]">&gt;&gt;</a>&nbsp;&nbsp;&nbsp;_fp_digits
</UL>

<P><STRONG><a name="[63]"></a>__aeabi_ul2d</STRONG> (Thumb, 24 bytes, Stack size 16 bytes, dfltul.o(.text), UNUSED)
<BR><BR>[Calls]<UL><LI><a href="#[6b]">&gt;&gt;</a>&nbsp;&nbsp;&nbsp;_double_epilogue
</UL>
<BR>[Called By]<UL><LI><a href="#[62]">&gt;&gt;</a>&nbsp;&nbsp;&nbsp;_fp_value
</UL>

<P><STRONG><a name="[75]"></a>__aeabi_d2ulz</STRONG> (Thumb, 48 bytes, Stack size 0 bytes, dfixul.o(.text), UNUSED)
<BR><BR>[Calls]<UL><LI><a href="#[5b]">&gt;&gt;</a>&nbsp;&nbsp;&nbsp;__aeabi_llsr
<LI><a href="#[5c]">&gt;&gt;</a>&nbsp;&nbsp;&nbsp;__aeabi_llsl
</UL>
<BR>[Called By]<UL><LI><a href="#[b8]">&gt;&gt;</a>&nbsp;&nbsp;&nbsp;_fp_digits
</UL>

<P><STRONG><a name="[68]"></a>__aeabi_d2f</STRONG> (Thumb, 56 bytes, Stack size 8 bytes, d2f.o(.text), UNUSED)
<BR><BR>[Calls]<UL><LI><a href="#[76]">&gt;&gt;</a>&nbsp;&nbsp;&nbsp;_float_round
</UL>
<BR>[Called By]<UL><LI><a href="#[66]">&gt;&gt;</a>&nbsp;&nbsp;&nbsp;_scanf_really_real
</UL>

<P><STRONG><a name="[59]"></a>__scatterload</STRONG> (Thumb, 28 bytes, Stack size 0 bytes, init.o(.text))
<BR><BR>[Calls]<UL><LI><a href="#[77]">&gt;&gt;</a>&nbsp;&nbsp;&nbsp;__main_after_scatterload
</UL>
<BR>[Called By]<UL><LI><a href="#[58]">&gt;&gt;</a>&nbsp;&nbsp;&nbsp;_main_scatterload
</UL>

<P><STRONG><a name="[12c]"></a>__scatterload_rt2</STRONG> (Thumb, 0 bytes, Stack size 0 bytes, init.o(.text), UNUSED)

<P><STRONG><a name="[55]"></a>isspace</STRONG> (Thumb, 10 bytes, Stack size 0 bytes, isspace_c.o(.text))
<BR><BR>[Calls]<UL><LI><a href="#[78]">&gt;&gt;</a>&nbsp;&nbsp;&nbsp;__ctype_lookup
</UL>
<BR>[Address Reference Count : 2]<UL><LI> scanf_char.o(.text)
<LI> strtod.o(.text)
</UL>
<P><STRONG><a name="[71]"></a>__vfscanf</STRONG> (Thumb, 808 bytes, Stack size 88 bytes, _scanf.o(.text))
<BR><BR>[Stack]<UL><LI>Max Depth = 192<LI>Call Chain = __vfscanf &rArr; _scanf_real
</UL>
<BR>[Calls]<UL><LI><a href="#[73]">&gt;&gt;</a>&nbsp;&nbsp;&nbsp;_scanf_real
</UL>
<BR>[Called By]<UL><LI><a href="#[61]">&gt;&gt;</a>&nbsp;&nbsp;&nbsp;__vfscanf_char
</UL>

<P><STRONG><a name="[76]"></a>_float_round</STRONG> (Thumb, 18 bytes, Stack size 0 bytes, fepilogue.o(.text), UNUSED)
<BR><BR>[Called By]<UL><LI><a href="#[68]">&gt;&gt;</a>&nbsp;&nbsp;&nbsp;__aeabi_d2f
</UL>

<P><STRONG><a name="[12d]"></a>_float_epilogue</STRONG> (Thumb, 92 bytes, Stack size 4 bytes, fepilogue.o(.text), UNUSED)

<P><STRONG><a name="[78]"></a>__ctype_lookup</STRONG> (Thumb, 34 bytes, Stack size 0 bytes, ctype_c.o(.text))
<BR><BR>[Called By]<UL><LI><a href="#[55]">&gt;&gt;</a>&nbsp;&nbsp;&nbsp;isspace
</UL>

<P><STRONG><a name="[12e]"></a>__decompress</STRONG> (Thumb, 0 bytes, Stack size unknown bytes, __dczerorl2.o(.text), UNUSED)

<P><STRONG><a name="[12f]"></a>__decompress1</STRONG> (Thumb, 86 bytes, Stack size unknown bytes, __dczerorl2.o(.text), UNUSED)

<P><STRONG><a name="[7]"></a>BusFault_Handler</STRONG> (Thumb, 4 bytes, Stack size 0 bytes, gd32f30x_it.o(i.BusFault_Handler))
<BR>[Address Reference Count : 1]<UL><LI> startup_gd32f30x_cl.o(RESET)
</UL>
<P><STRONG><a name="[a]"></a>DebugMon_Handler</STRONG> (Thumb, 2 bytes, Stack size 0 bytes, gd32f30x_it.o(i.DebugMon_Handler))
<BR>[Address Reference Count : 1]<UL><LI> startup_gd32f30x_cl.o(RESET)
</UL>
<P><STRONG><a name="[79]"></a>Detect_Gateway</STRONG> (Thumb, 182 bytes, Stack size 16 bytes, w5500.o(i.Detect_Gateway))
<BR><BR>[Stack]<UL><LI>Max Depth = 56<LI>Call Chain = Detect_Gateway &rArr; Write_W5500_SOCK_4Byte &rArr; SPI1_Send_Short &rArr; SPI1_Send_Byte
</UL>
<BR>[Calls]<UL><LI><a href="#[7a]">&gt;&gt;</a>&nbsp;&nbsp;&nbsp;Write_W5500_SOCK_4Byte
<LI><a href="#[7b]">&gt;&gt;</a>&nbsp;&nbsp;&nbsp;Write_W5500_SOCK_1Byte
<LI><a href="#[7c]">&gt;&gt;</a>&nbsp;&nbsp;&nbsp;Read_W5500_SOCK_1Byte
</UL>
<BR>[Called By]<UL><LI><a href="#[ae]">&gt;&gt;</a>&nbsp;&nbsp;&nbsp;W5500_Initialization
</UL>

<P><STRONG><a name="[7e]"></a>FLASH_ReadHalfWord</STRONG> (Thumb, 6 bytes, Stack size 0 bytes, flash.o(i.FLASH_ReadHalfWord))
<BR><BR>[Called By]<UL><LI><a href="#[7d]">&gt;&gt;</a>&nbsp;&nbsp;&nbsp;FLASH_ReadMoreData
</UL>

<P><STRONG><a name="[7d]"></a>FLASH_ReadMoreData</STRONG> (Thumb, 34 bytes, Stack size 12 bytes, flash.o(i.FLASH_ReadMoreData))
<BR><BR>[Stack]<UL><LI>Max Depth = 12<LI>Call Chain = FLASH_ReadMoreData
</UL>
<BR>[Calls]<UL><LI><a href="#[7e]">&gt;&gt;</a>&nbsp;&nbsp;&nbsp;FLASH_ReadHalfWord
</UL>
<BR>[Called By]<UL><LI><a href="#[e1]">&gt;&gt;</a>&nbsp;&nbsp;&nbsp;read_from_flash
</UL>

<P><STRONG><a name="[7f]"></a>FLASH_WriteMoreData</STRONG> (Thumb, 88 bytes, Stack size 32 bytes, flash.o(i.FLASH_WriteMoreData))
<BR><BR>[Stack]<UL><LI>Max Depth = 52<LI>Call Chain = FLASH_WriteMoreData &rArr; fmc_halfword_program &rArr; fmc_bank1_ready_wait
</UL>
<BR>[Calls]<UL><LI><a href="#[81]">&gt;&gt;</a>&nbsp;&nbsp;&nbsp;fmc_page_erase
<LI><a href="#[82]">&gt;&gt;</a>&nbsp;&nbsp;&nbsp;fmc_halfword_program
<LI><a href="#[80]">&gt;&gt;</a>&nbsp;&nbsp;&nbsp;fmc_bank0_unlock
<LI><a href="#[83]">&gt;&gt;</a>&nbsp;&nbsp;&nbsp;fmc_bank0_lock
</UL>
<BR>[Called By]<UL><LI><a href="#[f4]">&gt;&gt;</a>&nbsp;&nbsp;&nbsp;write_to_flash
</UL>

<P><STRONG><a name="[5]"></a>HardFault_Handler</STRONG> (Thumb, 4 bytes, Stack size 0 bytes, gd32f30x_it.o(i.HardFault_Handler))
<BR>[Address Reference Count : 1]<UL><LI> startup_gd32f30x_cl.o(RESET)
</UL>
<P><STRONG><a name="[fb]"></a>Load_Net_Parameters</STRONG> (Thumb, 346 bytes, Stack size 0 bytes, w5500.o(i.Load_Net_Parameters))
<BR><BR>[Called By]<UL><LI><a href="#[4f]">&gt;&gt;</a>&nbsp;&nbsp;&nbsp;main
</UL>

<P><STRONG><a name="[84]"></a>ME_Solve</STRONG> (Thumb, 334 bytes, Stack size 8 bytes, me3630.o(i.ME_Solve))
<BR><BR>[Stack]<UL><LI>Max Depth = 24<LI>Call Chain = ME_Solve &rArr; usart2_sendstr &rArr; usart_flag_get
</UL>
<BR>[Calls]<UL><LI><a href="#[86]">&gt;&gt;</a>&nbsp;&nbsp;&nbsp;ME_data_Clear_Cache
<LI><a href="#[89]">&gt;&gt;</a>&nbsp;&nbsp;&nbsp;usart2_sendstr
<LI><a href="#[88]">&gt;&gt;</a>&nbsp;&nbsp;&nbsp;strcpy
<LI><a href="#[85]">&gt;&gt;</a>&nbsp;&nbsp;&nbsp;strstr
<LI><a href="#[87]">&gt;&gt;</a>&nbsp;&nbsp;&nbsp;__aeabi_memclr4
</UL>
<BR>[Called By]<UL><LI><a href="#[4f]">&gt;&gt;</a>&nbsp;&nbsp;&nbsp;main
</UL>

<P><STRONG><a name="[8a]"></a>ME_TCP_CONNECT</STRONG> (Thumb, 334 bytes, Stack size 8 bytes, me3630.o(i.ME_TCP_CONNECT))
<BR><BR>[Stack]<UL><LI>Max Depth = 40<LI>Call Chain = ME_TCP_CONNECT &rArr; ME_TCP_TX &rArr; __2printf
</UL>
<BR>[Calls]<UL><LI><a href="#[8c]">&gt;&gt;</a>&nbsp;&nbsp;&nbsp;str2str_TX
<LI><a href="#[8d]">&gt;&gt;</a>&nbsp;&nbsp;&nbsp;ME_TCP_TX
<LI><a href="#[8b]">&gt;&gt;</a>&nbsp;&nbsp;&nbsp;__2printf
</UL>
<BR>[Called By]<UL><LI><a href="#[4f]">&gt;&gt;</a>&nbsp;&nbsp;&nbsp;main
</UL>

<P><STRONG><a name="[8d]"></a>ME_TCP_TX</STRONG> (Thumb, 18 bytes, Stack size 8 bytes, me3630.o(i.ME_TCP_TX))
<BR><BR>[Stack]<UL><LI>Max Depth = 32<LI>Call Chain = ME_TCP_TX &rArr; __2printf
</UL>
<BR>[Calls]<UL><LI><a href="#[8b]">&gt;&gt;</a>&nbsp;&nbsp;&nbsp;__2printf
</UL>
<BR>[Called By]<UL><LI><a href="#[fe]">&gt;&gt;</a>&nbsp;&nbsp;&nbsp;uart3_deal
<LI><a href="#[fd]">&gt;&gt;</a>&nbsp;&nbsp;&nbsp;uart2_deal
<LI><a href="#[8a]">&gt;&gt;</a>&nbsp;&nbsp;&nbsp;ME_TCP_CONNECT
</UL>

<P><STRONG><a name="[86]"></a>ME_data_Clear_Cache</STRONG> (Thumb, 20 bytes, Stack size 8 bytes, me3630.o(i.ME_data_Clear_Cache))
<BR><BR>[Stack]<UL><LI>Max Depth = 8<LI>Call Chain = ME_data_Clear_Cache
</UL>
<BR>[Calls]<UL><LI><a href="#[87]">&gt;&gt;</a>&nbsp;&nbsp;&nbsp;__aeabi_memclr4
</UL>
<BR>[Called By]<UL><LI><a href="#[84]">&gt;&gt;</a>&nbsp;&nbsp;&nbsp;ME_Solve
</UL>

<P><STRONG><a name="[6]"></a>MemManage_Handler</STRONG> (Thumb, 4 bytes, Stack size 0 bytes, gd32f30x_it.o(i.MemManage_Handler))
<BR>[Address Reference Count : 1]<UL><LI> startup_gd32f30x_cl.o(RESET)
</UL>
<P><STRONG><a name="[4]"></a>NMI_Handler</STRONG> (Thumb, 2 bytes, Stack size 0 bytes, gd32f30x_it.o(i.NMI_Handler))
<BR>[Address Reference Count : 1]<UL><LI> startup_gd32f30x_cl.o(RESET)
</UL>
<P><STRONG><a name="[b]"></a>PendSV_Handler</STRONG> (Thumb, 2 bytes, Stack size 0 bytes, gd32f30x_it.o(i.PendSV_Handler))
<BR>[Address Reference Count : 1]<UL><LI> startup_gd32f30x_cl.o(RESET)
</UL>
<P><STRONG><a name="[8e]"></a>Process_Socket_Data</STRONG> (Thumb, 22 bytes, Stack size 16 bytes, w5500.o(i.Process_Socket_Data))
<BR><BR>[Stack]<UL><LI>Max Depth = 88<LI>Call Chain = Process_Socket_Data &rArr; Read_SOCK_Data_Buffer &rArr; Write_W5500_SOCK_2Byte &rArr; SPI1_Send_Short &rArr; SPI1_Send_Byte
</UL>
<BR>[Calls]<UL><LI><a href="#[89]">&gt;&gt;</a>&nbsp;&nbsp;&nbsp;usart2_sendstr
<LI><a href="#[8f]">&gt;&gt;</a>&nbsp;&nbsp;&nbsp;Read_SOCK_Data_Buffer
</UL>
<BR>[Called By]<UL><LI><a href="#[b1]">&gt;&gt;</a>&nbsp;&nbsp;&nbsp;WEB
</UL>

<P><STRONG><a name="[8f]"></a>Read_SOCK_Data_Buffer</STRONG> (Thumb, 296 bytes, Stack size 32 bytes, w5500.o(i.Read_SOCK_Data_Buffer))
<BR><BR>[Stack]<UL><LI>Max Depth = 72<LI>Call Chain = Read_SOCK_Data_Buffer &rArr; Write_W5500_SOCK_2Byte &rArr; SPI1_Send_Short &rArr; SPI1_Send_Byte
</UL>
<BR>[Calls]<UL><LI><a href="#[95]">&gt;&gt;</a>&nbsp;&nbsp;&nbsp;gpio_bit_set
<LI><a href="#[91]">&gt;&gt;</a>&nbsp;&nbsp;&nbsp;gpio_bit_reset
<LI><a href="#[94]">&gt;&gt;</a>&nbsp;&nbsp;&nbsp;spi_i2s_data_receive
<LI><a href="#[96]">&gt;&gt;</a>&nbsp;&nbsp;&nbsp;Write_W5500_SOCK_2Byte
<LI><a href="#[7b]">&gt;&gt;</a>&nbsp;&nbsp;&nbsp;Write_W5500_SOCK_1Byte
<LI><a href="#[92]">&gt;&gt;</a>&nbsp;&nbsp;&nbsp;SPI1_Send_Short
<LI><a href="#[93]">&gt;&gt;</a>&nbsp;&nbsp;&nbsp;SPI1_Send_Byte
<LI><a href="#[90]">&gt;&gt;</a>&nbsp;&nbsp;&nbsp;Read_W5500_SOCK_2Byte
</UL>
<BR>[Called By]<UL><LI><a href="#[8e]">&gt;&gt;</a>&nbsp;&nbsp;&nbsp;Process_Socket_Data
</UL>

<P><STRONG><a name="[97]"></a>Read_W5500_1Byte</STRONG> (Thumb, 62 bytes, Stack size 16 bytes, w5500.o(i.Read_W5500_1Byte))
<BR><BR>[Stack]<UL><LI>Max Depth = 40<LI>Call Chain = Read_W5500_1Byte &rArr; SPI1_Send_Short &rArr; SPI1_Send_Byte
</UL>
<BR>[Calls]<UL><LI><a href="#[95]">&gt;&gt;</a>&nbsp;&nbsp;&nbsp;gpio_bit_set
<LI><a href="#[91]">&gt;&gt;</a>&nbsp;&nbsp;&nbsp;gpio_bit_reset
<LI><a href="#[94]">&gt;&gt;</a>&nbsp;&nbsp;&nbsp;spi_i2s_data_receive
<LI><a href="#[92]">&gt;&gt;</a>&nbsp;&nbsp;&nbsp;SPI1_Send_Short
<LI><a href="#[93]">&gt;&gt;</a>&nbsp;&nbsp;&nbsp;SPI1_Send_Byte
</UL>
<BR>[Called By]<UL><LI><a href="#[af]">&gt;&gt;</a>&nbsp;&nbsp;&nbsp;W5500_Interrupt_Process
</UL>

<P><STRONG><a name="[7c]"></a>Read_W5500_SOCK_1Byte</STRONG> (Thumb, 74 bytes, Stack size 16 bytes, w5500.o(i.Read_W5500_SOCK_1Byte))
<BR><BR>[Stack]<UL><LI>Max Depth = 40<LI>Call Chain = Read_W5500_SOCK_1Byte &rArr; SPI1_Send_Short &rArr; SPI1_Send_Byte
</UL>
<BR>[Calls]<UL><LI><a href="#[95]">&gt;&gt;</a>&nbsp;&nbsp;&nbsp;gpio_bit_set
<LI><a href="#[91]">&gt;&gt;</a>&nbsp;&nbsp;&nbsp;gpio_bit_reset
<LI><a href="#[94]">&gt;&gt;</a>&nbsp;&nbsp;&nbsp;spi_i2s_data_receive
<LI><a href="#[92]">&gt;&gt;</a>&nbsp;&nbsp;&nbsp;SPI1_Send_Short
<LI><a href="#[93]">&gt;&gt;</a>&nbsp;&nbsp;&nbsp;SPI1_Send_Byte
</UL>
<BR>[Called By]<UL><LI><a href="#[b2]">&gt;&gt;</a>&nbsp;&nbsp;&nbsp;Write_SOCK_Data_Buffer
<LI><a href="#[af]">&gt;&gt;</a>&nbsp;&nbsp;&nbsp;W5500_Interrupt_Process
<LI><a href="#[9d]">&gt;&gt;</a>&nbsp;&nbsp;&nbsp;Socket_UDP
<LI><a href="#[9c]">&gt;&gt;</a>&nbsp;&nbsp;&nbsp;Socket_Listen
<LI><a href="#[9a]">&gt;&gt;</a>&nbsp;&nbsp;&nbsp;Socket_Connect
<LI><a href="#[79]">&gt;&gt;</a>&nbsp;&nbsp;&nbsp;Detect_Gateway
</UL>

<P><STRONG><a name="[90]"></a>Read_W5500_SOCK_2Byte</STRONG> (Thumb, 98 bytes, Stack size 16 bytes, w5500.o(i.Read_W5500_SOCK_2Byte))
<BR><BR>[Stack]<UL><LI>Max Depth = 40<LI>Call Chain = Read_W5500_SOCK_2Byte &rArr; SPI1_Send_Short &rArr; SPI1_Send_Byte
</UL>
<BR>[Calls]<UL><LI><a href="#[95]">&gt;&gt;</a>&nbsp;&nbsp;&nbsp;gpio_bit_set
<LI><a href="#[91]">&gt;&gt;</a>&nbsp;&nbsp;&nbsp;gpio_bit_reset
<LI><a href="#[94]">&gt;&gt;</a>&nbsp;&nbsp;&nbsp;spi_i2s_data_receive
<LI><a href="#[92]">&gt;&gt;</a>&nbsp;&nbsp;&nbsp;SPI1_Send_Short
<LI><a href="#[93]">&gt;&gt;</a>&nbsp;&nbsp;&nbsp;SPI1_Send_Byte
</UL>
<BR>[Called By]<UL><LI><a href="#[b2]">&gt;&gt;</a>&nbsp;&nbsp;&nbsp;Write_SOCK_Data_Buffer
<LI><a href="#[8f]">&gt;&gt;</a>&nbsp;&nbsp;&nbsp;Read_SOCK_Data_Buffer
</UL>

<P><STRONG><a name="[93]"></a>SPI1_Send_Byte</STRONG> (Thumb, 50 bytes, Stack size 8 bytes, w5500.o(i.SPI1_Send_Byte))
<BR><BR>[Stack]<UL><LI>Max Depth = 8<LI>Call Chain = SPI1_Send_Byte
</UL>
<BR>[Calls]<UL><LI><a href="#[98]">&gt;&gt;</a>&nbsp;&nbsp;&nbsp;spi_i2s_flag_get
<LI><a href="#[99]">&gt;&gt;</a>&nbsp;&nbsp;&nbsp;spi_i2s_data_transmit
<LI><a href="#[94]">&gt;&gt;</a>&nbsp;&nbsp;&nbsp;spi_i2s_data_receive
</UL>
<BR>[Called By]<UL><LI><a href="#[ac]">&gt;&gt;</a>&nbsp;&nbsp;&nbsp;Write_W5500_nByte
<LI><a href="#[7a]">&gt;&gt;</a>&nbsp;&nbsp;&nbsp;Write_W5500_SOCK_4Byte
<LI><a href="#[96]">&gt;&gt;</a>&nbsp;&nbsp;&nbsp;Write_W5500_SOCK_2Byte
<LI><a href="#[7b]">&gt;&gt;</a>&nbsp;&nbsp;&nbsp;Write_W5500_SOCK_1Byte
<LI><a href="#[ad]">&gt;&gt;</a>&nbsp;&nbsp;&nbsp;Write_W5500_2Byte
<LI><a href="#[ab]">&gt;&gt;</a>&nbsp;&nbsp;&nbsp;Write_W5500_1Byte
<LI><a href="#[b2]">&gt;&gt;</a>&nbsp;&nbsp;&nbsp;Write_SOCK_Data_Buffer
<LI><a href="#[92]">&gt;&gt;</a>&nbsp;&nbsp;&nbsp;SPI1_Send_Short
<LI><a href="#[90]">&gt;&gt;</a>&nbsp;&nbsp;&nbsp;Read_W5500_SOCK_2Byte
<LI><a href="#[7c]">&gt;&gt;</a>&nbsp;&nbsp;&nbsp;Read_W5500_SOCK_1Byte
<LI><a href="#[97]">&gt;&gt;</a>&nbsp;&nbsp;&nbsp;Read_W5500_1Byte
<LI><a href="#[8f]">&gt;&gt;</a>&nbsp;&nbsp;&nbsp;Read_SOCK_Data_Buffer
</UL>

<P><STRONG><a name="[92]"></a>SPI1_Send_Short</STRONG> (Thumb, 28 bytes, Stack size 16 bytes, w5500.o(i.SPI1_Send_Short))
<BR><BR>[Stack]<UL><LI>Max Depth = 24<LI>Call Chain = SPI1_Send_Short &rArr; SPI1_Send_Byte
</UL>
<BR>[Calls]<UL><LI><a href="#[93]">&gt;&gt;</a>&nbsp;&nbsp;&nbsp;SPI1_Send_Byte
</UL>
<BR>[Called By]<UL><LI><a href="#[ac]">&gt;&gt;</a>&nbsp;&nbsp;&nbsp;Write_W5500_nByte
<LI><a href="#[7a]">&gt;&gt;</a>&nbsp;&nbsp;&nbsp;Write_W5500_SOCK_4Byte
<LI><a href="#[96]">&gt;&gt;</a>&nbsp;&nbsp;&nbsp;Write_W5500_SOCK_2Byte
<LI><a href="#[7b]">&gt;&gt;</a>&nbsp;&nbsp;&nbsp;Write_W5500_SOCK_1Byte
<LI><a href="#[ad]">&gt;&gt;</a>&nbsp;&nbsp;&nbsp;Write_W5500_2Byte
<LI><a href="#[ab]">&gt;&gt;</a>&nbsp;&nbsp;&nbsp;Write_W5500_1Byte
<LI><a href="#[b2]">&gt;&gt;</a>&nbsp;&nbsp;&nbsp;Write_SOCK_Data_Buffer
<LI><a href="#[90]">&gt;&gt;</a>&nbsp;&nbsp;&nbsp;Read_W5500_SOCK_2Byte
<LI><a href="#[7c]">&gt;&gt;</a>&nbsp;&nbsp;&nbsp;Read_W5500_SOCK_1Byte
<LI><a href="#[97]">&gt;&gt;</a>&nbsp;&nbsp;&nbsp;Read_W5500_1Byte
<LI><a href="#[8f]">&gt;&gt;</a>&nbsp;&nbsp;&nbsp;Read_SOCK_Data_Buffer
</UL>

<P><STRONG><a name="[9]"></a>SVC_Handler</STRONG> (Thumb, 2 bytes, Stack size 0 bytes, gd32f30x_it.o(i.SVC_Handler))
<BR>[Address Reference Count : 1]<UL><LI> startup_gd32f30x_cl.o(RESET)
</UL>
<P><STRONG><a name="[9a]"></a>Socket_Connect</STRONG> (Thumb, 64 bytes, Stack size 8 bytes, w5500.o(i.Socket_Connect))
<BR><BR>[Stack]<UL><LI>Max Depth = 48<LI>Call Chain = Socket_Connect &rArr; Write_W5500_SOCK_1Byte &rArr; SPI1_Send_Short &rArr; SPI1_Send_Byte
</UL>
<BR>[Calls]<UL><LI><a href="#[7b]">&gt;&gt;</a>&nbsp;&nbsp;&nbsp;Write_W5500_SOCK_1Byte
<LI><a href="#[7c]">&gt;&gt;</a>&nbsp;&nbsp;&nbsp;Read_W5500_SOCK_1Byte
</UL>
<BR>[Called By]<UL><LI><a href="#[b0]">&gt;&gt;</a>&nbsp;&nbsp;&nbsp;W5500_Socket_Set
</UL>

<P><STRONG><a name="[9b]"></a>Socket_Init</STRONG> (Thumb, 204 bytes, Stack size 8 bytes, w5500.o(i.Socket_Init))
<BR><BR>[Stack]<UL><LI>Max Depth = 48<LI>Call Chain = Socket_Init &rArr; Write_W5500_SOCK_4Byte &rArr; SPI1_Send_Short &rArr; SPI1_Send_Byte
</UL>
<BR>[Calls]<UL><LI><a href="#[7a]">&gt;&gt;</a>&nbsp;&nbsp;&nbsp;Write_W5500_SOCK_4Byte
<LI><a href="#[96]">&gt;&gt;</a>&nbsp;&nbsp;&nbsp;Write_W5500_SOCK_2Byte
</UL>
<BR>[Called By]<UL><LI><a href="#[ae]">&gt;&gt;</a>&nbsp;&nbsp;&nbsp;W5500_Initialization
<LI><a href="#[af]">&gt;&gt;</a>&nbsp;&nbsp;&nbsp;W5500_Interrupt_Process
</UL>

<P><STRONG><a name="[9c]"></a>Socket_Listen</STRONG> (Thumb, 90 bytes, Stack size 8 bytes, w5500.o(i.Socket_Listen))
<BR><BR>[Stack]<UL><LI>Max Depth = 48<LI>Call Chain = Socket_Listen &rArr; Write_W5500_SOCK_1Byte &rArr; SPI1_Send_Short &rArr; SPI1_Send_Byte
</UL>
<BR>[Calls]<UL><LI><a href="#[7b]">&gt;&gt;</a>&nbsp;&nbsp;&nbsp;Write_W5500_SOCK_1Byte
<LI><a href="#[7c]">&gt;&gt;</a>&nbsp;&nbsp;&nbsp;Read_W5500_SOCK_1Byte
</UL>
<BR>[Called By]<UL><LI><a href="#[b0]">&gt;&gt;</a>&nbsp;&nbsp;&nbsp;W5500_Socket_Set
</UL>

<P><STRONG><a name="[9d]"></a>Socket_UDP</STRONG> (Thumb, 54 bytes, Stack size 8 bytes, w5500.o(i.Socket_UDP))
<BR><BR>[Stack]<UL><LI>Max Depth = 48<LI>Call Chain = Socket_UDP &rArr; Write_W5500_SOCK_1Byte &rArr; SPI1_Send_Short &rArr; SPI1_Send_Byte
</UL>
<BR>[Calls]<UL><LI><a href="#[7b]">&gt;&gt;</a>&nbsp;&nbsp;&nbsp;Write_W5500_SOCK_1Byte
<LI><a href="#[7c]">&gt;&gt;</a>&nbsp;&nbsp;&nbsp;Read_W5500_SOCK_1Byte
</UL>
<BR>[Called By]<UL><LI><a href="#[b0]">&gt;&gt;</a>&nbsp;&nbsp;&nbsp;W5500_Socket_Set
</UL>

<P><STRONG><a name="[c]"></a>SysTick_Handler</STRONG> (Thumb, 8 bytes, Stack size 8 bytes, gd32f30x_it.o(i.SysTick_Handler))
<BR><BR>[Stack]<UL><LI>Max Depth = 8<LI>Call Chain = SysTick_Handler
</UL>
<BR>[Calls]<UL><LI><a href="#[9e]">&gt;&gt;</a>&nbsp;&nbsp;&nbsp;delay_decrement
</UL>
<BR>[Address Reference Count : 1]<UL><LI> startup_gd32f30x_cl.o(RESET)
</UL>
<P><STRONG><a name="[50]"></a>SystemInit</STRONG> (Thumb, 100 bytes, Stack size 8 bytes, system_gd32f30x.o(i.SystemInit))
<BR><BR>[Stack]<UL><LI>Max Depth = 16<LI>Call Chain = SystemInit &rArr; system_clock_config
</UL>
<BR>[Calls]<UL><LI><a href="#[9f]">&gt;&gt;</a>&nbsp;&nbsp;&nbsp;system_clock_config
</UL>
<BR>[Address Reference Count : 1]<UL><LI> startup_gd32f30x_cl.o(.text)
</UL>
<P><STRONG><a name="[26]"></a>TIMER0_UP_TIMER9_IRQHandler</STRONG> (Thumb, 256 bytes, Stack size 8 bytes, gd32f30x_it.o(i.TIMER0_UP_TIMER9_IRQHandler))
<BR><BR>[Stack]<UL><LI>Max Depth = 8<LI>Call Chain = TIMER0_UP_TIMER9_IRQHandler
</UL>
<BR>[Calls]<UL><LI><a href="#[a0]">&gt;&gt;</a>&nbsp;&nbsp;&nbsp;timer_interrupt_flag_get
<LI><a href="#[a1]">&gt;&gt;</a>&nbsp;&nbsp;&nbsp;timer_interrupt_flag_clear
</UL>
<BR>[Address Reference Count : 1]<UL><LI> startup_gd32f30x_cl.o(RESET)
</UL>
<P><STRONG><a name="[3f]"></a>UART3_IRQHandler</STRONG> (Thumb, 74 bytes, Stack size 8 bytes, gd32f30x_it.o(i.UART3_IRQHandler))
<BR><BR>[Stack]<UL><LI>Max Depth = 24<LI>Call Chain = UART3_IRQHandler &rArr; usart_interrupt_flag_get
</UL>
<BR>[Calls]<UL><LI><a href="#[a2]">&gt;&gt;</a>&nbsp;&nbsp;&nbsp;usart_interrupt_flag_get
<LI><a href="#[a3]">&gt;&gt;</a>&nbsp;&nbsp;&nbsp;usart_data_receive
</UL>
<BR>[Address Reference Count : 1]<UL><LI> startup_gd32f30x_cl.o(RESET)
</UL>
<P><STRONG><a name="[33]"></a>USART1_IRQHandler</STRONG> (Thumb, 68 bytes, Stack size 8 bytes, gd32f30x_it.o(i.USART1_IRQHandler))
<BR><BR>[Stack]<UL><LI>Max Depth = 24<LI>Call Chain = USART1_IRQHandler &rArr; usart_interrupt_flag_get
</UL>
<BR>[Calls]<UL><LI><a href="#[a2]">&gt;&gt;</a>&nbsp;&nbsp;&nbsp;usart_interrupt_flag_get
<LI><a href="#[a3]">&gt;&gt;</a>&nbsp;&nbsp;&nbsp;usart_data_receive
</UL>
<BR>[Address Reference Count : 1]<UL><LI> startup_gd32f30x_cl.o(RESET)
</UL>
<P><STRONG><a name="[34]"></a>USART2_IRQHandler</STRONG> (Thumb, 74 bytes, Stack size 8 bytes, gd32f30x_it.o(i.USART2_IRQHandler))
<BR><BR>[Stack]<UL><LI>Max Depth = 24<LI>Call Chain = USART2_IRQHandler &rArr; usart_interrupt_flag_get
</UL>
<BR>[Calls]<UL><LI><a href="#[a2]">&gt;&gt;</a>&nbsp;&nbsp;&nbsp;usart_interrupt_flag_get
<LI><a href="#[a3]">&gt;&gt;</a>&nbsp;&nbsp;&nbsp;usart_data_receive
</UL>
<BR>[Address Reference Count : 1]<UL><LI> startup_gd32f30x_cl.o(RESET)
</UL>
<P><STRONG><a name="[8]"></a>UsageFault_Handler</STRONG> (Thumb, 4 bytes, Stack size 0 bytes, gd32f30x_it.o(i.UsageFault_Handler))
<BR>[Address Reference Count : 1]<UL><LI> startup_gd32f30x_cl.o(RESET)
</UL>
<P><STRONG><a name="[a4]"></a>W5500_GPIO_Configuration</STRONG> (Thumb, 128 bytes, Stack size 32 bytes, w5500.o(i.W5500_GPIO_Configuration))
<BR><BR>[Stack]<UL><LI>Max Depth = 52<LI>Call Chain = W5500_GPIO_Configuration &rArr; gpio_init
</UL>
<BR>[Calls]<UL><LI><a href="#[a6]">&gt;&gt;</a>&nbsp;&nbsp;&nbsp;gpio_init
<LI><a href="#[95]">&gt;&gt;</a>&nbsp;&nbsp;&nbsp;gpio_bit_set
<LI><a href="#[a7]">&gt;&gt;</a>&nbsp;&nbsp;&nbsp;spi_init
<LI><a href="#[a9]">&gt;&gt;</a>&nbsp;&nbsp;&nbsp;spi_enable
<LI><a href="#[a8]">&gt;&gt;</a>&nbsp;&nbsp;&nbsp;spi_crc_polynomial_set
<LI><a href="#[a5]">&gt;&gt;</a>&nbsp;&nbsp;&nbsp;rcu_periph_clock_enable
</UL>
<BR>[Called By]<UL><LI><a href="#[4f]">&gt;&gt;</a>&nbsp;&nbsp;&nbsp;main
</UL>

<P><STRONG><a name="[aa]"></a>W5500_Init</STRONG> (Thumb, 104 bytes, Stack size 8 bytes, w5500.o(i.W5500_Init))
<BR><BR>[Stack]<UL><LI>Max Depth = 56<LI>Call Chain = W5500_Init &rArr; Write_W5500_nByte &rArr; SPI1_Send_Short &rArr; SPI1_Send_Byte
</UL>
<BR>[Calls]<UL><LI><a href="#[ac]">&gt;&gt;</a>&nbsp;&nbsp;&nbsp;Write_W5500_nByte
<LI><a href="#[7b]">&gt;&gt;</a>&nbsp;&nbsp;&nbsp;Write_W5500_SOCK_1Byte
<LI><a href="#[ad]">&gt;&gt;</a>&nbsp;&nbsp;&nbsp;Write_W5500_2Byte
<LI><a href="#[ab]">&gt;&gt;</a>&nbsp;&nbsp;&nbsp;Write_W5500_1Byte
</UL>
<BR>[Called By]<UL><LI><a href="#[ae]">&gt;&gt;</a>&nbsp;&nbsp;&nbsp;W5500_Initialization
</UL>

<P><STRONG><a name="[ae]"></a>W5500_Initialization</STRONG> (Thumb, 48 bytes, Stack size 8 bytes, w5500.o(i.W5500_Initialization))
<BR><BR>[Stack]<UL><LI>Max Depth = 64<LI>Call Chain = W5500_Initialization &rArr; W5500_Init &rArr; Write_W5500_nByte &rArr; SPI1_Send_Short &rArr; SPI1_Send_Byte
</UL>
<BR>[Calls]<UL><LI><a href="#[aa]">&gt;&gt;</a>&nbsp;&nbsp;&nbsp;W5500_Init
<LI><a href="#[9b]">&gt;&gt;</a>&nbsp;&nbsp;&nbsp;Socket_Init
<LI><a href="#[79]">&gt;&gt;</a>&nbsp;&nbsp;&nbsp;Detect_Gateway
</UL>
<BR>[Called By]<UL><LI><a href="#[4f]">&gt;&gt;</a>&nbsp;&nbsp;&nbsp;main
</UL>

<P><STRONG><a name="[af]"></a>W5500_Interrupt_Process</STRONG> (Thumb, 156 bytes, Stack size 16 bytes, w5500.o(i.W5500_Interrupt_Process))
<BR><BR>[Stack]<UL><LI>Max Depth = 64<LI>Call Chain = W5500_Interrupt_Process &rArr; Socket_Init &rArr; Write_W5500_SOCK_4Byte &rArr; SPI1_Send_Short &rArr; SPI1_Send_Byte
</UL>
<BR>[Calls]<UL><LI><a href="#[7b]">&gt;&gt;</a>&nbsp;&nbsp;&nbsp;Write_W5500_SOCK_1Byte
<LI><a href="#[9b]">&gt;&gt;</a>&nbsp;&nbsp;&nbsp;Socket_Init
<LI><a href="#[7c]">&gt;&gt;</a>&nbsp;&nbsp;&nbsp;Read_W5500_SOCK_1Byte
<LI><a href="#[97]">&gt;&gt;</a>&nbsp;&nbsp;&nbsp;Read_W5500_1Byte
</UL>
<BR>[Called By]<UL><LI><a href="#[b1]">&gt;&gt;</a>&nbsp;&nbsp;&nbsp;WEB
</UL>

<P><STRONG><a name="[b0]"></a>W5500_Socket_Set</STRONG> (Thumb, 578 bytes, Stack size 8 bytes, w5500.o(i.W5500_Socket_Set))
<BR><BR>[Stack]<UL><LI>Max Depth = 56<LI>Call Chain = W5500_Socket_Set &rArr; Socket_UDP &rArr; Write_W5500_SOCK_1Byte &rArr; SPI1_Send_Short &rArr; SPI1_Send_Byte
</UL>
<BR>[Calls]<UL><LI><a href="#[9d]">&gt;&gt;</a>&nbsp;&nbsp;&nbsp;Socket_UDP
<LI><a href="#[9c]">&gt;&gt;</a>&nbsp;&nbsp;&nbsp;Socket_Listen
<LI><a href="#[9a]">&gt;&gt;</a>&nbsp;&nbsp;&nbsp;Socket_Connect
</UL>
<BR>[Called By]<UL><LI><a href="#[b1]">&gt;&gt;</a>&nbsp;&nbsp;&nbsp;WEB
</UL>

<P><STRONG><a name="[b1]"></a>WEB</STRONG> (Thumb, 454 bytes, Stack size 8 bytes, w5500.o(i.WEB))
<BR><BR>[Stack]<UL><LI>Max Depth = 96<LI>Call Chain = WEB &rArr; Process_Socket_Data &rArr; Read_SOCK_Data_Buffer &rArr; Write_W5500_SOCK_2Byte &rArr; SPI1_Send_Short &rArr; SPI1_Send_Byte
</UL>
<BR>[Calls]<UL><LI><a href="#[b2]">&gt;&gt;</a>&nbsp;&nbsp;&nbsp;Write_SOCK_Data_Buffer
<LI><a href="#[b0]">&gt;&gt;</a>&nbsp;&nbsp;&nbsp;W5500_Socket_Set
<LI><a href="#[af]">&gt;&gt;</a>&nbsp;&nbsp;&nbsp;W5500_Interrupt_Process
<LI><a href="#[8e]">&gt;&gt;</a>&nbsp;&nbsp;&nbsp;Process_Socket_Data
</UL>
<BR>[Called By]<UL><LI><a href="#[4f]">&gt;&gt;</a>&nbsp;&nbsp;&nbsp;main
</UL>

<P><STRONG><a name="[b2]"></a>Write_SOCK_Data_Buffer</STRONG> (Thumb, 264 bytes, Stack size 32 bytes, w5500.o(i.Write_SOCK_Data_Buffer))
<BR><BR>[Stack]<UL><LI>Max Depth = 72<LI>Call Chain = Write_SOCK_Data_Buffer &rArr; Write_W5500_SOCK_4Byte &rArr; SPI1_Send_Short &rArr; SPI1_Send_Byte
</UL>
<BR>[Calls]<UL><LI><a href="#[95]">&gt;&gt;</a>&nbsp;&nbsp;&nbsp;gpio_bit_set
<LI><a href="#[91]">&gt;&gt;</a>&nbsp;&nbsp;&nbsp;gpio_bit_reset
<LI><a href="#[7a]">&gt;&gt;</a>&nbsp;&nbsp;&nbsp;Write_W5500_SOCK_4Byte
<LI><a href="#[96]">&gt;&gt;</a>&nbsp;&nbsp;&nbsp;Write_W5500_SOCK_2Byte
<LI><a href="#[7b]">&gt;&gt;</a>&nbsp;&nbsp;&nbsp;Write_W5500_SOCK_1Byte
<LI><a href="#[92]">&gt;&gt;</a>&nbsp;&nbsp;&nbsp;SPI1_Send_Short
<LI><a href="#[93]">&gt;&gt;</a>&nbsp;&nbsp;&nbsp;SPI1_Send_Byte
<LI><a href="#[90]">&gt;&gt;</a>&nbsp;&nbsp;&nbsp;Read_W5500_SOCK_2Byte
<LI><a href="#[7c]">&gt;&gt;</a>&nbsp;&nbsp;&nbsp;Read_W5500_SOCK_1Byte
</UL>
<BR>[Called By]<UL><LI><a href="#[fe]">&gt;&gt;</a>&nbsp;&nbsp;&nbsp;uart3_deal
<LI><a href="#[fd]">&gt;&gt;</a>&nbsp;&nbsp;&nbsp;uart2_deal
<LI><a href="#[b1]">&gt;&gt;</a>&nbsp;&nbsp;&nbsp;WEB
</UL>

<P><STRONG><a name="[ab]"></a>Write_W5500_1Byte</STRONG> (Thumb, 46 bytes, Stack size 16 bytes, w5500.o(i.Write_W5500_1Byte))
<BR><BR>[Stack]<UL><LI>Max Depth = 40<LI>Call Chain = Write_W5500_1Byte &rArr; SPI1_Send_Short &rArr; SPI1_Send_Byte
</UL>
<BR>[Calls]<UL><LI><a href="#[95]">&gt;&gt;</a>&nbsp;&nbsp;&nbsp;gpio_bit_set
<LI><a href="#[91]">&gt;&gt;</a>&nbsp;&nbsp;&nbsp;gpio_bit_reset
<LI><a href="#[92]">&gt;&gt;</a>&nbsp;&nbsp;&nbsp;SPI1_Send_Short
<LI><a href="#[93]">&gt;&gt;</a>&nbsp;&nbsp;&nbsp;SPI1_Send_Byte
</UL>
<BR>[Called By]<UL><LI><a href="#[aa]">&gt;&gt;</a>&nbsp;&nbsp;&nbsp;W5500_Init
</UL>

<P><STRONG><a name="[ad]"></a>Write_W5500_2Byte</STRONG> (Thumb, 46 bytes, Stack size 16 bytes, w5500.o(i.Write_W5500_2Byte))
<BR><BR>[Stack]<UL><LI>Max Depth = 40<LI>Call Chain = Write_W5500_2Byte &rArr; SPI1_Send_Short &rArr; SPI1_Send_Byte
</UL>
<BR>[Calls]<UL><LI><a href="#[95]">&gt;&gt;</a>&nbsp;&nbsp;&nbsp;gpio_bit_set
<LI><a href="#[91]">&gt;&gt;</a>&nbsp;&nbsp;&nbsp;gpio_bit_reset
<LI><a href="#[92]">&gt;&gt;</a>&nbsp;&nbsp;&nbsp;SPI1_Send_Short
<LI><a href="#[93]">&gt;&gt;</a>&nbsp;&nbsp;&nbsp;SPI1_Send_Byte
</UL>
<BR>[Called By]<UL><LI><a href="#[aa]">&gt;&gt;</a>&nbsp;&nbsp;&nbsp;W5500_Init
</UL>

<P><STRONG><a name="[7b]"></a>Write_W5500_SOCK_1Byte</STRONG> (Thumb, 58 bytes, Stack size 16 bytes, w5500.o(i.Write_W5500_SOCK_1Byte))
<BR><BR>[Stack]<UL><LI>Max Depth = 40<LI>Call Chain = Write_W5500_SOCK_1Byte &rArr; SPI1_Send_Short &rArr; SPI1_Send_Byte
</UL>
<BR>[Calls]<UL><LI><a href="#[95]">&gt;&gt;</a>&nbsp;&nbsp;&nbsp;gpio_bit_set
<LI><a href="#[91]">&gt;&gt;</a>&nbsp;&nbsp;&nbsp;gpio_bit_reset
<LI><a href="#[92]">&gt;&gt;</a>&nbsp;&nbsp;&nbsp;SPI1_Send_Short
<LI><a href="#[93]">&gt;&gt;</a>&nbsp;&nbsp;&nbsp;SPI1_Send_Byte
</UL>
<BR>[Called By]<UL><LI><a href="#[b2]">&gt;&gt;</a>&nbsp;&nbsp;&nbsp;Write_SOCK_Data_Buffer
<LI><a href="#[af]">&gt;&gt;</a>&nbsp;&nbsp;&nbsp;W5500_Interrupt_Process
<LI><a href="#[aa]">&gt;&gt;</a>&nbsp;&nbsp;&nbsp;W5500_Init
<LI><a href="#[9d]">&gt;&gt;</a>&nbsp;&nbsp;&nbsp;Socket_UDP
<LI><a href="#[9c]">&gt;&gt;</a>&nbsp;&nbsp;&nbsp;Socket_Listen
<LI><a href="#[9a]">&gt;&gt;</a>&nbsp;&nbsp;&nbsp;Socket_Connect
<LI><a href="#[8f]">&gt;&gt;</a>&nbsp;&nbsp;&nbsp;Read_SOCK_Data_Buffer
<LI><a href="#[79]">&gt;&gt;</a>&nbsp;&nbsp;&nbsp;Detect_Gateway
</UL>

<P><STRONG><a name="[96]"></a>Write_W5500_SOCK_2Byte</STRONG> (Thumb, 58 bytes, Stack size 16 bytes, w5500.o(i.Write_W5500_SOCK_2Byte))
<BR><BR>[Stack]<UL><LI>Max Depth = 40<LI>Call Chain = Write_W5500_SOCK_2Byte &rArr; SPI1_Send_Short &rArr; SPI1_Send_Byte
</UL>
<BR>[Calls]<UL><LI><a href="#[95]">&gt;&gt;</a>&nbsp;&nbsp;&nbsp;gpio_bit_set
<LI><a href="#[91]">&gt;&gt;</a>&nbsp;&nbsp;&nbsp;gpio_bit_reset
<LI><a href="#[92]">&gt;&gt;</a>&nbsp;&nbsp;&nbsp;SPI1_Send_Short
<LI><a href="#[93]">&gt;&gt;</a>&nbsp;&nbsp;&nbsp;SPI1_Send_Byte
</UL>
<BR>[Called By]<UL><LI><a href="#[b2]">&gt;&gt;</a>&nbsp;&nbsp;&nbsp;Write_SOCK_Data_Buffer
<LI><a href="#[9b]">&gt;&gt;</a>&nbsp;&nbsp;&nbsp;Socket_Init
<LI><a href="#[8f]">&gt;&gt;</a>&nbsp;&nbsp;&nbsp;Read_SOCK_Data_Buffer
</UL>

<P><STRONG><a name="[7a]"></a>Write_W5500_SOCK_4Byte</STRONG> (Thumb, 84 bytes, Stack size 16 bytes, w5500.o(i.Write_W5500_SOCK_4Byte))
<BR><BR>[Stack]<UL><LI>Max Depth = 40<LI>Call Chain = Write_W5500_SOCK_4Byte &rArr; SPI1_Send_Short &rArr; SPI1_Send_Byte
</UL>
<BR>[Calls]<UL><LI><a href="#[95]">&gt;&gt;</a>&nbsp;&nbsp;&nbsp;gpio_bit_set
<LI><a href="#[91]">&gt;&gt;</a>&nbsp;&nbsp;&nbsp;gpio_bit_reset
<LI><a href="#[92]">&gt;&gt;</a>&nbsp;&nbsp;&nbsp;SPI1_Send_Short
<LI><a href="#[93]">&gt;&gt;</a>&nbsp;&nbsp;&nbsp;SPI1_Send_Byte
</UL>
<BR>[Called By]<UL><LI><a href="#[b2]">&gt;&gt;</a>&nbsp;&nbsp;&nbsp;Write_SOCK_Data_Buffer
<LI><a href="#[9b]">&gt;&gt;</a>&nbsp;&nbsp;&nbsp;Socket_Init
<LI><a href="#[79]">&gt;&gt;</a>&nbsp;&nbsp;&nbsp;Detect_Gateway
</UL>

<P><STRONG><a name="[ac]"></a>Write_W5500_nByte</STRONG> (Thumb, 66 bytes, Stack size 24 bytes, w5500.o(i.Write_W5500_nByte))
<BR><BR>[Stack]<UL><LI>Max Depth = 48<LI>Call Chain = Write_W5500_nByte &rArr; SPI1_Send_Short &rArr; SPI1_Send_Byte
</UL>
<BR>[Calls]<UL><LI><a href="#[95]">&gt;&gt;</a>&nbsp;&nbsp;&nbsp;gpio_bit_set
<LI><a href="#[91]">&gt;&gt;</a>&nbsp;&nbsp;&nbsp;gpio_bit_reset
<LI><a href="#[92]">&gt;&gt;</a>&nbsp;&nbsp;&nbsp;SPI1_Send_Short
<LI><a href="#[93]">&gt;&gt;</a>&nbsp;&nbsp;&nbsp;SPI1_Send_Byte
</UL>
<BR>[Called By]<UL><LI><a href="#[aa]">&gt;&gt;</a>&nbsp;&nbsp;&nbsp;W5500_Init
</UL>

<P><STRONG><a name="[b3]"></a>__0printf</STRONG> (Thumb, 22 bytes, Stack size 24 bytes, printfa.o(i.__0printf), UNUSED)
<BR><BR>[Calls]<UL><LI><a href="#[b4]">&gt;&gt;</a>&nbsp;&nbsp;&nbsp;_printf_core
</UL>

<P><STRONG><a name="[130]"></a>__1printf</STRONG> (Thumb, 0 bytes, Stack size 24 bytes, printfa.o(i.__0printf), UNUSED)

<P><STRONG><a name="[8b]"></a>__2printf</STRONG> (Thumb, 0 bytes, Stack size 24 bytes, printfa.o(i.__0printf))
<BR><BR>[Stack]<UL><LI>Max Depth = 24<LI>Call Chain = __2printf
</UL>
<BR>[Called By]<UL><LI><a href="#[8a]">&gt;&gt;</a>&nbsp;&nbsp;&nbsp;ME_TCP_CONNECT
<LI><a href="#[8d]">&gt;&gt;</a>&nbsp;&nbsp;&nbsp;ME_TCP_TX
</UL>

<P><STRONG><a name="[131]"></a>__c89printf</STRONG> (Thumb, 0 bytes, Stack size 24 bytes, printfa.o(i.__0printf), UNUSED)

<P><STRONG><a name="[132]"></a>printf</STRONG> (Thumb, 0 bytes, Stack size 24 bytes, printfa.o(i.__0printf), UNUSED)

<P><STRONG><a name="[b5]"></a>__0sprintf</STRONG> (Thumb, 34 bytes, Stack size 24 bytes, printfa.o(i.__0sprintf), UNUSED)
<BR><BR>[Calls]<UL><LI><a href="#[57]">&gt;&gt;</a>&nbsp;&nbsp;&nbsp;_sputc
<LI><a href="#[b4]">&gt;&gt;</a>&nbsp;&nbsp;&nbsp;_printf_core
</UL>

<P><STRONG><a name="[133]"></a>__1sprintf</STRONG> (Thumb, 0 bytes, Stack size 24 bytes, printfa.o(i.__0sprintf), UNUSED)

<P><STRONG><a name="[de]"></a>__2sprintf</STRONG> (Thumb, 0 bytes, Stack size 24 bytes, printfa.o(i.__0sprintf))
<BR><BR>[Stack]<UL><LI>Max Depth = 24<LI>Call Chain = __2sprintf
</UL>
<BR>[Called By]<UL><LI><a href="#[dd]">&gt;&gt;</a>&nbsp;&nbsp;&nbsp;cpuidGetId
<LI><a href="#[10d]">&gt;&gt;</a>&nbsp;&nbsp;&nbsp;print_string_ptr
<LI><a href="#[10b]">&gt;&gt;</a>&nbsp;&nbsp;&nbsp;print_number
</UL>

<P><STRONG><a name="[134]"></a>__c89sprintf</STRONG> (Thumb, 0 bytes, Stack size 24 bytes, printfa.o(i.__0sprintf), UNUSED)

<P><STRONG><a name="[135]"></a>sprintf</STRONG> (Thumb, 0 bytes, Stack size 24 bytes, printfa.o(i.__0sprintf), UNUSED)

<P><STRONG><a name="[1]"></a>free</STRONG> (Thumb, 88 bytes, Stack size 12 bytes, mallocr.o(i.__free$realloc))
<BR><BR>[Stack]<UL><LI>Max Depth = 12<LI>Call Chain = free
</UL>
<BR>[Called By]<UL><LI><a href="#[d7]">&gt;&gt;</a>&nbsp;&nbsp;&nbsp;canshu_write_to_Jsonstr
<LI><a href="#[2]">&gt;&gt;</a>&nbsp;&nbsp;&nbsp;realloc
</UL>
<BR>[Address Reference Count : 2]<UL><LI> cjson.o(i.cJSON_InitHooks)
<LI> cjson.o(.data)
</UL>
<P><STRONG><a name="[db]"></a>__hardfp_fabs</STRONG> (Thumb, 20 bytes, Stack size 8 bytes, fabs.o(i.__hardfp_fabs))
<BR><BR>[Stack]<UL><LI>Max Depth = 8<LI>Call Chain = __hardfp_fabs
</UL>
<BR>[Called By]<UL><LI><a href="#[da]">&gt;&gt;</a>&nbsp;&nbsp;&nbsp;compare_double
</UL>

<P><STRONG><a name="[b6]"></a>__hardfp_strtod</STRONG> (Thumb, 30 bytes, Stack size 16 bytes, strtod.o(i.__hardfp_strtod))
<BR><BR>[Stack]<UL><LI>Max Depth = 216<LI>Call Chain = __hardfp_strtod &rArr; __strtod_int &rArr; _local_sscanf &rArr; _scanf_real
</UL>
<BR>[Calls]<UL><LI><a href="#[74]">&gt;&gt;</a>&nbsp;&nbsp;&nbsp;__strtod_int
</UL>
<BR>[Called By]<UL><LI><a href="#[102]">&gt;&gt;</a>&nbsp;&nbsp;&nbsp;parse_number
</UL>

<P><STRONG><a name="[0]"></a>malloc</STRONG> (Thumb, 64 bytes, Stack size 32 bytes, mallocr.o(i.__malloc$realloc))
<BR><BR>[Stack]<UL><LI>Max Depth = 56<LI>Call Chain = malloc &rArr; internal_alloc
</UL>
<BR>[Calls]<UL><LI><a href="#[b7]">&gt;&gt;</a>&nbsp;&nbsp;&nbsp;internal_alloc
</UL>
<BR>[Called By]<UL><LI><a href="#[2]">&gt;&gt;</a>&nbsp;&nbsp;&nbsp;realloc
</UL>
<BR>[Address Reference Count : 2]<UL><LI> cjson.o(i.cJSON_InitHooks)
<LI> cjson.o(.data)
</UL>
<P><STRONG><a name="[136]"></a>__scatterload_copy</STRONG> (Thumb, 14 bytes, Stack size unknown bytes, handlers.o(i.__scatterload_copy), UNUSED)

<P><STRONG><a name="[137]"></a>__scatterload_null</STRONG> (Thumb, 2 bytes, Stack size unknown bytes, handlers.o(i.__scatterload_null), UNUSED)

<P><STRONG><a name="[138]"></a>__scatterload_zeroinit</STRONG> (Thumb, 14 bytes, Stack size unknown bytes, handlers.o(i.__scatterload_zeroinit), UNUSED)

<P><STRONG><a name="[67]"></a>_is_digit</STRONG> (Thumb, 14 bytes, Stack size 0 bytes, scanf_fp.o(i._is_digit), UNUSED)
<BR><BR>[Called By]<UL><LI><a href="#[66]">&gt;&gt;</a>&nbsp;&nbsp;&nbsp;_scanf_really_real
</UL>

<P><STRONG><a name="[c2]"></a>cJSON_AddItemToObject</STRONG> (Thumb, 26 bytes, Stack size 24 bytes, cjson.o(i.cJSON_AddItemToObject))
<BR><BR>[Stack]<UL><LI>Max Depth = 80<LI>Call Chain = cJSON_AddItemToObject &rArr; add_item_to_object &rArr; cJSON_strdup
</UL>
<BR>[Calls]<UL><LI><a href="#[bf]">&gt;&gt;</a>&nbsp;&nbsp;&nbsp;add_item_to_object
</UL>
<BR>[Called By]<UL><LI><a href="#[d7]">&gt;&gt;</a>&nbsp;&nbsp;&nbsp;canshu_write_to_Jsonstr
</UL>

<P><STRONG><a name="[c3]"></a>cJSON_CreateNumber</STRONG> (Thumb, 102 bytes, Stack size 16 bytes, cjson.o(i.cJSON_CreateNumber))
<BR><BR>[Stack]<UL><LI>Max Depth = 32<LI>Call Chain = cJSON_CreateNumber &rArr; __aeabi_d2iz
</UL>
<BR>[Calls]<UL><LI><a href="#[70]">&gt;&gt;</a>&nbsp;&nbsp;&nbsp;__aeabi_d2iz
<LI><a href="#[b9]">&gt;&gt;</a>&nbsp;&nbsp;&nbsp;__aeabi_cdrcmple
<LI><a href="#[c5]">&gt;&gt;</a>&nbsp;&nbsp;&nbsp;__aeabi_cdcmple
<LI><a href="#[c4]">&gt;&gt;</a>&nbsp;&nbsp;&nbsp;cJSON_New_Item
</UL>
<BR>[Called By]<UL><LI><a href="#[d7]">&gt;&gt;</a>&nbsp;&nbsp;&nbsp;canshu_write_to_Jsonstr
</UL>

<P><STRONG><a name="[c6]"></a>cJSON_CreateObject</STRONG> (Thumb, 20 bytes, Stack size 8 bytes, cjson.o(i.cJSON_CreateObject))
<BR><BR>[Stack]<UL><LI>Max Depth = 24<LI>Call Chain = cJSON_CreateObject &rArr; cJSON_New_Item
</UL>
<BR>[Calls]<UL><LI><a href="#[c4]">&gt;&gt;</a>&nbsp;&nbsp;&nbsp;cJSON_New_Item
</UL>
<BR>[Called By]<UL><LI><a href="#[d7]">&gt;&gt;</a>&nbsp;&nbsp;&nbsp;canshu_write_to_Jsonstr
</UL>

<P><STRONG><a name="[c7]"></a>cJSON_CreateString</STRONG> (Thumb, 46 bytes, Stack size 16 bytes, cjson.o(i.cJSON_CreateString))
<BR><BR>[Stack]<UL><LI>Max Depth = 40<LI>Call Chain = cJSON_CreateString &rArr; cJSON_strdup
</UL>
<BR>[Calls]<UL><LI><a href="#[c8]">&gt;&gt;</a>&nbsp;&nbsp;&nbsp;cJSON_Delete
<LI><a href="#[c1]">&gt;&gt;</a>&nbsp;&nbsp;&nbsp;cJSON_strdup
<LI><a href="#[c4]">&gt;&gt;</a>&nbsp;&nbsp;&nbsp;cJSON_New_Item
</UL>
<BR>[Called By]<UL><LI><a href="#[d7]">&gt;&gt;</a>&nbsp;&nbsp;&nbsp;canshu_write_to_Jsonstr
</UL>

<P><STRONG><a name="[c8]"></a>cJSON_Delete</STRONG> (Thumb, 84 bytes, Stack size 16 bytes, cjson.o(i.cJSON_Delete))
<BR><BR>[Stack]<UL><LI>Max Depth = 16 + In Cycle
<LI>Call Chain = cJSON_Delete &rArr;  cJSON_Delete (Cycle)
</UL>
<BR>[Calls]<UL><LI><a href="#[c8]">&gt;&gt;</a>&nbsp;&nbsp;&nbsp;cJSON_Delete
</UL>
<BR>[Called By]<UL><LI><a href="#[d7]">&gt;&gt;</a>&nbsp;&nbsp;&nbsp;canshu_write_to_Jsonstr
<LI><a href="#[d5]">&gt;&gt;</a>&nbsp;&nbsp;&nbsp;canshu_get_from_Json
<LI><a href="#[c7]">&gt;&gt;</a>&nbsp;&nbsp;&nbsp;cJSON_CreateString
<LI><a href="#[c8]">&gt;&gt;</a>&nbsp;&nbsp;&nbsp;cJSON_Delete
<LI><a href="#[dc]">&gt;&gt;</a>&nbsp;&nbsp;&nbsp;config_ans_get_from_Json
<LI><a href="#[cd]">&gt;&gt;</a>&nbsp;&nbsp;&nbsp;cJSON_ParseWithLengthOpts
<LI><a href="#[104]">&gt;&gt;</a>&nbsp;&nbsp;&nbsp;parse_object
<LI><a href="#[101]">&gt;&gt;</a>&nbsp;&nbsp;&nbsp;parse_array
</UL>

<P><STRONG><a name="[c9]"></a>cJSON_GetObjectItem</STRONG> (Thumb, 18 bytes, Stack size 16 bytes, cjson.o(i.cJSON_GetObjectItem))
<BR><BR>[Stack]<UL><LI>Max Depth = 56<LI>Call Chain = cJSON_GetObjectItem &rArr; get_object_item &rArr; case_insensitive_strcmp
</UL>
<BR>[Calls]<UL><LI><a href="#[ca]">&gt;&gt;</a>&nbsp;&nbsp;&nbsp;get_object_item
</UL>
<BR>[Called By]<UL><LI><a href="#[d5]">&gt;&gt;</a>&nbsp;&nbsp;&nbsp;canshu_get_from_Json
<LI><a href="#[dc]">&gt;&gt;</a>&nbsp;&nbsp;&nbsp;config_ans_get_from_Json
</UL>

<P><STRONG><a name="[f8]"></a>cJSON_InitHooks</STRONG> (Thumb, 82 bytes, Stack size 0 bytes, cjson.o(i.cJSON_InitHooks))
<BR><BR>[Called By]<UL><LI><a href="#[4f]">&gt;&gt;</a>&nbsp;&nbsp;&nbsp;main
</UL>

<P><STRONG><a name="[d6]"></a>cJSON_IsInvalid</STRONG> (Thumb, 20 bytes, Stack size 0 bytes, cjson.o(i.cJSON_IsInvalid))
<BR><BR>[Called By]<UL><LI><a href="#[d7]">&gt;&gt;</a>&nbsp;&nbsp;&nbsp;canshu_write_to_Jsonstr
<LI><a href="#[d5]">&gt;&gt;</a>&nbsp;&nbsp;&nbsp;canshu_get_from_Json
<LI><a href="#[dc]">&gt;&gt;</a>&nbsp;&nbsp;&nbsp;config_ans_get_from_Json
</UL>

<P><STRONG><a name="[cb]"></a>cJSON_Parse</STRONG> (Thumb, 16 bytes, Stack size 8 bytes, cjson.o(i.cJSON_Parse))
<BR><BR>[Stack]<UL><LI>Max Depth = 432<LI>Call Chain = cJSON_Parse &rArr; cJSON_ParseWithOpts &rArr; cJSON_ParseWithLengthOpts &rArr; parse_value &rArr; parse_number &rArr; __hardfp_strtod &rArr; __strtod_int &rArr; _local_sscanf &rArr; _scanf_real
</UL>
<BR>[Calls]<UL><LI><a href="#[cc]">&gt;&gt;</a>&nbsp;&nbsp;&nbsp;cJSON_ParseWithOpts
</UL>
<BR>[Called By]<UL><LI><a href="#[d5]">&gt;&gt;</a>&nbsp;&nbsp;&nbsp;canshu_get_from_Json
<LI><a href="#[dc]">&gt;&gt;</a>&nbsp;&nbsp;&nbsp;config_ans_get_from_Json
</UL>

<P><STRONG><a name="[cd]"></a>cJSON_ParseWithLengthOpts</STRONG> (Thumb, 204 bytes, Stack size 72 bytes, cjson.o(i.cJSON_ParseWithLengthOpts))
[...]
<LI><a href="#[119]">&gt;&gt;</a>&nbsp;&nbsp;&nbsp;work_led_off
</UL>
<BR>[Called By]<UL><LI><a href="#[4f]">&gt;&gt;</a>&nbsp;&nbsp;&nbsp;main
</UL>

<P><STRONG><a name="[f4]"></a>write_to_flash</STRONG> (Thumb, 24 bytes, Stack size 16 bytes, flash.o(i.write_to_flash))
<BR><BR>[Stack]<UL><LI>Max Depth = 68<LI>Call Chain = write_to_flash &rArr; FLASH_WriteMoreData &rArr; fmc_halfword_program &rArr; fmc_bank1_ready_wait
</UL>
<BR>[Calls]<UL><LI><a href="#[7f]">&gt;&gt;</a>&nbsp;&nbsp;&nbsp;FLASH_WriteMoreData
<LI><a href="#[d1]">&gt;&gt;</a>&nbsp;&nbsp;&nbsp;strlen
</UL>
<BR>[Called By]<UL><LI><a href="#[fe]">&gt;&gt;</a>&nbsp;&nbsp;&nbsp;uart3_deal
<LI><a href="#[fd]">&gt;&gt;</a>&nbsp;&nbsp;&nbsp;uart2_deal
<LI><a href="#[f3]">&gt;&gt;</a>&nbsp;&nbsp;&nbsp;get_local_canshu
</UL>
<P>
<H3>
Local Symbols
</H3>
<P><STRONG><a name="[110]"></a>NVIC_SetPriority</STRONG> (Thumb, 32 bytes, Stack size 8 bytes, systick.o(i.NVIC_SetPriority))
<BR><BR>[Stack]<UL><LI>Max Depth = 8<LI>Call Chain = NVIC_SetPriority
</UL>
<BR>[Called By]<UL><LI><a href="#[f7]">&gt;&gt;</a>&nbsp;&nbsp;&nbsp;systick_config
</UL>

<P><STRONG><a name="[10f]"></a>system_clock_120m_hxtal</STRONG> (Thumb, 288 bytes, Stack size 0 bytes, system_gd32f30x.o(i.system_clock_120m_hxtal))
<BR><BR>[Called By]<UL><LI><a href="#[9f]">&gt;&gt;</a>&nbsp;&nbsp;&nbsp;system_clock_config
</UL>

<P><STRONG><a name="[9f]"></a>system_clock_config</STRONG> (Thumb, 8 bytes, Stack size 8 bytes, system_gd32f30x.o(i.system_clock_config))
<BR><BR>[Stack]<UL><LI>Max Depth = 8<LI>Call Chain = system_clock_config
</UL>
<BR>[Calls]<UL><LI><a href="#[10f]">&gt;&gt;</a>&nbsp;&nbsp;&nbsp;system_clock_120m_hxtal
</UL>
<BR>[Called By]<UL><LI><a href="#[50]">&gt;&gt;</a>&nbsp;&nbsp;&nbsp;SystemInit
</UL>

<P><STRONG><a name="[bd]"></a>add_item_to_array</STRONG> (Thumb, 54 bytes, Stack size 16 bytes, cjson.o(i.add_item_to_array))
<BR><BR>[Stack]<UL><LI>Max Depth = 16<LI>Call Chain = add_item_to_array
</UL>
<BR>[Calls]<UL><LI><a href="#[be]">&gt;&gt;</a>&nbsp;&nbsp;&nbsp;suffix_object
</UL>
<BR>[Called By]<UL><LI><a href="#[bf]">&gt;&gt;</a>&nbsp;&nbsp;&nbsp;add_item_to_object
</UL>

<P><STRONG><a name="[bf]"></a>add_item_to_object</STRONG> (Thumb, 122 bytes, Stack size 32 bytes, cjson.o(i.add_item_to_object))
<BR><BR>[Stack]<UL><LI>Max Depth = 56<LI>Call Chain = add_item_to_object &rArr; cJSON_strdup
</UL>
<BR>[Calls]<UL><LI><a href="#[c0]">&gt;&gt;</a>&nbsp;&nbsp;&nbsp;cast_away_const
<LI><a href="#[c1]">&gt;&gt;</a>&nbsp;&nbsp;&nbsp;cJSON_strdup
<LI><a href="#[bd]">&gt;&gt;</a>&nbsp;&nbsp;&nbsp;add_item_to_array
</UL>
<BR>[Called By]<UL><LI><a href="#[c2]">&gt;&gt;</a>&nbsp;&nbsp;&nbsp;cJSON_AddItemToObject
</UL>

<P><STRONG><a name="[cf]"></a>buffer_skip_whitespace</STRONG> (Thumb, 72 bytes, Stack size 0 bytes, cjson.o(i.buffer_skip_whitespace))
<BR><BR>[Called By]<UL><LI><a href="#[cd]">&gt;&gt;</a>&nbsp;&nbsp;&nbsp;cJSON_ParseWithLengthOpts
<LI><a href="#[104]">&gt;&gt;</a>&nbsp;&nbsp;&nbsp;parse_object
<LI><a href="#[101]">&gt;&gt;</a>&nbsp;&nbsp;&nbsp;parse_array
</UL>

<P><STRONG><a name="[c4]"></a>cJSON_New_Item</STRONG> (Thumb, 26 bytes, Stack size 16 bytes, cjson.o(i.cJSON_New_Item))
<BR><BR>[Stack]<UL><LI>Max Depth = 16<LI>Call Chain = cJSON_New_Item
</UL>
<BR>[Calls]<UL><LI><a href="#[87]">&gt;&gt;</a>&nbsp;&nbsp;&nbsp;__aeabi_memclr4
</UL>
<BR>[Called By]<UL><LI><a href="#[c7]">&gt;&gt;</a>&nbsp;&nbsp;&nbsp;cJSON_CreateString
<LI><a href="#[c6]">&gt;&gt;</a>&nbsp;&nbsp;&nbsp;cJSON_CreateObject
<LI><a href="#[c3]">&gt;&gt;</a>&nbsp;&nbsp;&nbsp;cJSON_CreateNumber
<LI><a href="#[cd]">&gt;&gt;</a>&nbsp;&nbsp;&nbsp;cJSON_ParseWithLengthOpts
<LI><a href="#[104]">&gt;&gt;</a>&nbsp;&nbsp;&nbsp;parse_object
<LI><a href="#[101]">&gt;&gt;</a>&nbsp;&nbsp;&nbsp;parse_array
</UL>

<P><STRONG><a name="[c1]"></a>cJSON_strdup</STRONG> (Thumb, 56 bytes, Stack size 24 bytes, cjson.o(i.cJSON_strdup))
<BR><BR>[Stack]<UL><LI>Max Depth = 24<LI>Call Chain = cJSON_strdup
</UL>
<BR>[Calls]<UL><LI><a href="#[d1]">&gt;&gt;</a>&nbsp;&nbsp;&nbsp;strlen
<LI><a href="#[d4]">&gt;&gt;</a>&nbsp;&nbsp;&nbsp;__aeabi_memcpy
</UL>
<BR>[Called By]<UL><LI><a href="#[c7]">&gt;&gt;</a>&nbsp;&nbsp;&nbsp;cJSON_CreateString
<LI><a href="#[bf]">&gt;&gt;</a>&nbsp;&nbsp;&nbsp;add_item_to_object
</UL>

<P><STRONG><a name="[d8]"></a>case_insensitive_strcmp</STRONG> (Thumb, 72 bytes, Stack size 16 bytes, cjson.o(i.case_insensitive_strcmp))
<BR><BR>[Stack]<UL><LI>Max Depth = 16<LI>Call Chain = case_insensitive_strcmp
</UL>
<BR>[Calls]<UL><LI><a href="#[d9]">&gt;&gt;</a>&nbsp;&nbsp;&nbsp;tolower
</UL>
<BR>[Called By]<UL><LI><a href="#[ca]">&gt;&gt;</a>&nbsp;&nbsp;&nbsp;get_object_item
</UL>

<P><STRONG><a name="[c0]"></a>cast_away_const</STRONG> (Thumb, 2 bytes, Stack size 0 bytes, cjson.o(i.cast_away_const))
<BR><BR>[Called By]<UL><LI><a href="#[bf]">&gt;&gt;</a>&nbsp;&nbsp;&nbsp;add_item_to_object
</UL>

<P><STRONG><a name="[da]"></a>compare_double</STRONG> (Thumb, 192 bytes, Stack size 56 bytes, cjson.o(i.compare_double))
<BR><BR>[Stack]<UL><LI>Max Depth = 144<LI>Call Chain = compare_double &rArr; __aeabi_dsub &rArr; __aeabi_dadd &rArr; _double_epilogue &rArr; _double_round
</UL>
<BR>[Calls]<UL><LI><a href="#[db]">&gt;&gt;</a>&nbsp;&nbsp;&nbsp;__hardfp_fabs
<LI><a href="#[6d]">&gt;&gt;</a>&nbsp;&nbsp;&nbsp;__aeabi_dsub
<LI><a href="#[64]">&gt;&gt;</a>&nbsp;&nbsp;&nbsp;__aeabi_dmul
<LI><a href="#[b9]">&gt;&gt;</a>&nbsp;&nbsp;&nbsp;__aeabi_cdrcmple
<LI><a href="#[c5]">&gt;&gt;</a>&nbsp;&nbsp;&nbsp;__aeabi_cdcmple
</UL>
<BR>[Called By]<UL><LI><a href="#[10b]">&gt;&gt;</a>&nbsp;&nbsp;&nbsp;print_number
</UL>

<P><STRONG><a name="[df]"></a>ensure</STRONG> (Thumb, 184 bytes, Stack size 24 bytes, cjson.o(i.ensure))
<BR><BR>[Stack]<UL><LI>Max Depth = 24<LI>Call Chain = ensure
</UL>
<BR>[Calls]<UL><LI><a href="#[d4]">&gt;&gt;</a>&nbsp;&nbsp;&nbsp;__aeabi_memcpy
</UL>
<BR>[Called By]<UL><LI><a href="#[108]">&gt;&gt;</a>&nbsp;&nbsp;&nbsp;print_value
<LI><a href="#[10d]">&gt;&gt;</a>&nbsp;&nbsp;&nbsp;print_string_ptr
<LI><a href="#[10c]">&gt;&gt;</a>&nbsp;&nbsp;&nbsp;print_object
<LI><a href="#[10b]">&gt;&gt;</a>&nbsp;&nbsp;&nbsp;print_number
<LI><a href="#[10a]">&gt;&gt;</a>&nbsp;&nbsp;&nbsp;print_array
</UL>

<P><STRONG><a name="[103]"></a>get_decimal_point</STRONG> (Thumb, 4 bytes, Stack size 0 bytes, cjson.o(i.get_decimal_point))
<BR><BR>[Called By]<UL><LI><a href="#[10b]">&gt;&gt;</a>&nbsp;&nbsp;&nbsp;print_number
<LI><a href="#[102]">&gt;&gt;</a>&nbsp;&nbsp;&nbsp;parse_number
</UL>

<P><STRONG><a name="[ca]"></a>get_object_item</STRONG> (Thumb, 82 bytes, Stack size 24 bytes, cjson.o(i.get_object_item))
<BR><BR>[Stack]<UL><LI>Max Depth = 40<LI>Call Chain = get_object_item &rArr; case_insensitive_strcmp
</UL>
<BR>[Calls]<UL><LI><a href="#[f5]">&gt;&gt;</a>&nbsp;&nbsp;&nbsp;strcmp
<LI><a href="#[d8]">&gt;&gt;</a>&nbsp;&nbsp;&nbsp;case_insensitive_strcmp
</UL>
<BR>[Called By]<UL><LI><a href="#[c9]">&gt;&gt;</a>&nbsp;&nbsp;&nbsp;cJSON_GetObjectItem
</UL>

<P><STRONG><a name="[101]"></a>parse_array</STRONG> (Thumb, 248 bytes, Stack size 24 bytes, cjson.o(i.parse_array))
<BR><BR>[Stack]<UL><LI>Max Depth = 40 + In Cycle
<LI>Call Chain = parse_array &rArr;  parse_value (Cycle)
</UL>
<BR>[Calls]<UL><LI><a href="#[c8]">&gt;&gt;</a>&nbsp;&nbsp;&nbsp;cJSON_Delete
<LI><a href="#[d0]">&gt;&gt;</a>&nbsp;&nbsp;&nbsp;parse_value
<LI><a href="#[c4]">&gt;&gt;</a>&nbsp;&nbsp;&nbsp;cJSON_New_Item
<LI><a href="#[cf]">&gt;&gt;</a>&nbsp;&nbsp;&nbsp;buffer_skip_whitespace
</UL>
<BR>[Called By]<UL><LI><a href="#[d0]">&gt;&gt;</a>&nbsp;&nbsp;&nbsp;parse_value
</UL>

<P><STRONG><a name="[118]"></a>parse_hex4</STRONG> (Thumb, 90 bytes, Stack size 0 bytes, cjson.o(i.parse_hex4))
<BR><BR>[Called By]<UL><LI><a href="#[106]">&gt;&gt;</a>&nbsp;&nbsp;&nbsp;utf16_literal_to_utf8
</UL>

<P><STRONG><a name="[102]"></a>parse_number</STRONG> (Thumb, 316 bytes, Stack size 96 bytes, cjson.o(i.parse_number))
<BR><BR>[Stack]<UL><LI>Max Depth = 312<LI>Call Chain = parse_number &rArr; __hardfp_strtod &rArr; __strtod_int &rArr; _local_sscanf &rArr; _scanf_real
</UL>
<BR>[Calls]<UL><LI><a href="#[b6]">&gt;&gt;</a>&nbsp;&nbsp;&nbsp;__hardfp_strtod
<LI><a href="#[70]">&gt;&gt;</a>&nbsp;&nbsp;&nbsp;__aeabi_d2iz
<LI><a href="#[b9]">&gt;&gt;</a>&nbsp;&nbsp;&nbsp;__aeabi_cdrcmple
<LI><a href="#[c5]">&gt;&gt;</a>&nbsp;&nbsp;&nbsp;__aeabi_cdcmple
<LI><a href="#[103]">&gt;&gt;</a>&nbsp;&nbsp;&nbsp;get_decimal_point
</UL>
<BR>[Called By]<UL><LI><a href="#[d0]">&gt;&gt;</a>&nbsp;&nbsp;&nbsp;parse_value
</UL>

<P><STRONG><a name="[104]"></a>parse_object</STRONG> (Thumb, 318 bytes, Stack size 24 bytes, cjson.o(i.parse_object))
<BR><BR>[Stack]<UL><LI>Max Depth = 120 + In Cycle
<LI>Call Chain = parse_object &rArr;  parse_value (Cycle)
</UL>
<BR>[Calls]<UL><LI><a href="#[c8]">&gt;&gt;</a>&nbsp;&nbsp;&nbsp;cJSON_Delete
<LI><a href="#[d0]">&gt;&gt;</a>&nbsp;&nbsp;&nbsp;parse_value
<LI><a href="#[105]">&gt;&gt;</a>&nbsp;&nbsp;&nbsp;parse_string
<LI><a href="#[c4]">&gt;&gt;</a>&nbsp;&nbsp;&nbsp;cJSON_New_Item
<LI><a href="#[cf]">&gt;&gt;</a>&nbsp;&nbsp;&nbsp;buffer_skip_whitespace
</UL>
<BR>[Called By]<UL><LI><a href="#[d0]">&gt;&gt;</a>&nbsp;&nbsp;&nbsp;parse_value
</UL>

<P><STRONG><a name="[105]"></a>parse_string</STRONG> (Thumb, 396 bytes, Stack size 40 bytes, cjson.o(i.parse_string))
<BR><BR>[Stack]<UL><LI>Max Depth = 96<LI>Call Chain = parse_string &rArr; utf16_literal_to_utf8
</UL>
<BR>[Calls]<UL><LI><a href="#[106]">&gt;&gt;</a>&nbsp;&nbsp;&nbsp;utf16_literal_to_utf8
</UL>
<BR>[Called By]<UL><LI><a href="#[d0]">&gt;&gt;</a>&nbsp;&nbsp;&nbsp;parse_value
<LI><a href="#[104]">&gt;&gt;</a>&nbsp;&nbsp;&nbsp;parse_object
</UL>

<P><STRONG><a name="[d0]"></a>parse_value</STRONG> (Thumb, 290 bytes, Stack size 16 bytes, cjson.o(i.parse_value))
<BR><BR>[Stack]<UL><LI>Max Depth = 328<LI>Call Chain = parse_value &rArr; parse_number &rArr; __hardfp_strtod &rArr; __strtod_int &rArr; _local_sscanf &rArr; _scanf_real
</UL>
<BR>[Calls]<UL><LI><a href="#[107]">&gt;&gt;</a>&nbsp;&nbsp;&nbsp;strncmp
<LI><a href="#[105]">&gt;&gt;</a>&nbsp;&nbsp;&nbsp;parse_string
<LI><a href="#[104]">&gt;&gt;</a>&nbsp;&nbsp;&nbsp;parse_object
<LI><a href="#[102]">&gt;&gt;</a>&nbsp;&nbsp;&nbsp;parse_number
<LI><a href="#[101]">&gt;&gt;</a>&nbsp;&nbsp;&nbsp;parse_array
</UL>
<BR>[Called By]<UL><LI><a href="#[cd]">&gt;&gt;</a>&nbsp;&nbsp;&nbsp;cJSON_ParseWithLengthOpts
<LI><a href="#[104]">&gt;&gt;</a>&nbsp;&nbsp;&nbsp;parse_object
<LI><a href="#[101]">&gt;&gt;</a>&nbsp;&nbsp;&nbsp;parse_array
</UL>

<P><STRONG><a name="[d3]"></a>print</STRONG> (Thumb, 178 bytes, Stack size 56 bytes, cjson.o(i.print))
<BR><BR>[Stack]<UL><LI>Max Depth = 424<LI>Call Chain = print &rArr; print_value &rArr; print_number &rArr; __0sscanf &rArr; __vfscanf_char &rArr; __vfscanf &rArr; _scanf_real
</UL>
<BR>[Calls]<UL><LI><a href="#[87]">&gt;&gt;</a>&nbsp;&nbsp;&nbsp;__aeabi_memclr4
<LI><a href="#[d4]">&gt;&gt;</a>&nbsp;&nbsp;&nbsp;__aeabi_memcpy
<LI><a href="#[109]">&gt;&gt;</a>&nbsp;&nbsp;&nbsp;update_offset
<LI><a href="#[108]">&gt;&gt;</a>&nbsp;&nbsp;&nbsp;print_value
</UL>
<BR>[Called By]<UL><LI><a href="#[d2]">&gt;&gt;</a>&nbsp;&nbsp;&nbsp;cJSON_Print
</UL>

<P><STRONG><a name="[10a]"></a>print_array</STRONG> (Thumb, 178 bytes, Stack size 24 bytes, cjson.o(i.print_array))
<BR><BR>[Stack]<UL><LI>Max Depth = 48 + In Cycle
<LI>Call Chain = print_array &rArr;  print_value (Cycle)
</UL>
<BR>[Calls]<UL><LI><a href="#[109]">&gt;&gt;</a>&nbsp;&nbsp;&nbsp;update_offset
<LI><a href="#[108]">&gt;&gt;</a>&nbsp;&nbsp;&nbsp;print_value
<LI><a href="#[df]">&gt;&gt;</a>&nbsp;&nbsp;&nbsp;ensure
</UL>
<BR>[Called By]<UL><LI><a href="#[108]">&gt;&gt;</a>&nbsp;&nbsp;&nbsp;print_value
</UL>

<P><STRONG><a name="[10b]"></a>print_number</STRONG> (Thumb, 272 bytes, Stack size 80 bytes, cjson.o(i.print_number))
<BR><BR>[Stack]<UL><LI>Max Depth = 344<LI>Call Chain = print_number &rArr; __0sscanf &rArr; __vfscanf_char &rArr; __vfscanf &rArr; _scanf_real
</UL>
<BR>[Calls]<UL><LI><a href="#[87]">&gt;&gt;</a>&nbsp;&nbsp;&nbsp;__aeabi_memclr4
<LI><a href="#[103]">&gt;&gt;</a>&nbsp;&nbsp;&nbsp;get_decimal_point
<LI><a href="#[df]">&gt;&gt;</a>&nbsp;&nbsp;&nbsp;ensure
<LI><a href="#[da]">&gt;&gt;</a>&nbsp;&nbsp;&nbsp;compare_double
<LI><a href="#[60]">&gt;&gt;</a>&nbsp;&nbsp;&nbsp;__0sscanf
<LI><a href="#[de]">&gt;&gt;</a>&nbsp;&nbsp;&nbsp;__2sprintf
</UL>
<BR>[Called By]<UL><LI><a href="#[108]">&gt;&gt;</a>&nbsp;&nbsp;&nbsp;print_value
</UL>

<P><STRONG><a name="[10c]"></a>print_object</STRONG> (Thumb, 372 bytes, Stack size 32 bytes, cjson.o(i.print_object))
<BR><BR>[Stack]<UL><LI>Max Depth = 88 + In Cycle
<LI>Call Chain = print_object &rArr;  print_value (Cycle)
</UL>
<BR>[Calls]<UL><LI><a href="#[109]">&gt;&gt;</a>&nbsp;&nbsp;&nbsp;update_offset
<LI><a href="#[108]">&gt;&gt;</a>&nbsp;&nbsp;&nbsp;print_value
<LI><a href="#[10d]">&gt;&gt;</a>&nbsp;&nbsp;&nbsp;print_string_ptr
<LI><a href="#[df]">&gt;&gt;</a>&nbsp;&nbsp;&nbsp;ensure
</UL>
<BR>[Called By]<UL><LI><a href="#[108]">&gt;&gt;</a>&nbsp;&nbsp;&nbsp;print_value
</UL>

<P><STRONG><a name="[10e]"></a>print_string</STRONG> (Thumb, 16 bytes, Stack size 16 bytes, cjson.o(i.print_string))
<BR><BR>[Stack]<UL><LI>Max Depth = 72<LI>Call Chain = print_string &rArr; print_string_ptr &rArr; ensure
</UL>
<BR>[Calls]<UL><LI><a href="#[10d]">&gt;&gt;</a>&nbsp;&nbsp;&nbsp;print_string_ptr
</UL>
<BR>[Called By]<UL><LI><a href="#[108]">&gt;&gt;</a>&nbsp;&nbsp;&nbsp;print_value
</UL>

<P><STRONG><a name="[10d]"></a>print_string_ptr</STRONG> (Thumb, 360 bytes, Stack size 32 bytes, cjson.o(i.print_string_ptr))
<BR><BR>[Stack]<UL><LI>Max Depth = 56<LI>Call Chain = print_string_ptr &rArr; ensure
</UL>
<BR>[Calls]<UL><LI><a href="#[88]">&gt;&gt;</a>&nbsp;&nbsp;&nbsp;strcpy
<LI><a href="#[d4]">&gt;&gt;</a>&nbsp;&nbsp;&nbsp;__aeabi_memcpy
<LI><a href="#[df]">&gt;&gt;</a>&nbsp;&nbsp;&nbsp;ensure
<LI><a href="#[de]">&gt;&gt;</a>&nbsp;&nbsp;&nbsp;__2sprintf
</UL>
<BR>[Called By]<UL><LI><a href="#[10e]">&gt;&gt;</a>&nbsp;&nbsp;&nbsp;print_string
<LI><a href="#[10c]">&gt;&gt;</a>&nbsp;&nbsp;&nbsp;print_object
</UL>

<P><STRONG><a name="[108]"></a>print_value</STRONG> (Thumb, 236 bytes, Stack size 24 bytes, cjson.o(i.print_value))
<BR><BR>[Stack]<UL><LI>Max Depth = 368<LI>Call Chain = print_value &rArr; print_number &rArr; __0sscanf &rArr; __vfscanf_char &rArr; __vfscanf &rArr; _scanf_real
</UL>
<BR>[Calls]<UL><LI><a href="#[88]">&gt;&gt;</a>&nbsp;&nbsp;&nbsp;strcpy
<LI><a href="#[d1]">&gt;&gt;</a>&nbsp;&nbsp;&nbsp;strlen
<LI><a href="#[d4]">&gt;&gt;</a>&nbsp;&nbsp;&nbsp;__aeabi_memcpy
<LI><a href="#[10e]">&gt;&gt;</a>&nbsp;&nbsp;&nbsp;print_string
<LI><a href="#[10c]">&gt;&gt;</a>&nbsp;&nbsp;&nbsp;print_object
<LI><a href="#[10b]">&gt;&gt;</a>&nbsp;&nbsp;&nbsp;print_number
<LI><a href="#[10a]">&gt;&gt;</a>&nbsp;&nbsp;&nbsp;print_array
<LI><a href="#[df]">&gt;&gt;</a>&nbsp;&nbsp;&nbsp;ensure
</UL>
<BR>[Called By]<UL><LI><a href="#[10c]">&gt;&gt;</a>&nbsp;&nbsp;&nbsp;print_object
<LI><a href="#[10a]">&gt;&gt;</a>&nbsp;&nbsp;&nbsp;print_array
<LI><a href="#[d3]">&gt;&gt;</a>&nbsp;&nbsp;&nbsp;print
</UL>

<P><STRONG><a name="[ce]"></a>skip_utf8_bom</STRONG> (Thumb, 56 bytes, Stack size 8 bytes, cjson.o(i.skip_utf8_bom))
<BR><BR>[Stack]<UL><LI>Max Depth = 20<LI>Call Chain = skip_utf8_bom &rArr; strncmp
</UL>
<BR>[Calls]<UL><LI><a href="#[107]">&gt;&gt;</a>&nbsp;&nbsp;&nbsp;strncmp
</UL>
<BR>[Called By]<UL><LI><a href="#[cd]">&gt;&gt;</a>&nbsp;&nbsp;&nbsp;cJSON_ParseWithLengthOpts
</UL>

<P><STRONG><a name="[be]"></a>suffix_object</STRONG> (Thumb, 6 bytes, Stack size 0 bytes, cjson.o(i.suffix_object))
<BR><BR>[Called By]<UL><LI><a href="#[bd]">&gt;&gt;</a>&nbsp;&nbsp;&nbsp;add_item_to_array
</UL>

<P><STRONG><a name="[109]"></a>update_offset</STRONG> (Thumb, 36 bytes, Stack size 16 bytes, cjson.o(i.update_offset))
<BR><BR>[Stack]<UL><LI>Max Depth = 16<LI>Call Chain = update_offset
</UL>
<BR>[Calls]<UL><LI><a href="#[d1]">&gt;&gt;</a>&nbsp;&nbsp;&nbsp;strlen
</UL>
<BR>[Called By]<UL><LI><a href="#[10c]">&gt;&gt;</a>&nbsp;&nbsp;&nbsp;print_object
<LI><a href="#[10a]">&gt;&gt;</a>&nbsp;&nbsp;&nbsp;print_array
<LI><a href="#[d3]">&gt;&gt;</a>&nbsp;&nbsp;&nbsp;print
</UL>

<P><STRONG><a name="[106]"></a>utf16_literal_to_utf8</STRONG> (Thumb, 300 bytes, Stack size 56 bytes, cjson.o(i.utf16_literal_to_utf8))
<BR><BR>[Stack]<UL><LI>Max Depth = 56<LI>Call Chain = utf16_literal_to_utf8
</UL>
<BR>[Calls]<UL><LI><a href="#[118]">&gt;&gt;</a>&nbsp;&nbsp;&nbsp;parse_hex4
</UL>
<BR>[Called By]<UL><LI><a href="#[105]">&gt;&gt;</a>&nbsp;&nbsp;&nbsp;parse_string
</UL>

<P><STRONG><a name="[b8]"></a>_fp_digits</STRONG> (Thumb, 366 bytes, Stack size 64 bytes, printfa.o(i._fp_digits), UNUSED)
<BR><BR>[Calls]<UL><LI><a href="#[5a]">&gt;&gt;</a>&nbsp;&nbsp;&nbsp;__aeabi_uldivmod
<LI><a href="#[64]">&gt;&gt;</a>&nbsp;&nbsp;&nbsp;__aeabi_dmul
<LI><a href="#[b9]">&gt;&gt;</a>&nbsp;&nbsp;&nbsp;__aeabi_cdrcmple
<LI><a href="#[65]">&gt;&gt;</a>&nbsp;&nbsp;&nbsp;__aeabi_ddiv
<LI><a href="#[69]">&gt;&gt;</a>&nbsp;&nbsp;&nbsp;__aeabi_dadd
<LI><a href="#[75]">&gt;&gt;</a>&nbsp;&nbsp;&nbsp;__aeabi_d2ulz
</UL>
<BR>[Called By]<UL><LI><a href="#[b4]">&gt;&gt;</a>&nbsp;&nbsp;&nbsp;_printf_core
</UL>

<P><STRONG><a name="[b4]"></a>_printf_core</STRONG> (Thumb, 1744 bytes, Stack size 136 bytes, printfa.o(i._printf_core), UNUSED)
<BR><BR>[Calls]<UL><LI><a href="#[5a]">&gt;&gt;</a>&nbsp;&nbsp;&nbsp;__aeabi_uldivmod
<LI><a href="#[bc]">&gt;&gt;</a>&nbsp;&nbsp;&nbsp;__aeabi_uidivmod
<LI><a href="#[ba]">&gt;&gt;</a>&nbsp;&nbsp;&nbsp;_printf_pre_padding
<LI><a href="#[bb]">&gt;&gt;</a>&nbsp;&nbsp;&nbsp;_printf_post_padding
<LI><a href="#[b8]">&gt;&gt;</a>&nbsp;&nbsp;&nbsp;_fp_digits
</UL>
<BR>[Called By]<UL><LI><a href="#[b5]">&gt;&gt;</a>&nbsp;&nbsp;&nbsp;__0sprintf
<LI><a href="#[b3]">&gt;&gt;</a>&nbsp;&nbsp;&nbsp;__0printf
</UL>

<P><STRONG><a name="[bb]"></a>_printf_post_padding</STRONG> (Thumb, 36 bytes, Stack size 24 bytes, printfa.o(i._printf_post_padding), UNUSED)
<BR><BR>[Called By]<UL><LI><a href="#[b4]">&gt;&gt;</a>&nbsp;&nbsp;&nbsp;_printf_core
</UL>

<P><STRONG><a name="[ba]"></a>_printf_pre_padding</STRONG> (Thumb, 46 bytes, Stack size 24 bytes, printfa.o(i._printf_pre_padding), UNUSED)
<BR><BR>[Called By]<UL><LI><a href="#[b4]">&gt;&gt;</a>&nbsp;&nbsp;&nbsp;_printf_core
</UL>

<P><STRONG><a name="[57]"></a>_sputc</STRONG> (Thumb, 10 bytes, Stack size 0 bytes, printfa.o(i._sputc))
<BR><BR>[Called By]<UL><LI><a href="#[b5]">&gt;&gt;</a>&nbsp;&nbsp;&nbsp;__0sprintf
</UL>
<BR>[Address Reference Count : 1]<UL><LI> printfa.o(i.__0sprintf)
</UL>
<P><STRONG><a name="[b7]"></a>internal_alloc</STRONG> (Thumb, 76 bytes, Stack size 24 bytes, mallocr.o(i.internal_alloc))
<BR><BR>[Stack]<UL><LI>Max Depth = 24<LI>Call Chain = internal_alloc
</UL>
<BR>[Calls]<UL><LI><a href="#[d4]">&gt;&gt;</a>&nbsp;&nbsp;&nbsp;__aeabi_memcpy
</UL>
<BR>[Called By]<UL><LI><a href="#[2]">&gt;&gt;</a>&nbsp;&nbsp;&nbsp;realloc
<LI><a href="#[0]">&gt;&gt;</a>&nbsp;&nbsp;&nbsp;malloc
</UL>

<P><STRONG><a name="[62]"></a>_fp_value</STRONG> (Thumb, 296 bytes, Stack size 64 bytes, scanf_fp.o(.text), UNUSED)
<BR><BR>[Calls]<UL><LI><a href="#[64]">&gt;&gt;</a>&nbsp;&nbsp;&nbsp;__aeabi_dmul
<LI><a href="#[63]">&gt;&gt;</a>&nbsp;&nbsp;&nbsp;__aeabi_ul2d
<LI><a href="#[65]">&gt;&gt;</a>&nbsp;&nbsp;&nbsp;__aeabi_ddiv
</UL>
<BR>[Called By]<UL><LI><a href="#[66]">&gt;&gt;</a>&nbsp;&nbsp;&nbsp;_scanf_really_real
</UL>

<P><STRONG><a name="[54]"></a>_scanf_char_input</STRONG> (Thumb, 12 bytes, Stack size 0 bytes, scanf_char.o(.text))
<BR>[Address Reference Count : 1]<UL><LI> scanf_char.o(.text)
</UL>
<P><STRONG><a name="[72]"></a>_local_sscanf</STRONG> (Thumb, 54 bytes, Stack size 56 bytes, strtod.o(.text))
<BR><BR>[Stack]<UL><LI>Max Depth = 160<LI>Call Chain = _local_sscanf &rArr; _scanf_real
</UL>
<BR>[Calls]<UL><LI><a href="#[73]">&gt;&gt;</a>&nbsp;&nbsp;&nbsp;_scanf_real
</UL>
<BR>[Called By]<UL><LI><a href="#[74]">&gt;&gt;</a>&nbsp;&nbsp;&nbsp;__strtod_int
</UL>
<P>
<H3>
Undefined Global Symbols
</H3><HR></body></html>
