<html>
<body>
<pre>
<h1>µVision Build Log</h1>
<h2>Tool Versions:</h2>
IDE-Version: ¦ÌVision V5.25.2.0
Copyright (C) 2018 ARM Ltd and ARM Germany GmbH. All rights reserved.
License Information: 11 Microsoft, Microsoft, LIC=HN0AE-5IDKY-LQ00Q-N1BMK-53IT3-9IMM6
 
Tool Versions:
Toolchain:       MDK-ARM Plus  Version: 5.25.2.0
Toolchain Path:  C:\Keil_v5\ARM\ARMCC\Bin
C Compiler:      Armcc.exe V5.06 update 6 (build 750)
Assembler:       Armasm.exe V5.06 update 6 (build 750)
Linker/Locator:  ArmLink.exe V5.06 update 6 (build 750)
Library Manager: ArmAr.exe V5.06 update 6 (build 750)
Hex Converter:   FromElf.exe V5.06 update 6 (build 750)
CPU DLL:         SARMCM3.DLL V5.25.2.0
Dialog DLL:      DCM.DLL V1.17.1.0
Target DLL:      STLink\ST-LINKIII-KEIL_SWO.dll V3.0.1.0
Dialog DLL:      TCM.DLL V1.35.1.0
 
<h2>Project:</h2>
F:\Dissertation\gd32\GD32³ÌÐò\ZNWG_GD32_0312\Projects\ZHWG_GD32_0312\MDK-ARM\GD32305C_EVAL.uvprojx
Project File Date:  03/17/2021

<h2>Output:</h2>
*** Using Compiler 'V5.06 update 6 (build 750)', folder: 'C:\Keil_v5\ARM\ARMCC\Bin'
Build target 'GD32F305C_EVAL'
compiling esp32.c...
..\Soft_Drive\esp32.h(8): warning:  #1295-D: Deprecated declaration uart2_deal - give arg types
  void uart2_deal();
..\Soft_Drive\esp32.h(10): warning:  #1-D: last line of file ends without a newline
  #endif
..\Soft_Drive\esp32.c(116): warning:  #1-D: last line of file ends without a newline
  	
..\Soft_Drive\esp32.c: 3 warnings, 0 errors
linking...
Program Size: Code=23392 RO-data=432 RW-data=388 ZI-data=60516  
FromELF: creating hex file...
".\output\Project.axf" - 0 Error(s), 3 Warning(s).

<h2>Software Packages used:</h2>

Package Vendor: ARM
                http://www.keil.com/pack/ARM.CMSIS.5.3.0.pack
                ARM.CMSIS.5.3.0
                CMSIS (Cortex Microcontroller Software Interface Standard)
   * Component: CORE Version: 5.1.1

Package Vendor: GigaDevice
                http://gd32mcu.com/data/documents/pack/GigaDevice.GD32F30x_DFP.2.1.0.pack
                GigaDevice.GD32F30x_DFP.2.1.0
                GigaDevice GD32F30x Series Device Support and Examples

<h2>Collection of Component include folders:</h2>
  .\RTE\_GD32F305C_EVAL
  C:\Keil_v5\ARM\PACK\ARM\CMSIS\5.3.0\CMSIS\Include
  C:\Keil_v5\ARM\PACK\GigaDevice\GD32F30x_DFP\2.1.0\Device\Include

<h2>Collection of Component Files used:</h2>

   * Component: ARM::CMSIS:CORE:5.1.1
Build Time Elapsed:  00:00:01
</pre>
</body>
</html>
