Component: ARM Compiler 5.06 update 6 (build 750) Tool: armlink [4d35ed]

==============================================================================

Section Cross References

    main.o(i.cpuidGetId) refers to printfa.o(i.__0sprintf) for __2sprintf
    main.o(i.cpuidGetId) refers to main.o(.bss) for mcuID
    main.o(i.cpuidGetId) refers to esp32.o(.bss) for mesh_id
    main.o(i.get_local_canshu) refers to flash.o(i.read_from_flash) for read_from_flash
    main.o(i.get_local_canshu) refers to flash.o(i.canshu_get_from_Json) for canshu_get_from_Json
    main.o(i.get_local_canshu) refers to flash.o(i.canshu_write_to_Jsonstr) for canshu_write_to_Jsonstr
    main.o(i.get_local_canshu) refers to flash.o(i.write_to_flash) for write_to_flash
    main.o(i.get_local_canshu) refers to main.o(.bss) for canshu
    main.o(i.get_local_canshu) refers to main.o(.data) for default_mode
    main.o(i.get_local_canshu) refers to esp32.o(.data) for mode
    main.o(i.main) refers to systick.o(i.systick_config) for systick_config
    main.o(i.main) refers to main.o(i.cpuidGetId) for cpuidGetId
    main.o(i.main) refers to cjson.o(i.cJSON_InitHooks) for cJSON_InitHooks
    main.o(i.main) refers to main.o(i.get_local_canshu) for get_local_canshu
    main.o(i.main) refers to bsp_uart.o(i.uart_init) for uart_init
    main.o(i.main) refers to me3630.o(i.me3630_init) for me3630_init
    main.o(i.main) refers to esp32.o(i.esp32_init) for esp32_init
    main.o(i.main) refers to bsp_led.o(i.led_init) for led_init
    main.o(i.main) refers to w5500.o(i.Load_Net_Parameters) for Load_Net_Parameters
    main.o(i.main) refers to w5500.o(i.W5500_GPIO_Configuration) for W5500_GPIO_Configuration
    main.o(i.main) refers to w5500.o(i.W5500_Initialization) for W5500_Initialization
    main.o(i.main) refers to bsp_tim.o(i.timer0_config) for timer0_config
    main.o(i.main) refers to esp32.o(i.uart2_deal) for uart2_deal
    main.o(i.main) refers to bsp_uart.o(i.uart3_deal) for uart3_deal
    main.o(i.main) refers to w5500.o(i.WEB) for WEB
    main.o(i.main) refers to bsp_led.o(i.work_led_toggle) for work_led_toggle
    main.o(i.main) refers to me3630.o(i.ME_TCP_CONNECT) for ME_TCP_CONNECT
    main.o(i.main) refers to me3630.o(i.ME_Solve) for ME_Solve
    main.o(i.main) refers to main.o(.data) for web_flag
    gd32f30x_it.o(i.SysTick_Handler) refers to systick.o(i.delay_decrement) for delay_decrement
    gd32f30x_it.o(i.TIMER0_UP_TIMER9_IRQHandler) refers to gd32f30x_timer.o(i.timer_interrupt_flag_get) for timer_interrupt_flag_get
    gd32f30x_it.o(i.TIMER0_UP_TIMER9_IRQHandler) refers to gd32f30x_timer.o(i.timer_interrupt_flag_clear) for timer_interrupt_flag_clear
    gd32f30x_it.o(i.TIMER0_UP_TIMER9_IRQHandler) refers to gd32f30x_it.o(.data) for time_1sec_buf
    gd32f30x_it.o(i.TIMER0_UP_TIMER9_IRQHandler) refers to main.o(.data) for work_led_flag
    gd32f30x_it.o(i.TIMER0_UP_TIMER9_IRQHandler) refers to me3630.o(.data) for ME_time_flag
    gd32f30x_it.o(i.TIMER0_UP_TIMER9_IRQHandler) refers to bsp_uart.o(.data) for uart3_rx_cnt
    gd32f30x_it.o(i.TIMER0_UP_TIMER9_IRQHandler) refers to esp32.o(.data) for UART2_RX_CNT
    gd32f30x_it.o(i.UART3_IRQHandler) refers to gd32f30x_usart.o(i.usart_interrupt_flag_get) for usart_interrupt_flag_get
    gd32f30x_it.o(i.UART3_IRQHandler) refers to gd32f30x_usart.o(i.usart_data_receive) for usart_data_receive
    gd32f30x_it.o(i.UART3_IRQHandler) refers to bsp_uart.o(.data) for uart3_rx_cnt
    gd32f30x_it.o(i.UART3_IRQHandler) refers to bsp_uart.o(.bss) for UART3_RX_BUF
    gd32f30x_it.o(i.UART3_IRQHandler) refers to gd32f30x_it.o(.data) for uart3_rx_done
    gd32f30x_it.o(i.USART1_IRQHandler) refers to gd32f30x_usart.o(i.usart_interrupt_flag_get) for usart_interrupt_flag_get
    gd32f30x_it.o(i.USART1_IRQHandler) refers to gd32f30x_usart.o(i.usart_data_receive) for usart_data_receive
    gd32f30x_it.o(i.USART1_IRQHandler) refers to me3630.o(.bss) for meioinfo
    gd32f30x_it.o(i.USART2_IRQHandler) refers to gd32f30x_usart.o(i.usart_interrupt_flag_get) for usart_interrupt_flag_get
    gd32f30x_it.o(i.USART2_IRQHandler) refers to gd32f30x_usart.o(i.usart_data_receive) for usart_data_receive
    gd32f30x_it.o(i.USART2_IRQHandler) refers to esp32.o(.data) for UART2_RX_CNT
    gd32f30x_it.o(i.USART2_IRQHandler) refers to esp32.o(.bss) for UART2_RX_BUF
    gd32f30x_it.o(i.USART2_IRQHandler) refers to gd32f30x_it.o(.data) for usart2_rx_done
    systick.o(i.delay_1ms) refers to systick.o(.data) for delay
    systick.o(i.delay_decrement) refers to systick.o(.data) for delay
    systick.o(i.systick_config) refers to systick.o(i.NVIC_SetPriority) for NVIC_SetPriority
    systick.o(i.systick_config) refers to system_gd32f30x.o(.data) for SystemCoreClock
    system_gd32f30x.o(i.SystemCoreClockUpdate) refers to system_gd32f30x.o(.data) for SystemCoreClock
    system_gd32f30x.o(i.SystemInit) refers to system_gd32f30x.o(i.system_clock_config) for system_clock_config
[...]
    i.canshu_write_to_Jsonstr                0x0800379c   Section        0  flash.o(i.canshu_write_to_Jsonstr)
    i.case_insensitive_strcmp                0x08003834   Section        0  cjson.o(i.case_insensitive_strcmp)
    case_insensitive_strcmp                  0x08003835   Thumb Code    72  cjson.o(i.case_insensitive_strcmp)
    i.cast_away_const                        0x0800387c   Section        0  cjson.o(i.cast_away_const)
    cast_away_const                          0x0800387d   Thumb Code     2  cjson.o(i.cast_away_const)
    i.compare_double                         0x08003880   Section        0  cjson.o(i.compare_double)
    compare_double                           0x08003881   Thumb Code   192  cjson.o(i.compare_double)
    i.config_ans_get_from_Json               0x08003948   Section        0  esp32.o(i.config_ans_get_from_Json)
    i.cpuidGetId                             0x0800398c   Section        0  main.o(i.cpuidGetId)
    i.delay_decrement                        0x080039dc   Section        0  systick.o(i.delay_decrement)
    i.ensure                                 0x080039f4   Section        0  cjson.o(i.ensure)
    ensure                                   0x080039f5   Thumb Code   184  cjson.o(i.ensure)
    i.esp32_config                           0x08003aac   Section        0  esp32.o(i.esp32_config)
    i.esp32_init                             0x08003adc   Section        0  esp32.o(i.esp32_init)
    i.fmc_bank0_lock                         0x08003b68   Section        0  gd32f30x_fmc.o(i.fmc_bank0_lock)
    i.fmc_bank0_ready_wait                   0x08003b7c   Section        0  gd32f30x_fmc.o(i.fmc_bank0_ready_wait)
    i.fmc_bank0_state_get                    0x08003ba0   Section        0  gd32f30x_fmc.o(i.fmc_bank0_state_get)
    i.fmc_bank0_unlock                       0x08003bd0   Section        0  gd32f30x_fmc.o(i.fmc_bank0_unlock)
    i.fmc_bank1_ready_wait                   0x08003bf4   Section        0  gd32f30x_fmc.o(i.fmc_bank1_ready_wait)
    i.fmc_bank1_state_get                    0x08003c18   Section        0  gd32f30x_fmc.o(i.fmc_bank1_state_get)
    i.fmc_halfword_program                   0x08003c48   Section        0  gd32f30x_fmc.o(i.fmc_halfword_program)
    i.fmc_page_erase                         0x08003d08   Section        0  gd32f30x_fmc.o(i.fmc_page_erase)
    i.fputc                                  0x08003df4   Section        0  me3630.o(i.fputc)
    i.get_decimal_point                      0x08003e18   Section        0  cjson.o(i.get_decimal_point)
    get_decimal_point                        0x08003e19   Thumb Code     4  cjson.o(i.get_decimal_point)
    i.get_local_canshu                       0x08003e1c   Section        0  main.o(i.get_local_canshu)
    i.get_object_item                        0x08003e50   Section        0  cjson.o(i.get_object_item)
    get_object_item                          0x08003e51   Thumb Code    82  cjson.o(i.get_object_item)
    i.gpio_bit_reset                         0x08003ea2   Section        0  gd32f30x_gpio.o(i.gpio_bit_reset)
    i.gpio_bit_set                           0x08003ea6   Section        0  gd32f30x_gpio.o(i.gpio_bit_set)
    i.gpio_init                              0x08003eaa   Section        0  gd32f30x_gpio.o(i.gpio_init)
    i.internal_alloc                         0x08003f68   Section        0  mallocr.o(i.internal_alloc)
    internal_alloc                           0x08003f69   Thumb Code    76  mallocr.o(i.internal_alloc)
    i.led_init                               0x08003fb8   Section        0  bsp_led.o(i.led_init)
    i.main                                   0x08003fd4   Section        0  main.o(i.main)
    i.me3630_init                            0x08004044   Section        0  me3630.o(i.me3630_init)
    i.nvic_irq_enable                        0x080040cc   Section        0  gd32f30x_misc.o(i.nvic_irq_enable)
    i.nvic_priority_group_set                0x08004190   Section        0  gd32f30x_misc.o(i.nvic_priority_group_set)
    i.parse_array                            0x080041a4   Section        0  cjson.o(i.parse_array)
    parse_array                              0x080041a5   Thumb Code   248  cjson.o(i.parse_array)
    i.parse_hex4                             0x0800429c   Section        0  cjson.o(i.parse_hex4)
    parse_hex4                               0x0800429d   Thumb Code    90  cjson.o(i.parse_hex4)
    i.parse_number                           0x080042f8   Section        0  cjson.o(i.parse_number)
    parse_number                             0x080042f9   Thumb Code   316  cjson.o(i.parse_number)
    i.parse_object                           0x0800444c   Section        0  cjson.o(i.parse_object)
    parse_object                             0x0800444d   Thumb Code   318  cjson.o(i.parse_object)
    i.parse_string                           0x0800458a   Section        0  cjson.o(i.parse_string)
    parse_string                             0x0800458b   Thumb Code   396  cjson.o(i.parse_string)
    i.parse_value                            0x08004718   Section        0  cjson.o(i.parse_value)
    parse_value                              0x08004719   Thumb Code   290  cjson.o(i.parse_value)
    i.print                                  0x08004854   Section        0  cjson.o(i.print)
    print                                    0x08004855   Thumb Code   178  cjson.o(i.print)
    i.print_array                            0x08004906   Section        0  cjson.o(i.print_array)
    print_array                              0x08004907   Thumb Code   178  cjson.o(i.print_array)
    i.print_number                           0x080049b8   Section        0  cjson.o(i.print_number)
    print_number                             0x080049b9   Thumb Code   272  cjson.o(i.print_number)
    i.print_object                           0x08004af0   Section        0  cjson.o(i.print_object)
    print_object                             0x08004af1   Thumb Code   372  cjson.o(i.print_object)
    i.print_string                           0x08004c64   Section        0  cjson.o(i.print_string)
    print_string                             0x08004c65   Thumb Code    16  cjson.o(i.print_string)
    i.print_string_ptr                       0x08004c74   Section        0  cjson.o(i.print_string_ptr)
    print_string_ptr                         0x08004c75   Thumb Code   360  cjson.o(i.print_string_ptr)
    i.print_value                            0x08004de8   Section        0  cjson.o(i.print_value)
    print_value                              0x08004de9   Thumb Code   236  cjson.o(i.print_value)
    i.rcu_clock_freq_get                     0x08004eec   Section        0  gd32f30x_rcu.o(i.rcu_clock_freq_get)
    i.rcu_periph_clock_enable                0x0800508c   Section        0  gd32f30x_rcu.o(i.rcu_periph_clock_enable)
    i.rcu_periph_reset_disable               0x080050ac   Section        0  gd32f30x_rcu.o(i.rcu_periph_reset_disable)
    i.rcu_periph_reset_enable                0x080050cc   Section        0  gd32f30x_rcu.o(i.rcu_periph_reset_enable)
    i.read_from_flash                        0x080050ec   Section        0  flash.o(i.read_from_flash)
    i.realloc                                0x08005100   Section        0  mallocr.o(i.realloc)
    i.skip_utf8_bom                          0x0800516c   Section        0  cjson.o(i.skip_utf8_bom)
    skip_utf8_bom                            0x0800516d   Thumb Code    56  cjson.o(i.skip_utf8_bom)
    i.spi_crc_polynomial_set                 0x080051a8   Section        0  gd32f30x_spi.o(i.spi_crc_polynomial_set)
    i.spi_enable                             0x080051b4   Section        0  gd32f30x_spi.o(i.spi_enable)
    i.spi_i2s_data_receive                   0x080051be   Section        0  gd32f30x_spi.o(i.spi_i2s_data_receive)
    i.spi_i2s_data_transmit                  0x080051c6   Section        0  gd32f30x_spi.o(i.spi_i2s_data_transmit)
    i.spi_i2s_flag_get                       0x080051ca   Section        0  gd32f30x_spi.o(i.spi_i2s_flag_get)
    i.spi_init                               0x080051da   Section        0  gd32f30x_spi.o(i.spi_init)
    i.str2str_TX                             0x0800520c   Section        0  me3630.o(i.str2str_TX)
    i.suffix_object                          0x0800527e   Section        0  cjson.o(i.suffix_object)
    suffix_object                            0x0800527f   Thumb Code     6  cjson.o(i.suffix_object)
    i.system_clock_120m_hxtal                0x08005284   Section        0  system_gd32f30x.o(i.system_clock_120m_hxtal)
    system_clock_120m_hxtal                  0x08005285   Thumb Code   288  system_gd32f30x.o(i.system_clock_120m_hxtal)
    i.system_clock_config                    0x080053bc   Section        0  system_gd32f30x.o(i.system_clock_config)
    system_clock_config                      0x080053bd   Thumb Code     8  system_gd32f30x.o(i.system_clock_config)
    i.systick_config                         0x080053c4   Section        0  systick.o(i.systick_config)
    i.timer0_config                          0x08005414   Section        0  bsp_tim.o(i.timer0_config)
    i.timer_deinit                           0x0800546c   Section        0  gd32f30x_timer.o(i.timer_deinit)
    i.timer_enable                           0x080055f0   Section        0  gd32f30x_timer.o(i.timer_enable)
    i.timer_init                             0x080055fc   Section        0  gd32f30x_timer.o(i.timer_init)
    i.timer_interrupt_enable                 0x08005694   Section        0  gd32f30x_timer.o(i.timer_interrupt_enable)
    i.timer_interrupt_flag_clear             0x0800569c   Section        0  gd32f30x_timer.o(i.timer_interrupt_flag_clear)
    i.timer_interrupt_flag_get               0x080056a4   Section        0  gd32f30x_timer.o(i.timer_interrupt_flag_get)
    i.uart2_deal                             0x080056bc   Section        0  esp32.o(i.uart2_deal)
    i.uart3_deal                             0x08005784   Section        0  bsp_uart.o(i.uart3_deal)
    i.uart_init                              0x08005810   Section        0  bsp_uart.o(i.uart_init)
    i.update_offset                          0x080058bc   Section        0  cjson.o(i.update_offset)
    update_offset                            0x080058bd   Thumb Code    36  cjson.o(i.update_offset)
    i.usart2_sendstr                         0x080058e0   Section        0  esp32.o(i.usart2_sendstr)
    i.usart_baudrate_set                     0x0800591c   Section        0  gd32f30x_usart.o(i.usart_baudrate_set)
    i.usart_data_receive                     0x080059ac   Section        0  gd32f30x_usart.o(i.usart_data_receive)
    i.usart_data_transmit                    0x080059b6   Section        0  gd32f30x_usart.o(i.usart_data_transmit)
    i.usart_deinit                           0x080059c0   Section        0  gd32f30x_usart.o(i.usart_deinit)
    i.usart_enable                           0x08005a50   Section        0  gd32f30x_usart.o(i.usart_enable)
    i.usart_flag_get                         0x08005a5a   Section        0  gd32f30x_usart.o(i.usart_flag_get)
    i.usart_interrupt_enable                 0x08005a78   Section        0  gd32f30x_usart.o(i.usart_interrupt_enable)
    i.usart_interrupt_flag_get               0x08005a92   Section        0  gd32f30x_usart.o(i.usart_interrupt_flag_get)
    i.usart_parity_config                    0x08005aca   Section        0  gd32f30x_usart.o(i.usart_parity_config)
    i.usart_receive_config                   0x08005ada   Section        0  gd32f30x_usart.o(i.usart_receive_config)
    i.usart_stop_bit_set                     0x08005aea   Section        0  gd32f30x_usart.o(i.usart_stop_bit_set)
    i.usart_transmit_config                  0x08005afa   Section        0  gd32f30x_usart.o(i.usart_transmit_config)
    i.usart_word_length_set                  0x08005b0a   Section        0  gd32f30x_usart.o(i.usart_word_length_set)
    i.utf16_literal_to_utf8                  0x08005b1a   Section        0  cjson.o(i.utf16_literal_to_utf8)
    utf16_literal_to_utf8                    0x08005b1b   Thumb Code   300  cjson.o(i.utf16_literal_to_utf8)
    i.work_led_off                           0x08005c48   Section        0  bsp_led.o(i.work_led_off)
    i.work_led_on                            0x08005c58   Section        0  bsp_led.o(i.work_led_on)
    i.work_led_toggle                        0x08005c68   Section        0  bsp_led.o(i.work_led_toggle)
    i.write_to_flash                         0x08005c94   Section        0  flash.o(i.write_to_flash)
    .constdata                               0x08005cb0   Section       64  ctype_c.o(.constdata)
    .data                                    0x20000000   Section      104  main.o(.data)
    .data                                    0x20000068   Section       32  gd32f30x_it.o(.data)
    .data                                    0x20000088   Section        4  systick.o(.data)
    delay                                    0x20000088   Data           4  systick.o(.data)
    .data                                    0x2000008c   Section        4  system_gd32f30x.o(.data)
    .data                                    0x20000090   Section      180  w5500.o(.data)
    .data                                    0x20000144   Section        1  bsp_led.o(.data)
    work_led_flag                            0x20000144   Data           1  bsp_led.o(.data)
    .data                                    0x20000146   Section        2  bsp_uart.o(.data)
    .data                                    0x20000148   Section       20  me3630.o(.data)
    data_rev_flag                            0x20000158   Data           1  me3630.o(.data)
    error_cnt                                0x2000015a   Data           2  me3630.o(.data)
    .data                                    0x2000015c   Section        6  esp32.o(.data)
    .data                                    0x20000164   Section       20  cjson.o(.data)
    global_error                             0x20000164   Data           8  cjson.o(.data)
    global_hooks                             0x2000016c   Data          12  cjson.o(.data)
    .data                                    0x20000178   Section        4  stdout.o(.data)
    .data                                    0x2000017c   Section        4  mvars.o(.data)
    .data                                    0x20000180   Section        4  mvars.o(.data)
    .bss                                     0x20000184   Section      312  main.o(.bss)
    .bss                                     0x200002bc   Section     5216  w5500.o(.bss)
    .bss                                     0x2000171c   Section      150  bsp_uart.o(.bss)
    data                                     0x20001780   Data          50  bsp_uart.o(.bss)
    .bss                                     0x200017b4   Section     2712  me3630.o(.bss)
    .bss                                     0x2000224c   Section      410  esp32.o(.bss)
    data                                     0x20002256   Data         100  esp32.o(.bss)
    HEAP                                     0x200023e8   Section    51200  startup_gd32f30x_cl.o(HEAP)
    STACK                                    0x2000ebe8   Section      512  startup_gd32f30x_cl.o(STACK)

    Global Symbols

    Symbol Name                              Value     Ov Type        Size  Object(Section)

    BuildAttributes$$THM_ISAv4$E$P$D$K$B$S$7EM$VFPi3$EXTD16$VFPS$VFMA$PE$A:L22UL41UL21$X:L11$S22US41US21$IEEE1$IW$USESV6$~STKCKD$USESV7$~SHL$OTIME$ROPI$IEEEJ$EBA8$MICROLIB$REQ8$PRES8$EABIv2 0x00000000   Number         0  anon$$obj.o ABSOLUTE
    __ARM_use_no_argv                        0x00000000   Number         0  main.o ABSOLUTE
    _printf_a                                0x00000000   Number         0  stubs.o ABSOLUTE
    _printf_c                                0x00000000   Number         0  stubs.o ABSOLUTE
    _printf_charcount                        0x00000000   Number         0  stubs.o ABSOLUTE
    _printf_d                                0x00000000   Number         0  stubs.o ABSOLUTE
    _printf_e                                0x00000000   Number         0  stubs.o ABSOLUTE
    _printf_f                                0x00000000   Number         0  stubs.o ABSOLUTE
    _printf_flags                            0x00000000   Number         0  stubs.o ABSOLUTE
    _printf_fp_dec                           0x00000000   Number         0  stubs.o ABSOLUTE
    _printf_fp_hex                           0x00000000   Number         0  stubs.o ABSOLUTE
    _printf_g                                0x00000000   Number         0  stubs.o ABSOLUTE
    _printf_i                                0x00000000   Number         0  stubs.o ABSOLUTE
    _printf_int_dec                          0x00000000   Number         0  stubs.o ABSOLUTE
    _printf_l                                0x00000000   Number         0  stubs.o ABSOLUTE
    _printf_lc                               0x00000000   Number         0  stubs.o ABSOLUTE
    _printf_ll                               0x00000000   Number         0  stubs.o ABSOLUTE
    _printf_lld                              0x00000000   Number         0  stubs.o ABSOLUTE
    _printf_lli                              0x00000000   Number         0  stubs.o ABSOLUTE
    _printf_llo                              0x00000000   Number         0  stubs.o ABSOLUTE
    _printf_llu                              0x00000000   Number         0  stubs.o ABSOLUTE
    _printf_llx                              0x00000000   Number         0  stubs.o ABSOLUTE
    _printf_longlong_dec                     0x00000000   Number         0  stubs.o ABSOLUTE
    _printf_longlong_hex                     0x00000000   Number         0  stubs.o ABSOLUTE
    _printf_longlong_oct                     0x00000000   Number         0  stubs.o ABSOLUTE
    _printf_ls                               0x00000000   Number         0  stubs.o ABSOLUTE
    _printf_mbtowc                           0x00000000   Number         0  stubs.o ABSOLUTE
    _printf_n                                0x00000000   Number         0  stubs.o ABSOLUTE
    _printf_o                                0x00000000   Number         0  stubs.o ABSOLUTE
    _printf_p                                0x00000000   Number         0  stubs.o ABSOLUTE
    _printf_percent                          0x00000000   Number         0  stubs.o ABSOLUTE
    _printf_pre_padding                      0x00000000   Number         0  stubs.o ABSOLUTE
    _printf_return_value                     0x00000000   Number         0  stubs.o ABSOLUTE
    _printf_s                                0x00000000   Number         0  stubs.o ABSOLUTE
    _printf_sizespec                         0x00000000   Number         0  stubs.o ABSOLUTE
    _printf_str                              0x00000000   Number         0  stubs.o ABSOLUTE
    _printf_truncate_signed                  0x00000000   Number         0  stubs.o ABSOLUTE
    _printf_truncate_unsigned                0x00000000   Number         0  stubs.o ABSOLUTE
    _printf_u                                0x00000000   Number         0  stubs.o ABSOLUTE
    _printf_wc                               0x00000000   Number         0  stubs.o ABSOLUTE
    _printf_wctomb                           0x00000000   Number         0  stubs.o ABSOLUTE
    _printf_widthprec                        0x00000000   Number         0  stubs.o ABSOLUTE
    _printf_x                                0x00000000   Number         0  stubs.o ABSOLUTE
    __cpp_initialize__aeabi_                  - Undefined Weak Reference
    __cxa_finalize                            - Undefined Weak Reference
    _clock_init                               - Undefined Weak Reference
    _microlib_exit                            - Undefined Weak Reference
    _scanf_int                                - Undefined Weak Reference
    _scanf_longlong                           - Undefined Weak Reference
    _scanf_string                             - Undefined Weak Reference
    __Vectors_Size                           0x00000150   Number         0  startup_gd32f30x_cl.o ABSOLUTE
    __Vectors                                0x08000000   Data           4  startup_gd32f30x_cl.o(RESET)
    __Vectors_End                            0x08000150   Data           0  startup_gd32f30x_cl.o(RESET)
    __main                                   0x08000151   Thumb Code     0  entry.o(.ARM.Collect$$$$00000000)
    _main_stk                                0x08000151   Thumb Code     0  entry2.o(.ARM.Collect$$$$00000001)
    _main_scatterload                        0x08000155   Thumb Code     0  entry5.o(.ARM.Collect$$$$00000004)
    __main_after_scatterload                 0x08000159   Thumb Code     0  entry5.o(.ARM.Collect$$$$00000004)
    _main_clock                              0x08000159   Thumb Code     0  entry7b.o(.ARM.Collect$$$$00000008)
    _main_cpp_init                           0x08000159   Thumb Code     0  entry8b.o(.ARM.Collect$$$$0000000A)
    _main_init                               0x08000159   Thumb Code     0  entry9a.o(.ARM.Collect$$$$0000000B)
    __rt_final_cpp                           0x08000161   Thumb Code     0  entry10a.o(.ARM.Collect$$$$0000000D)
    __rt_final_exit                          0x08000161   Thumb Code     0  entry11a.o(.ARM.Collect$$$$0000000F)
    Reset_Handler                            0x08000165   Thumb Code     8  startup_gd32f30x_cl.o(.text)
    ADC0_1_IRQHandler                        0x0800017f   Thumb Code     0  startup_gd32f30x_cl.o(.text)
    CAN0_EWMC_IRQHandler                     0x0800017f   Thumb Code     0  startup_gd32f30x_cl.o(.text)
    CAN0_RX0_IRQHandler                      0x0800017f   Thumb Code     0  startup_gd32f30x_cl.o(.text)
    CAN0_RX1_IRQHandler                      0x0800017f   Thumb Code     0  startup_gd32f30x_cl.o(.text)
    CAN0_TX_IRQHandler                       0x0800017f   Thumb Code     0  startup_gd32f30x_cl.o(.text)
    CAN1_EWMC_IRQHandler                     0x0800017f   Thumb Code     0  startup_gd32f30x_cl.o(.text)
    CAN1_RX0_IRQHandler                      0x0800017f   Thumb Code     0  startup_gd32f30x_cl.o(.text)
    CAN1_RX1_IRQHandler                      0x0800017f   Thumb Code     0  startup_gd32f30x_cl.o(.text)
    CAN1_TX_IRQHandler                       0x0800017f   Thumb Code     0  startup_gd32f30x_cl.o(.text)
    DMA0_Channel0_IRQHandler                 0x0800017f   Thumb Code     0  startup_gd32f30x_cl.o(.text)
    DMA0_Channel1_IRQHandler                 0x0800017f   Thumb Code     0  startup_gd32f30x_cl.o(.text)
    DMA0_Channel2_IRQHandler                 0x0800017f   Thumb Code     0  startup_gd32f30x_cl.o(.text)
    DMA0_Channel3_IRQHandler                 0x0800017f   Thumb Code     0  startup_gd32f30x_cl.o(.text)
    DMA0_Channel4_IRQHandler                 0x0800017f   Thumb Code     0  startup_gd32f30x_cl.o(.text)
    DMA0_Channel5_IRQHandler                 0x0800017f   Thumb Code     0  startup_gd32f30x_cl.o(.text)
    DMA0_Channel6_IRQHandler                 0x0800017f   Thumb Code     0  startup_gd32f30x_cl.o(.text)
    DMA1_Channel0_IRQHandler                 0x0800017f   Thumb Code     0  startup_gd32f30x_cl.o(.text)
    DMA1_Channel1_IRQHandler                 0x0800017f   Thumb Code     0  startup_gd32f30x_cl.o(.text)
    DMA1_Channel2_IRQHandler                 0x0800017f   Thumb Code     0  startup_gd32f30x_cl.o(.text)
    DMA1_Channel3_IRQHandler                 0x0800017f   Thumb Code     0  startup_gd32f30x_cl.o(.text)
    DMA1_Channel4_IRQHandler                 0x0800017f   Thumb Code     0  startup_gd32f30x_cl.o(.text)
    ENET_IRQHandler                          0x0800017f   Thumb Code     0  startup_gd32f30x_cl.o(.text)
    ENET_WKUP_IRQHandler                     0x0800017f   Thumb Code     0  startup_gd32f30x_cl.o(.text)
    EXMC_IRQHandler                          0x0800017f   Thumb Code     0  startup_gd32f30x_cl.o(.text)
    EXTI0_IRQHandler                         0x0800017f   Thumb Code     0  startup_gd32f30x_cl.o(.text)
    EXTI10_15_IRQHandler                     0x0800017f   Thumb Code     0  startup_gd32f30x_cl.o(.text)
    EXTI1_IRQHandler                         0x0800017f   Thumb Code     0  startup_gd32f30x_cl.o(.text)
    EXTI2_IRQHandler                         0x0800017f   Thumb Code     0  startup_gd32f30x_cl.o(.text)
    EXTI3_IRQHandler                         0x0800017f   Thumb Code     0  startup_gd32f30x_cl.o(.text)
    EXTI4_IRQHandler                         0x0800017f   Thumb Code     0  startup_gd32f30x_cl.o(.text)
    EXTI5_9_IRQHandler                       0x0800017f   Thumb Code     0  startup_gd32f30x_cl.o(.text)
    FMC_IRQHandler                           0x0800017f   Thumb Code     0  startup_gd32f30x_cl.o(.text)
    I2C0_ER_IRQHandler                       0x0800017f   Thumb Code     0  startup_gd32f30x_cl.o(.text)
    I2C0_EV_IRQHandler                       0x0800017f   Thumb Code     0  startup_gd32f30x_cl.o(.text)
    I2C1_ER_IRQHandler                       0x0800017f   Thumb Code     0  startup_gd32f30x_cl.o(.text)
    I2C1_EV_IRQHandler                       0x0800017f   Thumb Code     0  startup_gd32f30x_cl.o(.text)
    LVD_IRQHandler                           0x0800017f   Thumb Code     0  startup_gd32f30x_cl.o(.text)
    RCU_CTC_IRQHandler                       0x0800017f   Thumb Code     0  startup_gd32f30x_cl.o(.text)
    RTC_Alarm_IRQHandler                     0x0800017f   Thumb Code     0  startup_gd32f30x_cl.o(.text)
    RTC_IRQHandler                           0x0800017f   Thumb Code     0  startup_gd32f30x_cl.o(.text)
    SPI0_IRQHandler                          0x0800017f   Thumb Code     0  startup_gd32f30x_cl.o(.text)
    SPI1_IRQHandler                          0x0800017f   Thumb Code     0  startup_gd32f30x_cl.o(.text)
    SPI2_IRQHandler                          0x0800017f   Thumb Code     0  startup_gd32f30x_cl.o(.text)
    TAMPER_IRQHandler                        0x0800017f   Thumb Code     0  startup_gd32f30x_cl.o(.text)
    TIMER0_BRK_TIMER8_IRQHandler             0x0800017f   Thumb Code     0  startup_gd32f30x_cl.o(.text)
    TIMER0_Channel_IRQHandler                0x0800017f   Thumb Code     0  startup_gd32f30x_cl.o(.text)
    TIMER0_TRG_CMT_TIMER10_IRQHandler        0x0800017f   Thumb Code     0  startup_gd32f30x_cl.o(.text)
    TIMER1_IRQHandler                        0x0800017f   Thumb Code     0  startup_gd32f30x_cl.o(.text)
    TIMER2_IRQHandler                        0x0800017f   Thumb Code     0  startup_gd32f30x_cl.o(.text)
    TIMER3_IRQHandler                        0x0800017f   Thumb Code     0  startup_gd32f30x_cl.o(.text)
    TIMER4_IRQHandler                        0x0800017f   Thumb Code     0  startup_gd32f30x_cl.o(.text)
    TIMER5_IRQHandler                        0x0800017f   Thumb Code     0  startup_gd32f30x_cl.o(.text)
    TIMER6_IRQHandler                        0x0800017f   Thumb Code     0  startup_gd32f30x_cl.o(.text)
    TIMER7_BRK_TIMER11_IRQHandler            0x0800017f   Thumb Code     0  startup_gd32f30x_cl.o(.text)
    TIMER7_Channel_IRQHandler                0x0800017f   Thumb Code     0  startup_gd32f30x_cl.o(.text)
    TIMER7_TRG_CMT_TIMER13_IRQHandler        0x0800017f   Thumb Code     0  startup_gd32f30x_cl.o(.text)
    TIMER7_UP_TIMER12_IRQHandler             0x0800017f   Thumb Code     0  startup_gd32f30x_cl.o(.text)
    UART4_IRQHandler                         0x0800017f   Thumb Code     0  startup_gd32f30x_cl.o(.text)
    USART0_IRQHandler                        0x0800017f   Thumb Code     0  startup_gd32f30x_cl.o(.text)
    USBFS_IRQHandler                         0x0800017f   Thumb Code     0  startup_gd32f30x_cl.o(.text)
    USBFS_WKUP_IRQHandler                    0x0800017f   Thumb Code     0  startup_gd32f30x_cl.o(.text)
    WWDGT_IRQHandler                         0x0800017f   Thumb Code     0  startup_gd32f30x_cl.o(.text)
    __aeabi_uldivmod                         0x08000189   Thumb Code    98  uldiv.o(.text)
    tolower                                  0x080001eb   Thumb Code    12  tolower.o(.text)
    __aeabi_memcpy                           0x080001f7   Thumb Code    36  memcpya.o(.text)
    __aeabi_memcpy4                          0x080001f7   Thumb Code     0  memcpya.o(.text)
    __aeabi_memcpy8                          0x080001f7   Thumb Code     0  memcpya.o(.text)
    __aeabi_memset                           0x0800021b   Thumb Code    14  memseta.o(.text)
    __aeabi_memset4                          0x0800021b   Thumb Code     0  memseta.o(.text)
    __aeabi_memset8                          0x0800021b   Thumb Code     0  memseta.o(.text)
    __aeabi_memclr                           0x08000229   Thumb Code     4  memseta.o(.text)
    __aeabi_memclr4                          0x08000229   Thumb Code     0  memseta.o(.text)
    __aeabi_memclr8                          0x08000229   Thumb Code     0  memseta.o(.text)
    _memset$wrapper                          0x0800022d   Thumb Code    18  memseta.o(.text)
    strstr                                   0x0800023f   Thumb Code    36  strstr.o(.text)
    strlen                                   0x08000263   Thumb Code    14  strlen.o(.text)
    strcmp                                   0x08000271   Thumb Code    28  strcmp.o(.text)
    strcpy                                   0x0800028d   Thumb Code    18  strcpy.o(.text)
    strncmp                                  0x0800029f   Thumb Code    30  strncmp.o(.text)
    __0sscanf                                0x080002bd   Thumb Code    48  __0sscanf.o(.text)
    _scanf_real                              0x0800041d   Thumb Code     0  scanf_fp.o(.text)
    _scanf_really_real                       0x0800041d   Thumb Code   556  scanf_fp.o(.text)
    __aeabi_dadd                             0x08000655   Thumb Code   322  dadd.o(.text)
    __aeabi_dsub                             0x08000797   Thumb Code     6  dadd.o(.text)
    __aeabi_drsub                            0x0800079d   Thumb Code     6  dadd.o(.text)
    __aeabi_dmul                             0x080007a3   Thumb Code   228  dmul.o(.text)
    __aeabi_ui2d                             0x08000887   Thumb Code    26  dfltui.o(.text)
    __aeabi_d2iz                             0x080008a1   Thumb Code    62  dfixi.o(.text)
    __aeabi_cdcmpeq                          0x080008e1   Thumb Code     0  cdcmple.o(.text)
    __aeabi_cdcmple                          0x080008e1   Thumb Code    48  cdcmple.o(.text)
    __aeabi_cdrcmple                         0x08000911   Thumb Code    48  cdrcmple.o(.text)
    __aeabi_uidiv                            0x08000941   Thumb Code     0  uidiv.o(.text)
    __aeabi_uidivmod                         0x08000941   Thumb Code    44  uidiv.o(.text)
    __aeabi_llsl                             0x0800096d   Thumb Code    30  llshl.o(.text)
    _ll_shift_l                              0x0800096d   Thumb Code     0  llshl.o(.text)
    __aeabi_llsr                             0x0800098b   Thumb Code    32  llushr.o(.text)
    _ll_ushift_r                             0x0800098b   Thumb Code     0  llushr.o(.text)
    __aeabi_lasr                             0x080009ab   Thumb Code    36  llsshr.o(.text)
    _ll_sshift_r                             0x080009ab   Thumb Code     0  llsshr.o(.text)
    __vfscanf_char                           0x080009dd   Thumb Code    20  scanf_char.o(.text)
    _sgetc                                   0x080009f9   Thumb Code    30  _sgetc.o(.text)
    _sbackspace                              0x08000a17   Thumb Code    34  _sgetc.o(.text)
    __strtod_int                             0x08000a6f   Thumb Code    90  strtod.o(.text)
    __I$use$fp                               0x08000ad5   Thumb Code     0  iusefp.o(.text)
    _double_round                            0x08000ad5   Thumb Code    30  depilogue.o(.text)
    _double_epilogue                         0x08000af3   Thumb Code   156  depilogue.o(.text)
    __aeabi_ddiv                             0x08000b8f   Thumb Code   222  ddiv.o(.text)
    __aeabi_ul2d                             0x08000c6d   Thumb Code    24  dfltul.o(.text)
    __aeabi_d2ulz                            0x08000c85   Thumb Code    48  dfixul.o(.text)
    __aeabi_d2f                              0x08000cb5   Thumb Code    56  d2f.o(.text)
    __scatterload                            0x08000ced   Thumb Code    28  init.o(.text)
    __scatterload_rt2                        0x08000ced   Thumb Code     0  init.o(.text)
    isspace                                  0x08000d11   Thumb Code    10  isspace_c.o(.text)
    __vfscanf                                0x08000d1d   Thumb Code   808  _scanf.o(.text)
    _float_round                             0x08001049   Thumb Code    18  fepilogue.o(.text)
    _float_epilogue                          0x0800105b   Thumb Code    92  fepilogue.o(.text)
    __ctype_lookup                           0x080010b9   Thumb Code    34  ctype_c.o(.text)
    __decompress                             0x080010e1   Thumb Code     0  __dczerorl2.o(.text)
    __decompress1                            0x080010e1   Thumb Code    86  __dczerorl2.o(.text)
    BusFault_Handler                         0x08001137   Thumb Code     4  gd32f30x_it.o(i.BusFault_Handler)
    DebugMon_Handler                         0x0800113b   Thumb Code     2  gd32f30x_it.o(i.DebugMon_Handler)
    Detect_Gateway                           0x0800113d   Thumb Code   182  w5500.o(i.Detect_Gateway)
    FLASH_ReadHalfWord                       0x080011f9   Thumb Code     6  flash.o(i.FLASH_ReadHalfWord)
    FLASH_ReadMoreData                       0x080011ff   Thumb Code    34  flash.o(i.FLASH_ReadMoreData)
    FLASH_WriteMoreData                      0x08001221   Thumb Code    88  flash.o(i.FLASH_WriteMoreData)
    HardFault_Handler                        0x08001279   Thumb Code     4  gd32f30x_it.o(i.HardFault_Handler)
    Load_Net_Parameters                      0x0800127d   Thumb Code   346  w5500.o(i.Load_Net_Parameters)
    ME_Solve                                 0x08001451   Thumb Code   334  me3630.o(i.ME_Solve)
    ME_TCP_CONNECT                           0x08001621   Thumb Code   334  me3630.o(i.ME_TCP_CONNECT)
    ME_TCP_TX                                0x08001845   Thumb Code    18  me3630.o(i.ME_TCP_TX)
    ME_data_Clear_Cache                      0x08001875   Thumb Code    20  me3630.o(i.ME_data_Clear_Cache)
    MemManage_Handler                        0x08001891   Thumb Code     4  gd32f30x_it.o(i.MemManage_Handler)
    NMI_Handler                              0x08001895   Thumb Code     2  gd32f30x_it.o(i.NMI_Handler)
    PendSV_Handler                           0x080018c1   Thumb Code     2  gd32f30x_it.o(i.PendSV_Handler)
    Process_Socket_Data                      0x080018c5   Thumb Code    22  w5500.o(i.Process_Socket_Data)
    Read_SOCK_Data_Buffer                    0x080018e1   Thumb Code   296  w5500.o(i.Read_SOCK_Data_Buffer)
    Read_W5500_1Byte                         0x08001a11   Thumb Code    62  w5500.o(i.Read_W5500_1Byte)
    Read_W5500_SOCK_1Byte                    0x08001a59   Thumb Code    74  w5500.o(i.Read_W5500_SOCK_1Byte)
    Read_W5500_SOCK_2Byte                    0x08001aad   Thumb Code    98  w5500.o(i.Read_W5500_SOCK_2Byte)
    SPI1_Send_Byte                           0x08001b19   Thumb Code    50  w5500.o(i.SPI1_Send_Byte)
    SPI1_Send_Short                          0x08001b51   Thumb Code    28  w5500.o(i.SPI1_Send_Short)
    SVC_Handler                              0x08001b6d   Thumb Code     2  gd32f30x_it.o(i.SVC_Handler)
    Socket_Connect                           0x08001b6f   Thumb Code    64  w5500.o(i.Socket_Connect)
    Socket_Init                              0x08001bb1   Thumb Code   204  w5500.o(i.Socket_Init)
    Socket_Listen                            0x08001c9d   Thumb Code    90  w5500.o(i.Socket_Listen)
    Socket_UDP                               0x08001cf7   Thumb Code    54  w5500.o(i.Socket_UDP)
    SysTick_Handler                          0x08001d2d   Thumb Code     8  gd32f30x_it.o(i.SysTick_Handler)
    SystemInit                               0x08001d35   Thumb Code   100  system_gd32f30x.o(i.SystemInit)
    TIMER0_UP_TIMER9_IRQHandler              0x08001da5   Thumb Code   256  gd32f30x_it.o(i.TIMER0_UP_TIMER9_IRQHandler)
    UART3_IRQHandler                         0x08001eed   Thumb Code    74  gd32f30x_it.o(i.UART3_IRQHandler)
    USART1_IRQHandler                        0x08001f55   Thumb Code    68  gd32f30x_it.o(i.USART1_IRQHandler)
    USART2_IRQHandler                        0x08001fa9   Thumb Code    74  gd32f30x_it.o(i.USART2_IRQHandler)
    UsageFault_Handler                       0x08002011   Thumb Code     4  gd32f30x_it.o(i.UsageFault_Handler)
    W5500_GPIO_Configuration                 0x08002015   Thumb Code   128  w5500.o(i.W5500_GPIO_Configuration)
    W5500_Init                               0x0800209d   Thumb Code   104  w5500.o(i.W5500_Init)
    W5500_Initialization                     0x08002115   Thumb Code    48  w5500.o(i.W5500_Initialization)
    W5500_Interrupt_Process                  0x08002145   Thumb Code   156  w5500.o(i.W5500_Interrupt_Process)
    W5500_Socket_Set                         0x080021e9   Thumb Code   578  w5500.o(i.W5500_Socket_Set)
    WEB                                      0x0800245d   Thumb Code   454  w5500.o(i.WEB)
    Write_SOCK_Data_Buffer                   0x0800265d   Thumb Code   264  w5500.o(i.Write_SOCK_Data_Buffer)
    Write_W5500_1Byte                        0x08002771   Thumb Code    46  w5500.o(i.Write_W5500_1Byte)
    Write_W5500_2Byte                        0x080027a5   Thumb Code    46  w5500.o(i.Write_W5500_2Byte)
    Write_W5500_SOCK_1Byte                   0x080027d9   Thumb Code    58  w5500.o(i.Write_W5500_SOCK_1Byte)
    Write_W5500_SOCK_2Byte                   0x08002819   Thumb Code    58  w5500.o(i.Write_W5500_SOCK_2Byte)
    Write_W5500_SOCK_4Byte                   0x08002859   Thumb Code    84  w5500.o(i.Write_W5500_SOCK_4Byte)
    Write_W5500_nByte                        0x080028b1   Thumb Code    66  w5500.o(i.Write_W5500_nByte)
    __0printf                                0x080028f9   Thumb Code    22  printfa.o(i.__0printf)
    __1printf                                0x080028f9   Thumb Code     0  printfa.o(i.__0printf)
    __2printf                                0x080028f9   Thumb Code     0  printfa.o(i.__0printf)
    __c89printf                              0x080028f9   Thumb Code     0  printfa.o(i.__0printf)
    printf                                   0x080028f9   Thumb Code     0  printfa.o(i.__0printf)
    __0sprintf                               0x08002919   Thumb Code    34  printfa.o(i.__0sprintf)
    __1sprintf                               0x08002919   Thumb Code     0  printfa.o(i.__0sprintf)
    __2sprintf                               0x08002919   Thumb Code     0  printfa.o(i.__0sprintf)
    __c89sprintf                             0x08002919   Thumb Code     0  printfa.o(i.__0sprintf)
    sprintf                                  0x08002919   Thumb Code     0  printfa.o(i.__0sprintf)
    free                                     0x08002941   Thumb Code    88  mallocr.o(i.__free$realloc)
    __hardfp_fabs                            0x0800299d   Thumb Code    20  fabs.o(i.__hardfp_fabs)
    __hardfp_strtod                          0x080029b1   Thumb Code    30  strtod.o(i.__hardfp_strtod)
    malloc                                   0x080029d9   Thumb Code    64  mallocr.o(i.__malloc$realloc)
    __scatterload_copy                       0x08002a29   Thumb Code    14  handlers.o(i.__scatterload_copy)
    __scatterload_null                       0x08002a37   Thumb Code     2  handlers.o(i.__scatterload_null)
    __scatterload_zeroinit                   0x08002a39   Thumb Code    14  handlers.o(i.__scatterload_zeroinit)
    _is_digit                                0x08002bcd   Thumb Code    14  scanf_fp.o(i._is_digit)
    cJSON_AddItemToObject                    0x0800340d   Thumb Code    26  cjson.o(i.cJSON_AddItemToObject)
    cJSON_CreateNumber                       0x0800342d   Thumb Code   102  cjson.o(i.cJSON_CreateNumber)
    cJSON_CreateObject                       0x080034a9   Thumb Code    20  cjson.o(i.cJSON_CreateObject)
    cJSON_CreateString                       0x080034c1   Thumb Code    46  cjson.o(i.cJSON_CreateString)
    cJSON_Delete                             0x080034f5   Thumb Code    84  cjson.o(i.cJSON_Delete)
    cJSON_GetObjectItem                      0x0800354d   Thumb Code    18  cjson.o(i.cJSON_GetObjectItem)
    cJSON_InitHooks                          0x08003561   Thumb Code    82  cjson.o(i.cJSON_InitHooks)
    cJSON_IsInvalid                          0x080035c5   Thumb Code    20  cjson.o(i.cJSON_IsInvalid)
    cJSON_Parse                              0x080035f3   Thumb Code    16  cjson.o(i.cJSON_Parse)
    cJSON_ParseWithLengthOpts                0x08003605   Thumb Code   204  cjson.o(i.cJSON_ParseWithLengthOpts)
    cJSON_ParseWithOpts                      0x080036d9   Thumb Code    40  cjson.o(i.cJSON_ParseWithOpts)
    cJSON_Print                              0x08003701   Thumb Code    16  cjson.o(i.cJSON_Print)
    canshu_get_from_Json                     0x0800374d   Thumb Code    66  flash.o(i.canshu_get_from_Json)
    canshu_write_to_Jsonstr                  0x0800379d   Thumb Code   128  flash.o(i.canshu_write_to_Jsonstr)
    config_ans_get_from_Json                 0x08003949   Thumb Code    54  esp32.o(i.config_ans_get_from_Json)
    cpuidGetId                               0x0800398d   Thumb Code    58  main.o(i.cpuidGetId)
    delay_decrement                          0x080039dd   Thumb Code    18  systick.o(i.delay_decrement)
    esp32_config                             0x08003aad   Thumb Code    44  esp32.o(i.esp32_config)
    esp32_init                               0x08003add   Thumb Code   130  esp32.o(i.esp32_init)
    fmc_bank0_lock                           0x08003b69   Thumb Code    14  gd32f30x_fmc.o(i.fmc_bank0_lock)
    fmc_bank0_ready_wait                     0x08003b7d   Thumb Code    34  gd32f30x_fmc.o(i.fmc_bank0_ready_wait)
    fmc_bank0_state_get                      0x08003ba1   Thumb Code    44  gd32f30x_fmc.o(i.fmc_bank0_state_get)
    fmc_bank0_unlock                         0x08003bd1   Thumb Code    22  gd32f30x_fmc.o(i.fmc_bank0_unlock)
    fmc_bank1_ready_wait                     0x08003bf5   Thumb Code    34  gd32f30x_fmc.o(i.fmc_bank1_ready_wait)
    fmc_bank1_state_get                      0x08003c19   Thumb Code    44  gd32f30x_fmc.o(i.fmc_bank1_state_get)
    fmc_halfword_program                     0x08003c49   Thumb Code   178  gd32f30x_fmc.o(i.fmc_halfword_program)
    fmc_page_erase                           0x08003d09   Thumb Code   222  gd32f30x_fmc.o(i.fmc_page_erase)
    fputc                                    0x08003df5   Thumb Code    32  me3630.o(i.fputc)
    get_local_canshu                         0x08003e1d   Thumb Code    40  main.o(i.get_local_canshu)
    gpio_bit_reset                           0x08003ea3   Thumb Code     4  gd32f30x_gpio.o(i.gpio_bit_reset)
    gpio_bit_set                             0x08003ea7   Thumb Code     4  gd32f30x_gpio.o(i.gpio_bit_set)
    gpio_init                                0x08003eab   Thumb Code   188  gd32f30x_gpio.o(i.gpio_init)
    led_init                                 0x08003fb9   Thumb Code    24  bsp_led.o(i.led_init)
    main                                     0x08003fd5   Thumb Code   104  main.o(i.main)
    me3630_init                              0x08004045   Thumb Code   126  me3630.o(i.me3630_init)
    nvic_irq_enable                          0x080040cd   Thumb Code   186  gd32f30x_misc.o(i.nvic_irq_enable)
    nvic_priority_group_set                  0x08004191   Thumb Code    10  gd32f30x_misc.o(i.nvic_priority_group_set)
    rcu_clock_freq_get                       0x08004eed   Thumb Code   378  gd32f30x_rcu.o(i.rcu_clock_freq_get)
    rcu_periph_clock_enable                  0x0800508d   Thumb Code    28  gd32f30x_rcu.o(i.rcu_periph_clock_enable)
    rcu_periph_reset_disable                 0x080050ad   Thumb Code    28  gd32f30x_rcu.o(i.rcu_periph_reset_disable)
    rcu_periph_reset_enable                  0x080050cd   Thumb Code    28  gd32f30x_rcu.o(i.rcu_periph_reset_enable)
    read_from_flash                          0x080050ed   Thumb Code    16  flash.o(i.read_from_flash)
    realloc                                  0x08005101   Thumb Code   102  mallocr.o(i.realloc)
    spi_crc_polynomial_set                   0x080051a9   Thumb Code    12  gd32f30x_spi.o(i.spi_crc_polynomial_set)
    spi_enable                               0x080051b5   Thumb Code    10  gd32f30x_spi.o(i.spi_enable)
    spi_i2s_data_receive                     0x080051bf   Thumb Code     8  gd32f30x_spi.o(i.spi_i2s_data_receive)
    spi_i2s_data_transmit                    0x080051c7   Thumb Code     4  gd32f30x_spi.o(i.spi_i2s_data_transmit)
    spi_i2s_flag_get                         0x080051cb   Thumb Code    16  gd32f30x_spi.o(i.spi_i2s_flag_get)
    spi_init                                 0x080051db   Thumb Code    50  gd32f30x_spi.o(i.spi_init)
    str2str_TX                               0x0800520d   Thumb Code   114  me3630.o(i.str2str_TX)
    systick_config                           0x080053c5   Thumb Code    74  systick.o(i.systick_config)
    timer0_config                            0x08005415   Thumb Code    82  bsp_tim.o(i.timer0_config)
    timer_deinit                             0x0800546d   Thumb Code   374  gd32f30x_timer.o(i.timer_deinit)
    timer_enable                             0x080055f1   Thumb Code    10  gd32f30x_timer.o(i.timer_enable)
    timer_init                               0x080055fd   Thumb Code   122  gd32f30x_timer.o(i.timer_init)
    timer_interrupt_enable                   0x08005695   Thumb Code     8  gd32f30x_timer.o(i.timer_interrupt_enable)
    timer_interrupt_flag_clear               0x0800569d   Thumb Code     8  gd32f30x_timer.o(i.timer_interrupt_flag_clear)
    timer_interrupt_flag_get                 0x080056a5   Thumb Code    24  gd32f30x_timer.o(i.timer_interrupt_flag_get)
    uart2_deal                               0x080056bd   Thumb Code   172  esp32.o(i.uart2_deal)
    uart3_deal                               0x08005785   Thumb Code   118  bsp_uart.o(i.uart3_deal)
    uart_init                                0x08005811   Thumb Code   158  bsp_uart.o(i.uart_init)
    usart2_sendstr                           0x080058e1   Thumb Code    54  esp32.o(i.usart2_sendstr)
    usart_baudrate_set                       0x0800591d   Thumb Code   136  gd32f30x_usart.o(i.usart_baudrate_set)
    usart_data_receive                       0x080059ad   Thumb Code    10  gd32f30x_usart.o(i.usart_data_receive)
    usart_data_transmit                      0x080059b7   Thumb Code     8  gd32f30x_usart.o(i.usart_data_transmit)
    usart_deinit                             0x080059c1   Thumb Code   136  gd32f30x_usart.o(i.usart_deinit)
    usart_enable                             0x08005a51   Thumb Code    10  gd32f30x_usart.o(i.usart_enable)
    usart_flag_get                           0x08005a5b   Thumb Code    30  gd32f30x_usart.o(i.usart_flag_get)
    usart_interrupt_enable                   0x08005a79   Thumb Code    26  gd32f30x_usart.o(i.usart_interrupt_enable)
    usart_interrupt_flag_get                 0x08005a93   Thumb Code    56  gd32f30x_usart.o(i.usart_interrupt_flag_get)
    usart_parity_config                      0x08005acb   Thumb Code    16  gd32f30x_usart.o(i.usart_parity_config)
    usart_receive_config                     0x08005adb   Thumb Code    16  gd32f30x_usart.o(i.usart_receive_config)
    usart_stop_bit_set                       0x08005aeb   Thumb Code    16  gd32f30x_usart.o(i.usart_stop_bit_set)
    usart_transmit_config                    0x08005afb   Thumb Code    16  gd32f30x_usart.o(i.usart_transmit_config)
    usart_word_length_set                    0x08005b0b   Thumb Code    16  gd32f30x_usart.o(i.usart_word_length_set)
    work_led_off                             0x08005c49   Thumb Code    12  bsp_led.o(i.work_led_off)
    work_led_on                              0x08005c59   Thumb Code    12  bsp_led.o(i.work_led_on)
    work_led_toggle                          0x08005c69   Thumb Code    38  bsp_led.o(i.work_led_toggle)
    write_to_flash                           0x08005c95   Thumb Code    24  flash.o(i.write_to_flash)
    __ctype_categories                       0x08005cb0   Data          64  ctype_c.o(.constdata)
    Region$$Table$$Base                      0x08005cf0   Number         0  anon$$obj.o(Region$$Table)
    Region$$Table$$Limit                     0x08005d10   Number         0  anon$$obj.o(Region$$Table)
    default_canshu                           0x20000000   Data         100  main.o(.data)
    default_mode                             0x20000064   Data           1  main.o(.data)
    web_flag                                 0x20000065   Data           1  main.o(.data)
    work_led_flag                            0x20000066   Data           1  main.o(.data)
    net_flag                                 0x20000067   Data           1  main.o(.data)
    uart3_rx_done                            0x20000068   Data           1  gd32f30x_it.o(.data)
    uart3_rx_flag                            0x20000069   Data           1  gd32f30x_it.o(.data)
    uart3_rx_done_cnt                        0x2000006c   Data           4  gd32f30x_it.o(.data)
    usart2_rx_done_cnt                       0x20000070   Data           4  gd32f30x_it.o(.data)
    usart2_rx_done                           0x20000074   Data           1  gd32f30x_it.o(.data)
    usart2_rx_flag                           0x20000075   Data           1  gd32f30x_it.o(.data)
    time_1sec_buf                            0x20000078   Data           4  gd32f30x_it.o(.data)
    web_buf                                  0x2000007c   Data           4  gd32f30x_it.o(.data)
    me_buf                                   0x20000080   Data           4  gd32f30x_it.o(.data)
    esp32_config_cnt                         0x20000084   Data           4  gd32f30x_it.o(.data)
    SystemCoreClock                          0x2000008c   Data           4  system_gd32f30x.o(.data)
    Gateway_IP                               0x20000090   Data           4  w5500.o(.data)
    Sub_Mask                                 0x20000094   Data           4  w5500.o(.data)
    Phy_Addr                                 0x20000098   Data           6  w5500.o(.data)
    IP_Addr                                  0x2000009e   Data           4  w5500.o(.data)
    S0_Port                                  0x200000a2   Data           2  w5500.o(.data)
    S1_Port                                  0x200000a4   Data           2  w5500.o(.data)
    S2_Port                                  0x200000a6   Data           2  w5500.o(.data)
    S3_Port                                  0x200000a8   Data           2  w5500.o(.data)
    S4_Port                                  0x200000aa   Data           2  w5500.o(.data)
    S5_Port                                  0x200000ac   Data           2  w5500.o(.data)
    S6_Port                                  0x200000ae   Data           2  w5500.o(.data)
    S7_Port                                  0x200000b0   Data           2  w5500.o(.data)
    S0_DIP                                   0x200000b2   Data           4  w5500.o(.data)
    S1_DIP                                   0x200000b6   Data           4  w5500.o(.data)
    S2_DIP                                   0x200000ba   Data           4  w5500.o(.data)
    S3_DIP                                   0x200000be   Data           4  w5500.o(.data)
    S4_DIP                                   0x200000c2   Data           4  w5500.o(.data)
    S5_DIP                                   0x200000c6   Data           4  w5500.o(.data)
    S6_DIP                                   0x200000ca   Data           4  w5500.o(.data)
    S7_DIP                                   0x200000ce   Data           4  w5500.o(.data)
    S0_DPort                                 0x200000d2   Data           2  w5500.o(.data)
    S1_DPort                                 0x200000d4   Data           2  w5500.o(.data)
    S2_DPort                                 0x200000d6   Data           2  w5500.o(.data)
    S3_DPort                                 0x200000d8   Data           2  w5500.o(.data)
    S4_DPort                                 0x200000da   Data           2  w5500.o(.data)
    S5_DPort                                 0x200000dc   Data           2  w5500.o(.data)
    S6_DPort                                 0x200000de   Data           2  w5500.o(.data)
    S7_DPort                                 0x200000e0   Data           2  w5500.o(.data)
    UDP_DIPR                                 0x200000e2   Data           4  w5500.o(.data)
    UDP_DPORT                                0x200000e6   Data           2  w5500.o(.data)
    S0_Mode                                  0x200000e8   Data           1  w5500.o(.data)
    S1_Mode                                  0x200000e9   Data           1  w5500.o(.data)
    S2_Mode                                  0x200000ea   Data           1  w5500.o(.data)
    S3_Mode                                  0x200000eb   Data           1  w5500.o(.data)
    S4_Mode                                  0x200000ec   Data           1  w5500.o(.data)
    S5_Mode                                  0x200000ed   Data           1  w5500.o(.data)
    S6_Mode                                  0x200000ee   Data           1  w5500.o(.data)
    S7_Mode                                  0x200000ef   Data           1  w5500.o(.data)
    S0_State                                 0x200000f0   Data           1  w5500.o(.data)
    S1_State                                 0x200000f1   Data           1  w5500.o(.data)
    S2_State                                 0x200000f2   Data           1  w5500.o(.data)
    S3_State                                 0x200000f3   Data           1  w5500.o(.data)
    S4_State                                 0x200000f4   Data           1  w5500.o(.data)
    S5_State                                 0x200000f5   Data           1  w5500.o(.data)
    S6_State                                 0x200000f6   Data           1  w5500.o(.data)
    S7_State                                 0x200000f7   Data           1  w5500.o(.data)
    S0_Data                                  0x200000f8   Data           1  w5500.o(.data)
    S1_Data                                  0x200000f9   Data           1  w5500.o(.data)
    S2_Data                                  0x200000fa   Data           1  w5500.o(.data)
    S3_Data                                  0x200000fb   Data           1  w5500.o(.data)
    S4_Data                                  0x200000fc   Data           1  w5500.o(.data)
    S5_Data                                  0x200000fd   Data           1  w5500.o(.data)
    S6_Data                                  0x200000fe   Data           1  w5500.o(.data)
    S7_Data                                  0x200000ff   Data           1  w5500.o(.data)
    W5500_Interrupt                          0x20000100   Data           1  w5500.o(.data)
    Conmandn10                               0x20000101   Data          16  w5500.o(.data)
    Conmandn20                               0x20000111   Data           8  w5500.o(.data)
    Conmandn30                               0x20000119   Data           8  w5500.o(.data)
    Conmandn40                               0x20000121   Data           8  w5500.o(.data)
    Conmandn50                               0x20000129   Data           8  w5500.o(.data)
    Timer2_Counter                           0x20000134   Data           4  w5500.o(.data)
    W5500_Send_Delay_Counter                 0x20000138   Data           4  w5500.o(.data)
    ip_localAddr                             0x2000013c   Data           8  w5500.o(.data)
    uart3_rx_cnt                             0x20000146   Data           2  bsp_uart.o(.data)
    uart1_rx_cnt                             0x20000148   Data           2  me3630.o(.data)
    ME_INIT_FLAG                             0x2000014a   Data           1  me3630.o(.data)
    ME_SOCKET_CLOSE_FLAG                     0x2000014b   Data           1  me3630.o(.data)
    ME_SOCKET_CREAT_FLAG                     0x2000014c   Data           1  me3630.o(.data)
    ME_IMEI_SEARCH_FLAG                      0x2000014d   Data           1  me3630.o(.data)
    ME_TCP_CONNECT_FLAG                      0x2000014e   Data           1  me3630.o(.data)
    ME_TCP_TX_FLAG                           0x2000014f   Data           1  me3630.o(.data)
    ME_TCP_CLOCK                             0x20000150   Data           1  me3630.o(.data)
    debug_ME_flag                            0x20000151   Data           1  me3630.o(.data)
    ME_time                                  0x20000152   Data           1  me3630.o(.data)
    ME_time_flag                             0x20000153   Data           1  me3630.o(.data)
    connect_on_cnt                           0x20000154   Data           1  me3630.o(.data)
    ME_data_cnt                              0x20000156   Data           2  me3630.o(.data)
    connect_flag_temp                        0x20000159   Data           1  me3630.o(.data)
    mode                                     0x2000015c   Data           1  esp32.o(.data)
    UART2_RX_CNT                             0x2000015e   Data           2  esp32.o(.data)
    esp32_config_flag                        0x20000160   Data           1  esp32.o(.data)
    esp32_config_status                      0x20000161   Data           1  esp32.o(.data)
    __stdout                                 0x20000178   Data           4  stdout.o(.data)
    __microlib_freelist                      0x2000017c   Data           4  mvars.o(.data)
    __microlib_freelist_initialised          0x20000180   Data           4  mvars.o(.data)
    mcuID                                    0x20000184   Data          12  main.o(.bss)
    canshu                                   0x20000190   Data         300  main.o(.bss)
    Rx_Buffer                                0x200002bc   Data        2048  w5500.o(.bss)
    Tx_Buffer                                0x20000abc   Data        2048  w5500.o(.bss)
    Conmandn60                               0x200012bc   Data          16  w5500.o(.bss)
    Conmandn70                               0x200012cc   Data          16  w5500.o(.bss)
    Conmandn80                               0x200012dc   Data          16  w5500.o(.bss)
    Conmandn90                               0x200012ec   Data          16  w5500.o(.bss)
    WebArry                                  0x200012fc   Data        1024  w5500.o(.bss)
    analogArry                               0x200016fc   Data          32  w5500.o(.bss)
    UART3_RX_BUF                             0x2000171c   Data         100  bsp_uart.o(.bss)
    UART1_RX_BUF                             0x200017b4   Data         500  me3630.o(.bss)
    ME_tx_data                               0x200019a8   Data        1000  me3630.o(.bss)
    meioinfo                                 0x20001d90   Data         512  me3630.o(.bss)
    ME_data                                  0x20001f90   Data         500  me3630.o(.bss)
    rx_temp                                  0x20002184   Data         200  me3630.o(.bss)
    mesh_id                                  0x2000224c   Data          10  esp32.o(.bss)
    UART2_RX_BUF                             0x200022ba   Data         200  esp32.o(.bss)
    config_data                              0x20002382   Data         100  esp32.o(.bss)
    __heap_base                              0x200023e8   Data           0  startup_gd32f30x_cl.o(HEAP)
    __heap_limit                             0x2000ebe8   Data           0  startup_gd32f30x_cl.o(HEAP)
    __initial_sp                             0x2000ede8   Data           0  startup_gd32f30x_cl.o(STACK)



==============================================================================

Memory Map of the image

  Image Entry point : 0x08000151

  Load Region LR_IROM1 (Base: 0x08000000, Size: 0x00005e94, Max: 0x00080000, ABSOLUTE, COMPRESSED[0x00005d84])

    Execution Region ER_IROM1 (Exec base: 0x08000000, Load base: 0x08000000, Size: 0x00005d10, Max: 0x00080000, ABSOLUTE)

    Exec Addr    Load Addr    Size         Type   Attr      Idx    E Section Name        Object

    0x08000000   0x08000000   0x00000150   Data   RO         6220    RESET               startup_gd32f30x_cl.o
    0x08000150   0x08000150   0x00000000   Code   RO         6237  * .ARM.Collect$$$$00000000  mc_w.l(entry.o)
    0x08000150   0x08000150   0x00000004   Code   RO         6571    .ARM.Collect$$$$00000001  mc_w.l(entry2.o)
    0x08000154   0x08000154   0x00000004   Code   RO         6574    .ARM.Collect$$$$00000004  mc_w.l(entry5.o)
    0x08000158   0x08000158   0x00000000   Code   RO         6576    .ARM.Collect$$$$00000008  mc_w.l(entry7b.o)
    0x08000158   0x08000158   0x00000000   Code   RO         6578    .ARM.Collect$$$$0000000A  mc_w.l(entry8b.o)
    0x08000158   0x08000158   0x00000008   Code   RO         6579    .ARM.Collect$$$$0000000B  mc_w.l(entry9a.o)
    0x08000160   0x08000160   0x00000000   Code   RO         6581    .ARM.Collect$$$$0000000D  mc_w.l(entry10a.o)
    0x08000160   0x08000160   0x00000000   Code   RO         6583    .ARM.Collect$$$$0000000F  mc_w.l(entry11a.o)
    0x08000160   0x08000160   0x00000004   Code   RO         6572    .ARM.Collect$$$$00002712  mc_w.l(entry2.o)
    0x08000164   0x08000164   0x00000024   Code   RO         6221    .text               startup_gd32f30x_cl.o
    0x08000188   0x08000188   0x00000062   Code   RO         6240    .text               mc_w.l(uldiv.o)
    0x080001ea   0x080001ea   0x0000000c   Code   RO         6242    .text               mc_w.l(tolower.o)
    0x080001f6   0x080001f6   0x00000024   Code   RO         6244    .text               mc_w.l(memcpya.o)
    0x0800021a   0x0800021a   0x00000024   Code   RO         6246    .text               mc_w.l(memseta.o)
    0x0800023e   0x0800023e   0x00000024   Code   RO         6248    .text               mc_w.l(strstr.o)
    0x08000262   0x08000262   0x0000000e   Code   RO         6250    .text               mc_w.l(strlen.o)
    0x08000270   0x08000270   0x0000001c   Code   RO         6252    .text               mc_w.l(strcmp.o)
    0x0800028c   0x0800028c   0x00000012   Code   RO         6254    .text               mc_w.l(strcpy.o)
    0x0800029e   0x0800029e   0x0000001e   Code   RO         6256    .text               mc_w.l(strncmp.o)
    0x080002bc   0x080002bc   0x00000038   Code   RO         6549    .text               mc_w.l(__0sscanf.o)
    0x080002f4   0x080002f4   0x00000360   Code   RO         6551    .text               mc_w.l(scanf_fp.o)
    0x08000654   0x08000654   0x0000014e   Code   RO         6555    .text               mf_w.l(dadd.o)
    0x080007a2   0x080007a2   0x000000e4   Code   RO         6557    .text               mf_w.l(dmul.o)
    0x08000886   0x08000886   0x0000001a   Code   RO         6561    .text               mf_w.l(dfltui.o)
    0x080008a0   0x080008a0   0x0000003e   Code   RO         6563    .text               mf_w.l(dfixi.o)
    0x080008de   0x080008de   0x00000002   PAD
    0x080008e0   0x080008e0   0x00000030   Code   RO         6567    .text               mf_w.l(cdcmple.o)
    0x08000910   0x08000910   0x00000030   Code   RO         6569    .text               mf_w.l(cdrcmple.o)
    0x08000940   0x08000940   0x0000002c   Code   RO         6586    .text               mc_w.l(uidiv.o)
    0x0800096c   0x0800096c   0x0000001e   Code   RO         6588    .text               mc_w.l(llshl.o)
    0x0800098a   0x0800098a   0x00000020   Code   RO         6590    .text               mc_w.l(llushr.o)
    0x080009aa   0x080009aa   0x00000024   Code   RO         6592    .text               mc_w.l(llsshr.o)
    0x080009ce   0x080009ce   0x00000002   PAD
    0x080009d0   0x080009d0   0x00000028   Code   RO         6596    .text               mc_w.l(scanf_char.o)
    0x080009f8   0x080009f8   0x00000040   Code   RO         6598    .text               mc_w.l(_sgetc.o)
    0x08000a38   0x08000a38   0x0000009c   Code   RO         6600    .text               mc_w.l(strtod.o)
    0x08000ad4   0x08000ad4   0x00000000   Code   RO         6602    .text               mc_w.l(iusefp.o)
    0x08000ad4   0x08000ad4   0x000000ba   Code   RO         6603    .text               mf_w.l(depilogue.o)
    0x08000b8e   0x08000b8e   0x000000de   Code   RO         6605    .text               mf_w.l(ddiv.o)
    0x08000c6c   0x08000c6c   0x00000018   Code   RO         6607    .text               mf_w.l(dfltul.o)
    0x08000c84   0x08000c84   0x00000030   Code   RO         6609    .text               mf_w.l(dfixul.o)
    0x08000cb4   0x08000cb4   0x00000038   Code   RO         6611    .text               mf_w.l(d2f.o)
    0x08000cec   0x08000cec   0x00000024   Code   RO         6613    .text               mc_w.l(init.o)
    0x08000d10   0x08000d10   0x0000000a   Code   RO         6615    .text               mc_w.l(isspace_c.o)
    0x08000d1a   0x08000d1a   0x00000002   PAD
    0x08000d1c   0x08000d1c   0x0000032c   Code   RO         6617    .text               mc_w.l(_scanf.o)
    0x08001048   0x08001048   0x0000006e   Code   RO         6619    .text               mf_w.l(fepilogue.o)
    0x080010b6   0x080010b6   0x00000002   PAD
    0x080010b8   0x080010b8   0x00000028   Code   RO         6621    .text               mc_w.l(ctype_c.o)
    0x080010e0   0x080010e0   0x00000056   Code   RO         6632    .text               mc_w.l(__dczerorl2.o)
    0x08001136   0x08001136   0x00000004   Code   RO          192    i.BusFault_Handler  gd32f30x_it.o
    0x0800113a   0x0800113a   0x00000002   Code   RO          193    i.DebugMon_Handler  gd32f30x_it.o
    0x0800113c   0x0800113c   0x000000bc   Code   RO         5058    i.Detect_Gateway    w5500.o
    0x080011f8   0x080011f8   0x00000006   Code   RO         5487    i.FLASH_ReadHalfWord  flash.o
    0x080011fe   0x080011fe   0x00000022   Code   RO         5488    i.FLASH_ReadMoreData  flash.o
    0x08001220   0x08001220   0x00000058   Code   RO         5489    i.FLASH_WriteMoreData  flash.o
    0x08001278   0x08001278   0x00000004   Code   RO          194    i.HardFault_Handler  gd32f30x_it.o
    0x0800127c   0x0800127c   0x000001d4   Code   RO         5059    i.Load_Net_Parameters  w5500.o
    0x08001450   0x08001450   0x000001d0   Code   RO         5350    i.ME_Solve          me3630.o
    0x08001620   0x08001620   0x00000224   Code   RO         5351    i.ME_TCP_CONNECT    me3630.o
    0x08001844   0x08001844   0x00000030   Code   RO         5352    i.ME_TCP_TX         me3630.o
    0x08001874   0x08001874   0x0000001c   Code   RO         5353    i.ME_data_Clear_Cache  me3630.o
    0x08001890   0x08001890   0x00000004   Code   RO          195    i.MemManage_Handler  gd32f30x_it.o
    0x08001894   0x08001894   0x00000002   Code   RO          196    i.NMI_Handler       gd32f30x_it.o
    0x08001896   0x08001896   0x00000002   PAD
    0x08001898   0x08001898   0x00000028   Code   RO          354    i.NVIC_SetPriority  systick.o
    0x080018c0   0x080018c0   0x00000002   Code   RO          197    i.PendSV_Handler    gd32f30x_it.o
    0x080018c2   0x080018c2   0x00000002   PAD
    0x080018c4   0x080018c4   0x0000001c   Code   RO         5060    i.Process_Socket_Data  w5500.o
    0x080018e0   0x080018e0   0x00000130   Code   RO         5061    i.Read_SOCK_Data_Buffer  w5500.o
    0x08001a10   0x08001a10   0x00000048   Code   RO         5062    i.Read_W5500_1Byte  w5500.o
    0x08001a58   0x08001a58   0x00000054   Code   RO         5063    i.Read_W5500_SOCK_1Byte  w5500.o
    0x08001aac   0x08001aac   0x0000006c   Code   RO         5064    i.Read_W5500_SOCK_2Byte  w5500.o
    0x08001b18   0x08001b18   0x00000038   Code   RO         5065    i.SPI1_Send_Byte    w5500.o
    0x08001b50   0x08001b50   0x0000001c   Code   RO         5066    i.SPI1_Send_Short   w5500.o
    0x08001b6c   0x08001b6c   0x00000002   Code   RO          198    i.SVC_Handler       gd32f30x_it.o
    0x08001b6e   0x08001b6e   0x00000040   Code   RO         5067    i.Socket_Connect    w5500.o
    0x08001bae   0x08001bae   0x00000002   PAD
    0x08001bb0   0x08001bb0   0x000000ec   Code   RO         5068    i.Socket_Init       w5500.o
    0x08001c9c   0x08001c9c   0x0000005a   Code   RO         5069    i.Socket_Listen     w5500.o
    0x08001cf6   0x08001cf6   0x00000036   Code   RO         5070    i.Socket_UDP        w5500.o
    0x08001d2c   0x08001d2c   0x00000008   Code   RO          199    i.SysTick_Handler   gd32f30x_it.o
    0x08001d34   0x08001d34   0x00000070   Code   RO          398    i.SystemInit        system_gd32f30x.o
    0x08001da4   0x08001da4   0x00000148   Code   RO          200    i.TIMER0_UP_TIMER9_IRQHandler  gd32f30x_it.o
    0x08001eec   0x08001eec   0x00000068   Code   RO          201    i.UART3_IRQHandler  gd32f30x_it.o
    0x08001f54   0x08001f54   0x00000054   Code   RO          202    i.USART1_IRQHandler  gd32f30x_it.o
    0x08001fa8   0x08001fa8   0x00000068   Code   RO          203    i.USART2_IRQHandler  gd32f30x_it.o
    0x08002010   0x08002010   0x00000004   Code   RO          204    i.UsageFault_Handler  gd32f30x_it.o
    0x08002014   0x08002014   0x00000088   Code   RO         5071    i.W5500_GPIO_Configuration  w5500.o
    0x0800209c   0x0800209c   0x00000078   Code   RO         5072    i.W5500_Init        w5500.o
    0x08002114   0x08002114   0x00000030   Code   RO         5073    i.W5500_Initialization  w5500.o
    0x08002144   0x08002144   0x000000a4   Code   RO         5074    i.W5500_Interrupt_Process  w5500.o
    0x080021e8   0x080021e8   0x00000274   Code   RO         5075    i.W5500_Socket_Set  w5500.o
    0x0800245c   0x0800245c   0x00000200   Code   RO         5076    i.WEB               w5500.o
    0x0800265c   0x0800265c   0x00000114   Code   RO         5077    i.Write_SOCK_Data_Buffer  w5500.o
    0x08002770   0x08002770   0x00000034   Code   RO         5078    i.Write_W5500_1Byte  w5500.o
    0x080027a4   0x080027a4   0x00000034   Code   RO         5079    i.Write_W5500_2Byte  w5500.o
    0x080027d8   0x080027d8   0x00000040   Code   RO         5080    i.Write_W5500_SOCK_1Byte  w5500.o
    0x08002818   0x08002818   0x00000040   Code   RO         5081    i.Write_W5500_SOCK_2Byte  w5500.o
    0x08002858   0x08002858   0x00000058   Code   RO         5082    i.Write_W5500_SOCK_4Byte  w5500.o
    0x080028b0   0x080028b0   0x00000048   Code   RO         5083    i.Write_W5500_nByte  w5500.o
    0x080028f8   0x080028f8   0x00000020   Code   RO         6493    i.__0printf         mc_w.l(printfa.o)
    0x08002918   0x08002918   0x00000028   Code   RO         6495    i.__0sprintf        mc_w.l(printfa.o)
    0x08002940   0x08002940   0x0000005c   Code   RO         6525    i.__free$realloc    mc_w.l(mallocr.o)
    0x0800299c   0x0800299c   0x00000014   Code   RO         6225    i.__hardfp_fabs     m_wm.l(fabs.o)
    0x080029b0   0x080029b0   0x00000028   Code   RO         6231    i.__hardfp_strtod   m_wm.l(strtod.o)
    0x080029d8   0x080029d8   0x00000050   Code   RO         6526    i.__malloc$realloc  mc_w.l(mallocr.o)
    0x08002a28   0x08002a28   0x0000000e   Code   RO         6626    i.__scatterload_copy  mc_w.l(handlers.o)
    0x08002a36   0x08002a36   0x00000002   Code   RO         6627    i.__scatterload_null  mc_w.l(handlers.o)
    0x08002a38   0x08002a38   0x0000000e   Code   RO         6628    i.__scatterload_zeroinit  mc_w.l(handlers.o)
    0x08002a46   0x08002a46   0x00000002   PAD
    0x08002a48   0x08002a48   0x00000184   Code   RO         6500    i._fp_digits        mc_w.l(printfa.o)
    0x08002bcc   0x08002bcc   0x0000000e   Code   RO         6553    i._is_digit         mc_w.l(scanf_fp.o)
    0x08002bda   0x08002bda   0x00000002   PAD
    0x08002bdc   0x08002bdc   0x000006dc   Code   RO         6501    i._printf_core      mc_w.l(printfa.o)
    0x080032b8   0x080032b8   0x00000024   Code   RO         6502    i._printf_post_padding  mc_w.l(printfa.o)
    0x080032dc   0x080032dc   0x0000002e   Code   RO         6503    i._printf_pre_padding  mc_w.l(printfa.o)
    0x0800330a   0x0800330a   0x0000000a   Code   RO         6505    i._sputc            mc_w.l(printfa.o)
    0x08003314   0x08003314   0x00000036   Code   RO         5542    i.add_item_to_array  cjson.o
    0x0800334a   0x0800334a   0x0000007a   Code   RO         5543    i.add_item_to_object  cjson.o
    0x080033c4   0x080033c4   0x00000048   Code   RO         5544    i.buffer_skip_whitespace  cjson.o
    0x0800340c   0x0800340c   0x00000020   Code   RO         5551    i.cJSON_AddItemToObject  cjson.o
    0x0800342c   0x0800342c   0x0000007c   Code   RO         5568    i.cJSON_CreateNumber  cjson.o
    0x080034a8   0x080034a8   0x00000018   Code   RO         5569    i.cJSON_CreateObject  cjson.o
    0x080034c0   0x080034c0   0x00000034   Code   RO         5572    i.cJSON_CreateString  cjson.o
    0x080034f4   0x080034f4   0x00000058   Code   RO         5576    i.cJSON_Delete      cjson.o
    0x0800354c   0x0800354c   0x00000012   Code   RO         5589    i.cJSON_GetObjectItem  cjson.o
    0x0800355e   0x0800355e   0x00000002   PAD
    0x08003560   0x08003560   0x00000064   Code   RO         5593    i.cJSON_InitHooks   cjson.o
    0x080035c4   0x080035c4   0x00000014   Code   RO         5598    i.cJSON_IsInvalid   cjson.o
    0x080035d8   0x080035d8   0x0000001a   Code   RO         5606    i.cJSON_New_Item    cjson.o
    0x080035f2   0x080035f2   0x00000010   Code   RO         5607    i.cJSON_Parse       cjson.o
    0x08003602   0x08003602   0x00000002   PAD
    0x08003604   0x08003604   0x000000d4   Code   RO         5609    i.cJSON_ParseWithLengthOpts  cjson.o
    0x080036d8   0x080036d8   0x00000028   Code   RO         5610    i.cJSON_ParseWithOpts  cjson.o
    0x08003700   0x08003700   0x00000014   Code   RO         5611    i.cJSON_Print       cjson.o
    0x08003714   0x08003714   0x00000038   Code   RO         5624    i.cJSON_strdup      cjson.o
    0x0800374c   0x0800374c   0x00000050   Code   RO         5490    i.canshu_get_from_Json  flash.o
    0x0800379c   0x0800379c   0x00000098   Code   RO         5491    i.canshu_write_to_Jsonstr  flash.o
    0x08003834   0x08003834   0x00000048   Code   RO         5625    i.case_insensitive_strcmp  cjson.o
    0x0800387c   0x0800387c   0x00000002   Code   RO         5626    i.cast_away_const   cjson.o
    0x0800387e   0x0800387e   0x00000002   PAD
    0x08003880   0x08003880   0x000000c8   Code   RO         5627    i.compare_double    cjson.o
    0x08003948   0x08003948   0x00000044   Code   RO         5431    i.config_ans_get_from_Json  esp32.o
    0x0800398c   0x0800398c   0x00000050   Code   RO            3    i.cpuidGetId        main.o
    0x080039dc   0x080039dc   0x00000018   Code   RO          356    i.delay_decrement   systick.o
    0x080039f4   0x080039f4   0x000000b8   Code   RO         5629    i.ensure            cjson.o
    0x08003aac   0x08003aac   0x00000030   Code   RO         5432    i.esp32_config      esp32.o
    0x08003adc   0x08003adc   0x0000008c   Code   RO         5433    i.esp32_init        esp32.o
    0x08003b68   0x08003b68   0x00000014   Code   RO         2390    i.fmc_bank0_lock    gd32f30x_fmc.o
    0x08003b7c   0x08003b7c   0x00000022   Code   RO         2391    i.fmc_bank0_ready_wait  gd32f30x_fmc.o
    0x08003b9e   0x08003b9e   0x00000002   PAD
    0x08003ba0   0x08003ba0   0x00000030   Code   RO         2392    i.fmc_bank0_state_get  gd32f30x_fmc.o
    0x08003bd0   0x08003bd0   0x00000024   Code   RO         2393    i.fmc_bank0_unlock  gd32f30x_fmc.o
    0x08003bf4   0x08003bf4   0x00000022   Code   RO         2396    i.fmc_bank1_ready_wait  gd32f30x_fmc.o
    0x08003c16   0x08003c16   0x00000002   PAD
    0x08003c18   0x08003c18   0x00000030   Code   RO         2397    i.fmc_bank1_state_get  gd32f30x_fmc.o
    0x08003c48   0x08003c48   0x000000c0   Code   RO         2401    i.fmc_halfword_program  gd32f30x_fmc.o
    0x08003d08   0x08003d08   0x000000ec   Code   RO         2408    i.fmc_page_erase    gd32f30x_fmc.o
    0x08003df4   0x08003df4   0x00000024   Code   RO         5354    i.fputc             me3630.o
    0x08003e18   0x08003e18   0x00000004   Code   RO         5631    i.get_decimal_point  cjson.o
    0x08003e1c   0x08003e1c   0x00000034   Code   RO            4    i.get_local_canshu  main.o
    0x08003e50   0x08003e50   0x00000052   Code   RO         5632    i.get_object_item   cjson.o
    0x08003ea2   0x08003ea2   0x00000004   Code   RO         2664    i.gpio_bit_reset    gd32f30x_gpio.o
    0x08003ea6   0x08003ea6   0x00000004   Code   RO         2665    i.gpio_bit_set      gd32f30x_gpio.o
    0x08003eaa   0x08003eaa   0x000000bc   Code   RO         2675    i.gpio_init         gd32f30x_gpio.o
    0x08003f66   0x08003f66   0x00000002   PAD
    0x08003f68   0x08003f68   0x00000050   Code   RO         6527    i.internal_alloc    mc_w.l(mallocr.o)
    0x08003fb8   0x08003fb8   0x0000001c   Code   RO         5264    i.led_init          bsp_led.o
    0x08003fd4   0x08003fd4   0x00000070   Code   RO            5    i.main              main.o
    0x08004044   0x08004044   0x00000088   Code   RO         5355    i.me3630_init       me3630.o
    0x080040cc   0x080040cc   0x000000c4   Code   RO         2992    i.nvic_irq_enable   gd32f30x_misc.o
    0x08004190   0x08004190   0x00000014   Code   RO         2993    i.nvic_priority_group_set  gd32f30x_misc.o
    0x080041a4   0x080041a4   0x000000f8   Code   RO         5634    i.parse_array       cjson.o
    0x0800429c   0x0800429c   0x0000005a   Code   RO         5635    i.parse_hex4        cjson.o
    0x080042f6   0x080042f6   0x00000002   PAD
    0x080042f8   0x080042f8   0x00000154   Code   RO         5636    i.parse_number      cjson.o
    0x0800444c   0x0800444c   0x0000013e   Code   RO         5637    i.parse_object      cjson.o
    0x0800458a   0x0800458a   0x0000018c   Code   RO         5638    i.parse_string      cjson.o
    0x08004716   0x08004716   0x00000002   PAD
    0x08004718   0x08004718   0x0000013c   Code   RO         5639    i.parse_value       cjson.o
    0x08004854   0x08004854   0x000000b2   Code   RO         5640    i.print             cjson.o
    0x08004906   0x08004906   0x000000b2   Code   RO         5641    i.print_array       cjson.o
    0x080049b8   0x080049b8   0x00000138   Code   RO         5642    i.print_number      cjson.o
    0x08004af0   0x08004af0   0x00000174   Code   RO         5643    i.print_object      cjson.o
    0x08004c64   0x08004c64   0x00000010   Code   RO         5644    i.print_string      cjson.o
    0x08004c74   0x08004c74   0x00000174   Code   RO         5645    i.print_string_ptr  cjson.o
    0x08004de8   0x08004de8   0x00000104   Code   RO         5646    i.print_value       cjson.o
    0x08004eec   0x08004eec   0x000001a0   Code   RO         3190    i.rcu_clock_freq_get  gd32f30x_rcu.o
    0x0800508c   0x0800508c   0x00000020   Code   RO         3210    i.rcu_periph_clock_enable  gd32f30x_rcu.o
    0x080050ac   0x080050ac   0x00000020   Code   RO         3213    i.rcu_periph_reset_disable  gd32f30x_rcu.o
    0x080050cc   0x080050cc   0x00000020   Code   RO         3214    i.rcu_periph_reset_enable  gd32f30x_rcu.o
    0x080050ec   0x080050ec   0x00000014   Code   RO         5492    i.read_from_flash   flash.o
    0x08005100   0x08005100   0x0000006c   Code   RO         6528    i.realloc           mc_w.l(mallocr.o)
    0x0800516c   0x0800516c   0x0000003c   Code   RO         5650    i.skip_utf8_bom     cjson.o
    0x080051a8   0x080051a8   0x0000000c   Code   RO         3858    i.spi_crc_polynomial_set  gd32f30x_spi.o
    0x080051b4   0x080051b4   0x0000000a   Code   RO         3862    i.spi_enable        gd32f30x_spi.o
    0x080051be   0x080051be   0x00000008   Code   RO         3864    i.spi_i2s_data_receive  gd32f30x_spi.o
    0x080051c6   0x080051c6   0x00000004   Code   RO         3865    i.spi_i2s_data_transmit  gd32f30x_spi.o
    0x080051ca   0x080051ca   0x00000010   Code   RO         3867    i.spi_i2s_flag_get  gd32f30x_spi.o
    0x080051da   0x080051da   0x00000032   Code   RO         3871    i.spi_init          gd32f30x_spi.o
    0x0800520c   0x0800520c   0x00000072   Code   RO         5357    i.str2str_TX        me3630.o
    0x0800527e   0x0800527e   0x00000006   Code   RO         5651    i.suffix_object     cjson.o
    0x08005284   0x08005284   0x00000138   Code   RO          399    i.system_clock_120m_hxtal  system_gd32f30x.o
    0x080053bc   0x080053bc   0x00000008   Code   RO          400    i.system_clock_config  system_gd32f30x.o
    0x080053c4   0x080053c4   0x00000050   Code   RO          357    i.systick_config    systick.o
    0x08005414   0x08005414   0x00000058   Code   RO         5240    i.timer0_config     bsp_tim.o
    0x0800546c   0x0800546c   0x00000184   Code   RO         4126    i.timer_deinit      gd32f30x_timer.o
    0x080055f0   0x080055f0   0x0000000a   Code   RO         4131    i.timer_enable      gd32f30x_timer.o
    0x080055fa   0x080055fa   0x00000002   PAD
    0x080055fc   0x080055fc   0x00000098   Code   RO         4141    i.timer_init        gd32f30x_timer.o
    0x08005694   0x08005694   0x00000008   Code   RO         4148    i.timer_interrupt_enable  gd32f30x_timer.o
    0x0800569c   0x0800569c   0x00000008   Code   RO         4149    i.timer_interrupt_flag_clear  gd32f30x_timer.o
    0x080056a4   0x080056a4   0x00000018   Code   RO         4150    i.timer_interrupt_flag_get  gd32f30x_timer.o
    0x080056bc   0x080056bc   0x000000c8   Code   RO         5434    i.uart2_deal        esp32.o
    0x08005784   0x08005784   0x0000008c   Code   RO         5303    i.uart3_deal        bsp_uart.o
    0x08005810   0x08005810   0x000000ac   Code   RO         5305    i.uart_init         bsp_uart.o
    0x080058bc   0x080058bc   0x00000024   Code   RO         5652    i.update_offset     cjson.o
    0x080058e0   0x080058e0   0x0000003c   Code   RO         5435    i.usart2_sendstr    esp32.o
    0x0800591c   0x0800591c   0x00000090   Code   RO         4536    i.usart_baudrate_set  gd32f30x_usart.o
    0x080059ac   0x080059ac   0x0000000a   Code   RO         4539    i.usart_data_receive  gd32f30x_usart.o
    0x080059b6   0x080059b6   0x00000008   Code   RO         4540    i.usart_data_transmit  gd32f30x_usart.o
    0x080059be   0x080059be   0x00000002   PAD
    0x080059c0   0x080059c0   0x00000090   Code   RO         4541    i.usart_deinit      gd32f30x_usart.o
    0x08005a50   0x08005a50   0x0000000a   Code   RO         4545    i.usart_enable      gd32f30x_usart.o
    0x08005a5a   0x08005a5a   0x0000001e   Code   RO         4547    i.usart_flag_get    gd32f30x_usart.o
    0x08005a78   0x08005a78   0x0000001a   Code   RO         4554    i.usart_interrupt_enable  gd32f30x_usart.o
    0x08005a92   0x08005a92   0x00000038   Code   RO         4556    i.usart_interrupt_flag_get  gd32f30x_usart.o
    0x08005aca   0x08005aca   0x00000010   Code   RO         4567    i.usart_parity_config  gd32f30x_usart.o
    0x08005ada   0x08005ada   0x00000010   Code   RO         4569    i.usart_receive_config  gd32f30x_usart.o
    0x08005aea   0x08005aea   0x00000010   Code   RO         4579    i.usart_stop_bit_set  gd32f30x_usart.o
    0x08005afa   0x08005afa   0x00000010   Code   RO         4583    i.usart_transmit_config  gd32f30x_usart.o
    0x08005b0a   0x08005b0a   0x00000010   Code   RO         4584    i.usart_word_length_set  gd32f30x_usart.o
    0x08005b1a   0x08005b1a   0x0000012c   Code   RO         5653    i.utf16_literal_to_utf8  cjson.o
    0x08005c46   0x08005c46   0x00000002   PAD
    0x08005c48   0x08005c48   0x00000010   Code   RO         5265    i.work_led_off      bsp_led.o
    0x08005c58   0x08005c58   0x00000010   Code   RO         5266    i.work_led_on       bsp_led.o
    0x08005c68   0x08005c68   0x0000002c   Code   RO         5267    i.work_led_toggle   bsp_led.o
    0x08005c94   0x08005c94   0x0000001c   Code   RO         5493    i.write_to_flash    flash.o
    0x08005cb0   0x08005cb0   0x00000040   Data   RO         6622    .constdata          mc_w.l(ctype_c.o)
    0x08005cf0   0x08005cf0   0x00000020   Data   RO         6624    Region$$Table       anon$$obj.o


    Execution Region RW_IRAM1 (Exec base: 0x20000000, Load base: 0x08005d10, Size: 0x0000ede8, Max: 0x00018000, ABSOLUTE, COMPRESSED[0x00000074])

    Exec Addr    Load Addr    Size         Type   Attr      Idx    E Section Name        Object

    0x20000000   COMPRESSED   0x00000068   Data   RW            7    .data               main.o
    0x20000068   COMPRESSED   0x00000020   Data   RW          205    .data               gd32f30x_it.o
    0x20000088   COMPRESSED   0x00000004   Data   RW          358    .data               systick.o
    0x2000008c   COMPRESSED   0x00000004   Data   RW          401    .data               system_gd32f30x.o
    0x20000090   COMPRESSED   0x000000b4   Data   RW         5085    .data               w5500.o
    0x20000144   COMPRESSED   0x00000001   Data   RW         5268    .data               bsp_led.o
    0x20000145   COMPRESSED   0x00000001   PAD
    0x20000146   COMPRESSED   0x00000002   Data   RW         5307    .data               bsp_uart.o
    0x20000148   COMPRESSED   0x00000014   Data   RW         5360    .data               me3630.o
    0x2000015c   COMPRESSED   0x00000006   Data   RW         5437    .data               esp32.o
    0x20000162   COMPRESSED   0x00000002   PAD
    0x20000164   COMPRESSED   0x00000014   Data   RW         5655    .data               cjson.o
    0x20000178   COMPRESSED   0x00000004   Data   RW         6585    .data               mc_w.l(stdout.o)
    0x2000017c   COMPRESSED   0x00000004   Data   RW         6594    .data               mc_w.l(mvars.o)
    0x20000180   COMPRESSED   0x00000004   Data   RW         6595    .data               mc_w.l(mvars.o)
    0x20000184        -       0x00000138   Zero   RW            6    .bss                main.o
    0x200002bc        -       0x00001460   Zero   RW         5084    .bss                w5500.o
    0x2000171c        -       0x00000096   Zero   RW         5306    .bss                bsp_uart.o
    0x200017b2   COMPRESSED   0x00000002   PAD
    0x200017b4        -       0x00000a98   Zero   RW         5359    .bss                me3630.o
    0x2000224c        -       0x0000019a   Zero   RW         5436    .bss                esp32.o
    0x200023e6   COMPRESSED   0x00000002   PAD
    0x200023e8        -       0x0000c800   Zero   RW         6219    HEAP                startup_gd32f30x_cl.o
    0x2000ebe8        -       0x00000200   Zero   RW         6218    STACK               startup_gd32f30x_cl.o


==============================================================================

Image component sizes


      Code (inc. data)   RO Data    RW Data    ZI Data      Debug   Object Name

       104         18          0          1          0       2086   bsp_led.o
        88          6          0          0          0       1848   bsp_tim.o
       312         36          0          2        150       3727   bsp_uart.o
      5418        220          0         20          0      40569   cjson.o
       516         62          0          6        410       4311   esp32.o
       408         46          0          0          0       5470   flash.o
       648         56          0          0          0       6042   gd32f30x_fmc.o
       196          0          0          0          0       2404   gd32f30x_gpio.o
       652        148          0         32          0      65806   gd32f30x_it.o
       216         20          0          0          0       1676   gd32f30x_misc.o
       512         50          0          0          0       3580   gd32f30x_rcu.o
       100          0          0          0          0       5143   gd32f30x_spi.o
       590         44          0          0          0       5148   gd32f30x_timer.o
       508         16          0          0          0       9909   gd32f30x_usart.o
       244         42          0        104        312      12004   main.o
      1374        406          0         20       2712       6942   me3630.o
        36          8        336          0      51712        972   startup_gd32f30x_cl.o
       432         36          0          4          0       3107   system_gd32f30x.o
       144         20          0          4          0      28782   systick.o
      4056        404          0        180       5216      25389   w5500.o

    ----------------------------------------------------------------------
     16582       1638        368        376      60516     234915   Object Totals
         0          0         32          0          0          0   (incl. Generated)
        28          0          0          3          4          0   (incl. Padding)

    ----------------------------------------------------------------------

      Code (inc. data)   RO Data    RW Data    ZI Data      Debug   Library Member Name

        20          0          0          0          0        124   fabs.o
        40         10          0          0          0        128   strtod.o
        56          8          0          0          0         84   __0sscanf.o
        86          0          0          0          0          0   __dczerorl2.o
       812          4          0          0          0        112   _scanf.o
        64          0          0          0          0         84   _sgetc.o
        40          6         64          0          0         68   ctype_c.o
         0          0          0          0          0          0   entry.o
         0          0          0          0          0          0   entry10a.o
         0          0          0          0          0          0   entry11a.o
         8          4          0          0          0          0   entry2.o
         4          0          0          0          0          0   entry5.o
         0          0          0          0          0          0   entry7b.o
         0          0          0          0          0          0   entry8b.o
         8          4          0          0          0          0   entry9a.o
        30          0          0          0          0          0   handlers.o
        36          8          0          0          0         68   init.o
        10          0          0          0          0         68   isspace_c.o
         0          0          0          0          0          0   iusefp.o
        30          0          0          0          0         68   llshl.o
        36          0          0          0          0         68   llsshr.o
        32          0          0          0          0         68   llushr.o
       360         30          0          0          0        356   mallocr.o
        36          0          0          0          0         68   memcpya.o
        36          0          0          0          0        108   memseta.o
         0          0          0          8          0          0   mvars.o
      2308         96          0          0          0        604   printfa.o
        40          8          0          0          0         84   scanf_char.o
       878         12          0          0          0        216   scanf_fp.o
         0          0          0          4          0          0   stdout.o
        28          0          0          0          0         76   strcmp.o
        18          0          0          0          0         68   strcpy.o
        14          0          0          0          0         68   strlen.o
        30          0          0          0          0         80   strncmp.o
        36          0          0          0          0         80   strstr.o
       156         12          0          0          0        120   strtod.o
        12          0          0          0          0         68   tolower.o
        44          0          0          0          0         80   uidiv.o
        98          0          0          0          0         92   uldiv.o
        48          0          0          0          0         68   cdcmple.o
        48          0          0          0          0         68   cdrcmple.o
        56          0          0          0          0         88   d2f.o
       334          0          0          0          0        148   dadd.o
       222          0          0          0          0        100   ddiv.o
       186          0          0          0          0        176   depilogue.o
        62          0          0          0          0         80   dfixi.o
        48          0          0          0          0         68   dfixul.o
        26          0          0          0          0         76   dfltui.o
        24          0          0          0          0         76   dfltul.o
       228          0          0          0          0         96   dmul.o
       110          0          0          0          0        168   fepilogue.o

    ----------------------------------------------------------------------
      6810        202         64         12          0       4320   Library Totals
        12          0          0          0          0          0   (incl. Padding)

    ----------------------------------------------------------------------

      Code (inc. data)   RO Data    RW Data    ZI Data      Debug   Library Name

        60         10          0          0          0        252   m_wm.l
      5346        192         64         12          0       2856   mc_w.l
      1392          0          0          0          0       1212   mf_w.l

    ----------------------------------------------------------------------
      6810        202         64         12          0       4320   Library Totals

    ----------------------------------------------------------------------

==============================================================================


      Code (inc. data)   RO Data    RW Data    ZI Data      Debug   

     23392       1840        432        388      60516     221983   Grand Totals
     23392       1840        432        116      60516     221983   ELF Image Totals (compressed)
     23392       1840        432        116          0          0   ROM Totals

==============================================================================

    Total RO  Size (Code + RO Data)                23824 (  23.27kB)
    Total RW  Size (RW Data + ZI Data)             60904 (  59.48kB)
    Total ROM Size (Code + RO Data + RW Data)      23940 (  23.38kB)

==============================================================================

